al ar az ca co ct dc de fl ga hi ia id il in ks ky la ma md me mi mn mo ms mt nc nd ne nh nj nm nv ny oh ok or pa ri sc sd tn tx ut va vt wa wi wv wy va
------------------------------------------------------------
 * S Branch Chopawamsic Creek => 01660000, 01660000
 * N F Holston River => 03488000, 03488000
 * Hyco River => 02077500, 02077500
 * Catoctin Creek => 01638480, 01638480
 * S F Catoctin Creek => 01638350, 01638350
 * Pedlar River => 02024915, 02024915
 * S F Quantico Creek => 01658500, 01658500
 * Dead Run => 01646305, 01646305
 * Rivanna River => 02034000, 02034000
 * Tye River => 02027000, 02027000
 * Gooney Run => 01630700, 01630700
 * Cedar Run => 01656000, 01656000
 * Dragon Swamp => 01669520, 01669520
 * Meherrin River => 02051500, 02051500, 02052000, 02052000
 * N F Shenandoah River => 01632000, 01632000, 01633000, 01633000, 01634000, 01634000
 * South Mayo River => 02069700, 02069700
 * Johns Creek => 02017500, 02017500
 * Dan River => 02075045, 02075045, 02075500, 02075500
 * Bullpasture River => 02015700, 02015700
 * Pamunkey River => 01673000, 01673000
 * Roanoke Staunton River => 02062500, 02062500, 02066000, 02066000
 * Beaver Creek => 03478400, 03478400
 * N F Goose Creek => 01643805, 01643805
 * Buffalo Creek => 02039000, 02039000
 * Philpott Res => 02071900
 * Holiday Creek => 02038850, 02038850
 * Nottoway River => 02044500, 02044500, 02045500, 02045500, 02047000, 02047000
 * S F Roanoke River => 02053800, 02053800
 * Cowpasture River => 02016000, 02016000
 * Dunlap Creek => 02013000, 02013000
 * Opequon Creek => 01614830, 01614830, 01615000, 01615000, 01616500, 01616500
 * Allen Creek => 02079640, 02079640
 * Walker Creek => 03173000, 03173000
 * Hazel River => 01663500, 01663500
 * Cohoke Mill Creek => 01673638, 01673638
 * Aquia Creek => 01660400, 01660400
 * South Anna River => 01672500, 01672500
 * North River => 01620500, 01620500, 01622000, 01622000
 * S F Holston River => 03471500, 03471500, 03473000, 03473000
 * Po River => 01673800, 01673800
 * M Branch Chopawamsic Creek => 01659500, 01659500
 * Middle River => 01625000, 01625000
 * Slate River => 02030500, 02030500
 * Piney Run => 01636690, 01636690
 * Robinson River => 01666500, 01666500
 * Pigg River => 02058400, 02058400
 * Spout Run => 01636316, 01636316
 * Island Creek Reservoir => 02079241
 * Clinch River => 03524000, 03524000, 03527000, 03527000
 * North Mayo River => 02070000, 02070000
 * Flatlick Branch => 01656903, 01656903
 * Roanoke River => 02054500, 02054500, 02054530, 02054530, 02055000, 02055000, 02056000, 02056000, 02060500, 02060500, 02079500
 * Limestone Branch => 01643590, 01643590
 * Battle Run => 01662800, 01662800
 * Falling River => 02064000, 02064000
 * Back Creek => 02011460, 02011460, 02011470, 02011470, 02011500, 02011500, 02056650, 02056650
 * Piney River => 02027500, 02027500
 * Big Otter River => 02061500, 02061500, 02061000, 02061000
 * Passage Creek => 01635500, 01635500
 * Cameron Run => 01653000, 01653000
 * Smith Creek => 01632900, 01632900
 * N Branch Chopawamsic Creek => 01659000, 01659000
 * Totopotomoy Creek => 01673550, 01673550
 * Banister River => 02077000, 02077000
 * Broad Run => 01644280, 01644280
 * N F Rivanna River => 02032640, 02032640
 * Catawba Creek => 02018500, 02018500
 * Chickahominy River => 02042500, 02042500
 * Bluestone River => 03177710, 03177710
 * M F Holston River => 03474000, 03474000, 03475000, 03475000
 * Blackwater River => 02047500, 02047500, 02049500, 02049500, 02056900, 02056900
 * Cranes Nest River => 03208950, 03208950
 * Goose Creek => 01643700, 01643700, 01644000, 01644000, 02059500, 02059500, 02059485, 02059485
 * Fourmile Run => 01652500, 01652500, 01652545
 * Piscataway Creek => 01669000, 01669000
 * Potomac River => 0165258890
 * South Fork Little Difficult Run => 01645762, 01645762
 * Russell Fork => 03208500, 03208500
 * James River => 02016500, 02016500, 02019500, 02019500, 02024750, 02025500, 02025500, 02026000, 02026000, 02029000, 02029000, 02035000, 02035000, 02037500, 02037500, 02037705, 02024752, 02024752
 * Rockfish River => 02028500, 02028500
 * North Anna River => 01671020, 01671020, 01671025, 01671025, 01670400, 01670400
 * Cedar Creek => 01634500, 01634500, 01635090, 01635090
 * Deep Creek => 02041000, 02041000
 * Calfpasture River => 02020500, 02020500
 * John H Kerr Reservoir => 02079490
 * Tinker Creek => 02055100, 02055100
 * Appomattox River => 02039500, 02039500, 02040000, 02040000, 02041650, 02041650
 * Levisa Fork => 03207800, 03207800
 * Manassas Run => 0163626650, 0163626650
 * Maury River => 02021500, 02021500, 02024000, 02024000
 * Potts Creek => 02014000, 02014000
 * Muddy Creek => 01621050, 01621050
 * Mechums River => 02031000, 02031000
 * Wolf Creek => 03175500, 03175500
 * Smith River => 02071530, 02071530, 02072000, 02072000, 02072500, 02072500, 02073000, 02073000
 * Stony Creek => 02046000, 02046000
 * Hogue Creek => 01613900, 01613900
 * Rapidan River => 01665500, 01665500, 01667500, 01667500
 * North Meherrin River => 02051000, 02051000
 * Dry Marsh Run => 01616100, 01616100
 * Moormans River => 02032250, 02032250
 * Beaverdam Creek => 01643880, 01643880
 * Difficult Run => 01646000, 01646000, 01645704, 01645704
 * Accotink Creek => 01654000, 01654000
 * Craig Creek => 02018000, 02018000
 * Sandy River => 02074500, 02074500
 * Chestnut Creek => 03165000, 03165000
 * S F Shenandoah River => 01628500, 01628500, 01629500, 01629500, 01631000, 01631000
 * New River => 03164000, 03164000, 03165500, 03165500, 03168000, 03168000, 03171000, 03171000, 03176500, 03176500
 * Little River => 01671100, 01671100, 03170000, 03170000
 * Rappahannock River => 01664000, 01664000, 01668000, 01668000
 * Little Back Creek => 02011490, 02011490
 * South River => 01626000, 01626000, 01626850, 01626850, 01627500, 01627500
 * N F Catoctin Creek => 01638420, 01638420
 * Linville Creek => 01632082, 01632082
 * Cub Creek => 02065500, 02065500
 * Fay Spring => 01616075, 01616075
 * Powell River => 03529500, 03529500, 03531500, 03531500
 * Hardware River => 02030000, 02030000
 * Kerrs Creek => 02022500, 02022500
 * Pound River => 03209000, 03209000
 * James River And Kanawha Canal => 02037000, 02037000
 * Jackson River => 02011400, 02011400, 02011800, 02011800, 02013100, 02013100
 * Reed Creek => 03167000, 03167000
 * Little River Reservoir => 03170500
 * Fine Creek => 02036500, 02036500
 * Mattaponi River => 01674000, 01674000, 01674500, 01674500
 * Crooked Run => 01636242, 01636242
ny
------------------------------------------------------------
 * Kinderhook Creek => 01361000
 * St Regis River => 04269000, 04269000
 * Irondequoit Creek => 04232034, 04232034, 0423205010, 0423205010
 * Cattaraugus Creek => 04213500, 04213500
 * Mettawee River => 04280450, 04280450
 * Coulter Brook => 01422389, 01422389
 * Canandaigua Outlet => 04235000, 04235000
 * Black Creek => 04231000, 04231000
 * Walloomsac River => 01334000, 01334000
 * Independence River => 04256000, 04256000
 * Harbor Bk => 04240105, 04240105
 * Sugarloaf Brook South Of Tannersville Ny => 01349541, 01349541
 * Alley Creek => 01302050, 01302050
 * Trout Creek => 0142400103, 0142400103
 * Ramapo River => 01387500, 01387500, 01387400, 01387400, 01387420, 01387420
 * East Branch Neversink River => 01434017, 01434017
 * Cazenovia Creek => 04215500, 04215500
 * West Branch Oswegatchie River => 04262500, 04262500
 * East Branch Delaware River => 01413088, 01413088, 01413500, 01413500, 01417500, 01417500, 01421000, 01421000, 01417000, 01417000
 * Owego Creek => 01514000
 * Stony Clove Creek => 01362370, 01362370
 * Putnam Creek East Of Crown Point Center Ny => 04276842, 04276842
 * Little Salmon River => 04270200, 04270200
 * W Branch St Regis River => 04268800, 04268800
 * Schoharie Creek => 01349705, 01349705, 01350000, 01350000, 01350101, 01350101, 01350180, 01350180, 01350355, 01350355, 01351500, 01351500
 * Buffalo Creek => 04214500, 04214500
 * Hutchinson River => 01301500, 01301500
 * Tuscarora Creek => 01525981, 01525981
 * Tenmile River => 01200000, 01200000
 * Great Chazy River => 04271500, 04271500
 * Esopus Creek => 01362200, 01362200, 01362500, 01362500, 01364500, 01364500
 * East Kill => 01349700, 01349700
 * Glowegee Creek => 01330000, 01330000
 * Ellicott Creek => 04218518, 04218518
 * Bouquet River => 04276500, 04276500
 * Raquette River => 04266500, 04266500
 * Onondaga Lake Outlet => 04240503, 04240503
 * Beaver Kill => 01420500, 01420500
 * Mahwah River => 01387450, 01387450
 * Oatka Creek => 04230380, 04230380, 04230500, 04230500
 * Seneca River Us Onondaga Outlet => 04237555, 04237555
 * Papakating Creek => 01367800, 01367800
 * Allen Creek => 04232050, 04232050
 * Connetquot Bk => 01306460, 01306460
 * Terry Clove Kill => 01415460
 * Massapequa Creek => 01309500, 01309500
 * Black River => 04252500, 04252500, 04260500, 04260500
 * Little Beaver Kill  Beechford => 01362497, 01362497
 * Kisco River => 01374987, 01374987
 * Dry Brook => 01413408, 01413408
 * Croton River  New Croton Dam => 01375000, 01375000
 * Manor Kill => 01350080, 01350080
 * Salmon Creek => 0423401815, 0423401815
 * E Branch Ausable River => 04275000
 * Canajoharie Creek => 01349150, 01349150
 * Tonawanda Creek => 04217000, 04217000, 04218000, 04218000
 * Ley Creek => 04240120, 04240120
 * Onondaga Creek => 04237962, 04239000, 04239000, 04240010, 04240010
 * Little Delaware River => 01422500, 01422500
 * Genesee River => 04221000, 04221000, 04223000, 04223000, 04227500, 04228500, 04228500, 04231600, 04231600
 * Stone Hill River South Of Katonah Ny => 01374918, 01374918
 * Diversion From Schoharie Reservoir Ny => 01362230, 01362230
 * Town Brook Southeast Of Hobart Ny => 01421618, 01421618
 * Sacandaga River => 01321000, 01321000, 01325000, 01325000
 * West Canada Creek => 01343060, 01343060, 01346000, 01346000
 * Ouleout Creek => 01500000, 01500000
 * Toad Hollow Brook => 01350032, 01350032
 * Hollow Tree Brook => 01362342, 01362342
 * Oswegatchie River => 04263000, 04263000
 * Town Brook Tributary Southeast Of Hobart Ny => 01421614, 01421614
 * Biscuit Bk => 01434025, 01434025
 * Seneca River => 04237500, 04237500, 04232730, 04232730
 * Tioga River => 01520500, 01526500, 01526500
 * Oquaga Creek => 01426000, 01426000
 * Indian River => 01315000, 01315000, 01315081
 * Ausable River => 04275500, 04275500
 * Beaver River => 04258000, 04258000
 * Moose River => 04254500
 * Sandy Creek => 04250750, 04250750
 * Honeoye Creek => 04229500
 * Poultney River => 04280000, 04280000
 * Woodland Creek => 0136230002, 0136230002
 * Harbor Brook => 04240100, 04240100
 * Mill Brook => 01414500, 01414500
 * Canisteo River => 01521500, 01521500, 01524500, 01524500, 01525500
 * Wappinger Creek => 01372500, 01372500
 * Cohocton River => 01527500, 01527500, 01528320, 01529500, 01529500
 * W Branch Croton River => 01374581, 01374581
 * Platte Kill => 01414000, 01414000
 * Owasco Outlet => 04235440, 04235440
 * West Branch Croton River => 01374559, 01374559, 0137462010, 0137462010, 01374701, 01374701
 * Panther Mtn Tributary To Esopus Creek => 01362192, 01362192
 * Otselic River => 01510000, 01510000
 * Chadakoin River => 03014500, 03014500
 * Horse Pound Brook => 01374598, 01374598
 * Grass River => 04265432, 04265432
 * Mine Kill => 01350140, 01350140
 * Lake Champlain => 04294500
 * E Branch Neversink River Northeast Of Denning Ny => 0143400680, 0143400680
 * Oswego River => 04249000, 04249000, 04247055, 04247055
 * Salmon River => 04250200, 04250200, 04273700, 04273700
 * Genesee River  Ballantyne Brdg => 04230650
 * Middle Branch Croton River => 01374654, 01374654
 * East Brook East Of Walton Ny => 01422747, 01422747
 * Canacadea Creek => 01523500, 01523500
 * Little Ausable River => 04273800, 04273800
 * W Branch Neversink River => 01434021, 01434021
 * Bear Kill => 01350035, 01350035
 * Little Chazy River => 04271815, 04271815
 * Beaver Kill Tributary => 01362465, 01362465
 * West Branch Delaware River => 01421610, 01421610, 01423000, 01423000, 01426500, 01426500, 01425000, 01425000
 * Oneida Creek => 04243500, 04243500
 * Wolf Creek => 01422738, 01422738
 * Titicus River => 01374821, 01374821, 01374781, 01374781
 * Saranac River => 04273500, 04273500
 * Chenango River => 01505000, 01505000, 01507000, 01512500, 01512500, 01505810, 01505810
 * Chemung River => 01529950, 01529950, 01530332, 01531000, 01531000
 * Schroon River => 01317000
 * W Branch Delaware River Upstream From Delhi Ny => 01421900, 01421900
 * Rondout Creek => 01364959, 01364959, 01365000, 01365000, 01367500, 01367500, 01372007
 * Tremper Kill => 01415000, 01415000
 * Roeliff Jansen Kill => 01362182
 * Cross River => 01374890, 01374890, 01374901, 01374901
 * Birch Creek => 013621955, 013621955
 * Sixmile Creek => 04233286, 04233286, 04233300, 04233300
 * Wallkill River => 01371500, 01371500
 * Cayuga Creek => 04215000, 04215000
 * West Branch Neversink River => 01434498, 01434498
 * Seneca River Ds Onondaga Outlet => 04240508, 04240508
 * Tioughnioga River => 01509000, 01509000, 01509520, 01511500
 * Patroon Creek => 01359133, 01359133
 * Hudson River => 01312000, 01312000, 01315500, 01315500, 01318500, 01318500, 01327750, 01327750, 01335754, 01335754, 01335755, 01335755, 01358000, 01372058, 01372058
 * Hoosic River => 01332500, 01332500, 01334500, 01334500
 * Mongaup River => 01432900, 01432900
 * Susquehanna River => 01500500, 01500500, 01502632, 01502731, 01503000, 01503000, 01513500, 01513831, 01515000, 01515000
 * West Kill => 01349711, 01349711, 01349810, 01349810
 * Ninemile Creek => 04240300, 04240300
 * Allegheny River => 03011020, 03011020
 * Platter Kill => 01350120, 01350120
 * Unadilla River => 01502500, 01502500
 * Chestnut Creek => 01365500, 01365500
 * Trout Brook Upstream Of Creek => 0425040001
 * East Branch Croton River => 0137449480, 0137449480, 01374505, 01374505, 01374531, 01374531
 * Muscoot River => 01374930, 01374930, 01374941, 01374941
 * Callicoon Creek => 01427500
 * Susquehanna River Southwest Of Oneonta Ny => 01498620
 * Sterling Creek => 04232133
 * Bronx River => 01302020, 01302020
 * Normans Kill => 01359528
 * Oneida River => 04247000, 04247000
 * Neversink River => 01435000, 01435000, 01436690, 01436690, 01436000, 01436000, 01437500, 01437500
 * Bush Kill => 01363382, 01363382, 01413398, 01413398
 * Seneca River Erie Canal => 04235600, 04235600, 04237575, 04237575
 * Delaware River => 01438500, 01438500, 01427510, 01427510, 01428500, 01428500, 01434000, 01434000, 01427207, 01427207
 * Hackensack River => 01376800, 01376800
 * Mohawk River => 01336000, 01336000, 01347000, 01347000, 01357500, 01357500
 * Flint Creek => 04235250, 04235250
 * Hunter Brook South Of Yorktown Ny => 0137499350, 0137499350
 * Fall Creek => 04234000, 04234000
 * Batten Kill => 01329490, 01329490
 * Batavia Kill => 01349840, 01349840, 01349950, 01349950
nd
------------------------------------------------------------
 * Charbonneau Creek => 06329597, 06329597
 * Deepwater Creek => 06332770, 06332770
 * Bear Den Creek => 06332515, 06332515
 * Willow Creek => 05123400, 05123400
 * Park River => 05090000, 05090000
 * Devils Lake Outlet To Stump Lake => 05056636
 * Dakota Lake => 06470875
 * Burnt Creek => 06342450, 06342450
 * Little South Pembina River => 05099400, 05099400
 * Turtle River => 05082625, 05082625
 * Mauvais Coulee Tributary No  => 05056060, 05056060
 * Souris River West Outfall => 05121000, 05121000
 * Big Muddy Creek => 06347500, 06347500
 * E Fork Shell Creek => 06332523, 06332523
 * Deep River => 05123510, 05123510
 * Des Lacs River => 05116500, 05116500
 * Baldhill Creek => 05057200, 05057200
 * Eastern Stump Lake => 05056665
 * Sheyenne River => 05054500, 05054500, 05055300, 05055300, 05055400, 05055400, 05056000, 05056000, 05057000, 05057000, 05058000, 05058000, 05058500, 05058700, 05058700, 05059000, 05059000, 05059300, 05059300, 05059500, 05059500, 05060400
 * Apple Creek => 06349500, 06349500
 * Sweetbriar Creek => 06348500, 06348500
 * Square Butte Creek => 06342260, 06342260
 * Little Missouri River => 06335500, 06335500, 06336000, 06336000, 06337000, 06337000
 * Rush River => 05060500, 05060500
 * Souris River East Outfall => 05121001, 05121001
 * James River => 06468170, 06468170, 06468250, 06468250, 06470000, 06470000, 06470500, 06470500, 06470878, 06470878
 * Beaver Creek => 06336600, 06336600, 06354580, 06354580
 * Goose River => 05066500, 05066500
 * Lake AliceIrvine Channel => 05056255
 * Edmore Coulee Tributary => 05056215, 05056215
 * Wild Rice River => 05051600, 05051600, 05053000, 05053000
 * Maple River => 06471200, 06471200, 05059600, 05059600, 05059700, 05059700, 05060000, 05060000, 05060100, 05060100, 05059715, 05059715
 * Knife River => 06339100, 06339100, 06339500, 06339500, 06340500, 06340500
 * Yellowstone River No  => 06329610
 * Long Creek => 05113600, 05113600
 * Little Coulee => 05056340, 05056340
 * Mauvais Coulee => 05056100, 05056100
 * Heart River => 06345500, 06345500, 06345780, 06345780, 06348300, 06348300, 06349000, 06349000
 * East Branch Short Creek Res => 05113750
 * Antelope Creek => 05052500, 05052500, 06347000, 06347000
 * Otter Tail River Diversion => 05046475, 05046475
 * Pipestem Creek => 06469400, 06469400
 * Cedar Creek => 06352000, 06352000, 06353000, 06353000
 * Cannonball River => 06350000, 06350000, 06351200, 06351200, 06354000, 06354000
 * Green River => 06344600, 06344600
 * Little Muddy River => 06331000, 06331000
 * Souris River => 05114000, 05114000, 05116000, 05116000, 05117500, 05117500, 05120000, 05120000, 05122000, 05122000, 05124000, 05124000
 * Pembina River => 05099600, 05099600, 05100000, 05100000
 * Sheyenne River Diversion => 05059310, 05059480, 05059480
 * Dry Lake => 05056241
 * Starkweather Coulee => 05056239, 05056239
 * Morrison Lake => 05056222
 * Edmore Coulee => 05056200, 05056200
 * Bear Creek => 06470800, 06470800
 * Spring Creek => 06340000, 06340000
 * Missouri River => 06330000, 06340700, 06341000, 06342020, 06342500, 06342500, 06349700
 * Wintering River => 05120500, 05120500
 * Tongue River => 05101000, 05101000
 * Forest River => 05084000, 05084000, 05085000, 05085000
 * Devils Lake => 05056500
 * Red River Of The North => 05051500, 05051500, 05051522, 05051522, 05054000, 05054000, 05064500, 05064500, 05070000, 05070000, 05082500, 05082500, 05083500, 05092000, 05092000, 05102490
 * Hay Creek => 06349600, 06349600
 * Red Lake River => 05080000, 05080000
al
------------------------------------------------------------
 * Hester Creek => 0357479650, 0357479650
 * North River => 02464000, 02464000
 * Sepulga River => 02373000, 02373000
 * Big Wills Creek => 02400680, 02400680, 02401000, 02401000
 * Sipsey Fork => 02450250, 02450250
 * Burnt Corn Creek => 02374745, 02374745
 * Blue Springs Creek => 02449882, 02449882
 * Murder Creek => 02374500, 02374500, 02374700, 02374700
 * Sipsey River => 02446500, 02446500
 * Limestone Creek => 03576250, 03576250
 * Fagan Creek => 0357586650, 0357586650
 * Choccolocco Creek => 02404400, 02404400, 02403310, 02403310
 * Terrapin Creek => 02400100, 02400100
 * Uchee Creek => 02342500, 02342500
 * Chewacla Creek => 02418760, 02418760
 * Broglan Branch => 0357591500, 0357591500
 * West Fork Little River => 02398950, 02398950
 * Buttahatchee River => 02438000, 02438000
 * Village Creek => 02458300, 02458300, 02458450, 02458450, 02458600, 02458600
 * East Fork Pinhook Creek => 0357587140, 0357587140
 * Big Cove Creek => 0357526200, 0357526200
 * Hamilton Creek => 02480002, 02480002
 * Fivemile Creek => 02457000, 02457000, 02457595, 02457595, 02457670, 02457670
 * Valley Creek => 02461500, 02461500, 02462000, 02462000
 * Satilpa Creek => 02469800, 02469800
 * Cahaba Valley Creek => 0242354750, 0242354750
 * Fish River => 02378500, 02378500
 * Little Tallapoosa River => 02413300, 02413300
 * Pea River => 02363000, 02363000, 02364000, 02364500, 02364500
 * Little Double Bridges Creek => 02362240, 02362240
 * Peevey Creek => 03575272
 * Mcdonald Creek => 03575980, 03575980
 * Chickasaw Creek => 02471001, 02471001
 * Bassett Creek => 02470072, 02470072
 * Catoma Creek => 02421000, 02421000
 * Yellowleaf Creek => 02407514, 02407514
 * Tennessee River => 03575500, 03577150, 03589500
 * Kelly Creek => 02405500, 02405500
 * Big Escambia Creek => 02374950, 02374950
 * Perdido River => 02376500, 02376500
 * Clear Creek => 02450825, 02450825
 * Luxapallila Creek => 02442500, 02442500
 * Escatawpa River => 02479560, 02479560
 * Mobile River => 02470630, 02470629, 02470629
 * Oseligee Creek => 02339495, 02339495
 * Black Warrior River => 02462500, 02462501, 02462951, 02462952, 02465000, 02465000, 02465005, 02466030, 02466030, 02466031
 * West Fork Pinhook Creek => 0357587090, 0357587090
 * Binion Creek => 02464360, 02464360
 * Shades Creek => 02423630, 02423630
 * Indian Creek => 03575830, 03575830
 * Magnolia River => 02378300, 02378300
 * Cahaba River => 02423130, 02423130, 02423380, 02423380, 02423425, 02423425, 02423496, 02423496, 02423500, 02423500, 02423555, 02423555, 02424000, 02424000, 02424590, 02424590, 02425000, 02425000
 * Mulberry Creek => 02422500, 02422500
 * Chattahoochee River => 0234296910
 * Little River => 02399200, 02399200
 * Locust Fork => 02455000, 02455000, 02456500, 02456500, 02455900, 02455900
 * Huntsville Sp Branch => 03575950, 03575950
 * Paint Rock River => 03574500, 03574500
 * Big Creek => 02479945, 02479945
 * Blackwater Creek => 02453000, 02453000
 * Chattooga River => 02398300, 02398300
 * Blackburn Fork Little Warrior River => 02455185, 02455185
 * Lake Tuscaloosa => 02464800
 * Big Canoe Creek => 02401390, 02401390
 * Elevenmile Creek => 02376115, 02376115
 * Tallapoosa River => 02411930, 02411930, 02412000, 02412000, 02414500, 02414500, 02414715, 02414715, 02419500, 02419890, 02419890
 * Alabama River => 02419988, 02420000, 02420000, 02421350, 02421351, 02423000, 02427505, 02427506, 02428400, 02428400, 02428401, 02429540
 * Big Nance Creek => 03586500, 03586500
 * Tensaw River => 02471019
 * Wolf Creek => 02378170
 * Bodka Creek => 02448900, 02448900
 * Hatchet Creek => 02408540, 02408540
 * Dallas Branch => 0357587728, 0357587728
 * Aldridge Creek => 0357568650, 0357568650, 0357568980, 0357568980, 03575700, 03575700
 * Fowl River => 02471078, 02471078
 * Elliotts Creek => 02465493, 02465493
 * Patsaliga Creek => 02372250, 02372250
 * Choctawhatchee River => 02361000, 02361000, 02361500, 02361500, 02362000
 * Pinhook Creek => 0357587400, 0357587400, 03575890, 03575890
 * Mulberry Fork => 02450000, 02450000, 02450180, 02450180, 02453500
 * Blackwater River => 02369800, 02369800
 * Styx River => 02377570, 02377570
 * Coosa River => 02399500, 02400496, 02400500, 02407000, 02407526, 02411600, 02397530
 * Crooked Creek => 02479980, 02479980
 * Turkey Creek => 02455980, 02455980, 02456000, 02456000, 02464146, 02464146
 * Conecuh River => 02371500, 02371500, 02372422, 02372422, 02372430, 02374250, 02374250
 * Sougahatchee Creek => 02418230, 02418230
 * Talladega Creek => 02406500, 02406500
 * Cribbs Mill Creek => 02465292, 02465292
 * Noxubee River => 02448500, 02448500
 * South Fork Cowikee Creek => 02342933, 02342933
 * Hillabee Creek => 02415000, 02415000
 * Lost Creek => 02454055, 02454055
 * Uphapee Creek => 02419000, 02419000
 * Flint River => 03575100, 03575100
 * Sucarnoochee River => 02467500, 02467500
 * Pine Barren Creek => 02427250, 02427250
 * Little Cahaba River => 02423400, 02423400, 02423414, 02423414
 * Tombigbee River => 02444160, 02444160, 02444161, 02444500, 02447025, 02447025, 02447026, 02467000, 02467000, 02467001, 02469525, 02469761, 02469761, 02469762, 02470050
ri
------------------------------------------------------------
 * Nooseneck River => 01115630, 01115630
 * Nipmuc River => 01111300
 * Ten Mile River Pawtucket Ave => 01109403, 01109403
 * Blackstone River => 01112500, 01112500, 01113895, 01113895
 * Big River => 01115800
 * Catamint Brook => 01113695, 01113695
 * Pawtuxet River => 01116500, 01116500
 * Ponaganset River => 01115187, 01115187
 * Moshassuck River => 01114000, 01114000
 * Congdon River => 01115670, 01115670
 * Hunt River  Ft Ds Fry Brk => 01116905, 01116905
 * Wood River => 01117800, 01117800, 01118000, 01118000
 * Chipuxet River => 01117350, 01117350
 * Queen River => 01117370, 01117370
 * South Branch Pawtuxet River => 01116000, 01116000
 * Big River Harkney Hill Rd => 01115833, 01115833
 * Woonasquatucket River => 01114500, 01114500
 * Branch River => 01111500, 01111500
 * Pawcatuck River => 01117500, 01117500, 01118500, 01118500, 01117430, 01117430
 * Usquepaug River => 01117420, 01117420
 * Hunt River => 01117000, 01117000
 * Carr River => 01115770, 01115770
 * Beaver River => 01117468, 01117468
ne
------------------------------------------------------------
 * Shell Creek  Mi W Of Lindsay Nebr => 06795100
 * Interstate Canal => 415922103404801, 415922103404801, 420327103464301, 420327103464301
 * Maple Creek => 06800000, 06800000
 * Arikaree River => 06821500, 06821500
 * Wood River => 06772100, 06772100
 * Niobrara River => 06461500, 06461500, 06465500, 06465500, 06466000, 06465000
 * Omaha Creek => 06601000, 06601000
 * Clear Creek  Mile W Of Polk County Line Nebr => 06794650, 06794650
 * Salt Creek => 06803000, 06803000, 06803080, 06803080, 06803500, 06803500, 06803513, 06803513, 06803555, 06803555, 06803495, 06803495
 * Loseke Creek  Mi => 06795640
 * Ponca Creek => 06453600, 06453600
 * Big Papillion Creek => 06610732, 06610732
 * Middle Loup River => 06775500, 06775500, 06785000, 06785000
 * Platte River MidCh Cottonwood Ranch => 06768035, 06768035
 * Frenchman Creek => 06834000, 06834000, 06835500, 06835500
 * North Platte River => 06674500, 06674500
 * Prairie Creek => 06773500, 06773500
 * South Platte River => 06764880, 06764880
 * Lodgepole Creek => 06762500, 06762500
 * North Fork Big Nemaha River => 06814500
 * Haines Branch => 06803093, 06803093
 * Shell Creek => 06795500, 06795500
 * Elkhorn River => 06797500, 06797500, 06799000, 06799000, 06799315, 06799315, 06799350, 06799350, 06800500, 06800500
 * Loup River Power Canal => 06792500, 06792500
 * Little Salt Creek => 06803510, 06803510
 * Courtland Canal => 06852500, 06852500
 * South Omaha Creek => 06600900, 06600900
 * South Loup River => 06784000, 06784000
 * Rock Creek => 06803530, 06803530, 06824000, 06824000
 * Taylor Creek  Mi => 413227097125001
 * Long Pine Creek => 06463500, 06463500
 * Stevens Creek => 06803520, 06803520
 * Johnson Creek => 06804900, 06804900
 * Spring Creek => 06768020, 06768020
 * Little Nemaha River => 06811500, 06811500
 * Republican River => 06828500, 06828500, 06837000, 06837000, 06843500, 06843500, 06844500, 06844500, 06853500, 06853500
 * Sappa Creek => 06847500, 06847500
 * Beaver Creek => 06794000, 06794000
 * Shell Creek  Mi Se Of Lindsay Nebr => 413831097384501
 * North Loup River => 06786000, 06786000, 06790500, 06790500
 * North Fork Elkhorn River => 06799100, 06799100
 * South Fork Republican River => 06827500, 06827500
 * Red Willow Creek => 06838000, 06838000
 * Logan Creek => 06799445, 06799445, 06799460, 06799460, 06799500, 06799500
 * Elm Creek => 06769525, 06769525, 413329097291501
 * TriState Canal => 415626103434001, 415626103434001, 415812103493701, 415812103493701
 * Middle Creek => 06803170, 06803170
 * Little Blue River => 06883000, 06883000, 06884000, 06884000, 06884025, 06884025
 * Verdigre Creek => 06465700, 06465700
 * Silver Creek => 06772898, 06772898
 * Platte River => 06768000, 06768000, 06770200, 06770200, 06770500, 06770500, 06774000, 06774000, 06796000, 06796000, 06796500, 06796500, 06796550, 06801000, 06801000, 06805500, 06805500
 * Shell Creek  Mi Se Of Platte Center Nebr => 413038097241801
 * Big Nemaha River => 06815000, 06815000
 * Buffalo Creek => 06823500, 06823500, 06769000, 06769000
 * Little Papillion Creek => 06610750, 06610750
 * Oak Creek => 06803486, 06803486
 * Loup River => 06793000, 06793000
 * Bazile Creek => 06466500, 06466500
 * Shell Creek  Mi Sw Of Tarnov Nebr => 413433097345101
 * Turkey Creek => 06881380, 06881380
 * Missouri River => 06453620, 06466010, 06478526, 06467500, 06486000, 06486000, 06601200, 06601200, 06610000, 06610000, 06807000, 06807000, 06813500, 06813500, 06610505
 * Warm Slough => 06772775, 06772775
 * Wahoo Creek => 06804000, 06804000, 06804700, 06804700
 * West Fork Big Blue River => 06880800, 06880800
 * Dismal River => 06775900, 06775900
 * Driftwood Creek => 06836500, 06836500
 * Weeping Water Creek => 06806500, 06806500
 * Big Blue River => 06881000, 06881000, 06882000, 06882000
 * Papillion Creek => 06610795, 06610795, 06610792, 06610792
 * North Fork Republican River => 06823000, 06823000
mn
------------------------------------------------------------
 * Shingle Creek Tributary => 05288696, 05288696
 * Zumbro River => 05374000
 * Cottonwood River => 05317000, 05317000
 * Sprague Creek => 05106000, 05106000, 05106000
 * Pomme De Terre River => 05294000, 05294000
 * Yellow Medicine River => 05313500, 05313500
 * Middle Fork Crow River => 05278000, 05278000
 * Rapid River => 05134200, 05134200, 05134200
 * Mud Lake => 05049995, 05049995
 * Redwood River => 05315000, 05315000, 05316500, 05316500
 * Minnehaha Creek => 05289800, 05289800
 * Bois De Sioux River => 05050000, 05050000, 05051300, 05051300, 05051300
 * South Kawishiwi River => 05126210, 05126210, 05125000, 05125000
 * Sauk River => 05270500, 05270500
 * Nemadji River => 04024430, 04024430
 * Vermillion River => 05345000, 05345000
 * Rainy River => 05133500, 05133500
 * Lake Of The Woods => 05140520, 05140520
 * Wild Rice River => 05062500, 05062500, 05064000, 05064000
 * Chippewa River Hw => 05304995
 * Sturgeon River => 05130500, 05130500, 05130500
 * Mille Lacs Lake => 05284000
 * Chetomba Creek => 05314510, 05314510
 * Des Moines River => 05476000, 05476000
 * Prairie River => 05212700, 05212700
 * Shingle Creek => 05288705, 05288705, 05288705
 * Co Ditch  => 05078720, 05078720
 * Little Cottonwood River => 05317200, 05317200
 * Root River => 05383950, 05383950, 05385000, 05385000
 * Sturgeon Lake West Side => 05344850
 * Upper Red Lake => 05073500
 * Le Sueur River => 05320500, 05320500
 * Lower Red Lake => 05073650, 05073650, 05074000
 * Straight River => 05243725, 05243725, 05353800, 05353800
 * Snake River => 05085420, 05085420, 05338500, 05338500, 05338500
 * Crow Wing River => 05244000, 05244000, 05244000, 05247500, 05247500
 * Basswood River => 05127500, 05127500
 * Sand Hill River => 05069000, 05069000
 * Yellow Bank River => 05293000, 05293000
 * Mustinka River => 05049000
 * Knife River => 04015330, 04015330, 04015330
 * Stoney Brook => 04021520, 04021520
 * Kettle River => 05336700, 05336700
 * Lac Qui Parle River => 05300000, 05300000
 * Judicial Ditch  => 05078770, 05078770
 * Little Minnesota River => 05290000
 * South Fork Root River => 05385500
 * High Island Creek => 05327000, 05327000
 * Gold Portage Outlet From Kabetogama Lk => 05129290, 05129290
 * Clearwater River => 05078000, 05078000, 05078000, 05078500, 05078500, 05078500
 * Roseau River => 05104500, 05104500, 05104500, 05104500, 05107500, 05107500, 05112000, 05112000
 * Otter Tail River => 05030500, 05030500, 05046000, 05046000
 * Little Fork River => 05131500, 05131500
 * Elm Creek => 05287890, 05287890
 * St Croix River => 05333500, 05333500, 05340500, 05340500, 05344490, 05344490, 05336000
 * St Louis River => 04024000, 04024000
 * Little Cobb River => 05320270, 05320270
 * Chippewa River => 05304500, 05304500
 * Superior Bay Duluth Ship Canal => 464646092052900, 464646092052900
 * Red River Of The North => 05051500, 05051500, 05054000, 05054000, 05064500, 05064500, 05082500, 05082500, 05083500, 05092000, 05092000
 * Cannon River => 05355200, 05355200
 * Red Lake River => 05074500, 05074500, 05075000, 05079000, 05079000, 05080000, 05080000
 * Mississippi River => 05200510, 05200510, 05210000, 05211000, 05211000, 05227500, 05227500, 05242300, 05242300, 05261000, 05261000, 05267000, 05267000, 05270700, 05270700, 05288500, 05288500, 05331000, 05331000, 05344500, 05344500, 05378490, 05378500, 05378500, 05386400, 05220600, 05220600
 * Crow River => 05280000, 05280000
 * South Branch Two Rivers => 05094000, 05094000
 * Lost River => 05078230, 05078230, 05078230
 * Long Prairie River => 05245100, 05245100
 * Otter Tail River Diversion => 05046475, 05046475
 * West Fork Beaver Creek => 0531656290, 0531656290
 * Minnesota River => 05292000, 05292000, 05311000, 05311000, 05316580, 05316580, 05330000, 05330000, 05330920, 05330920, 05301000, 05301000, 05325000, 05325000
 * Pigeon River => 04010500, 04010500, 04010500
 * Leech Lake => 05205900
 * South Branch Rush River => 05326189, 05326189, 05326180, 05326180
 * Middle River => 05087500, 05087500, 05087500
 * Cedar River => 05457000, 05457000
 * Clear Lake East Side => 05346050
 * Whetstone River => 05291000, 05291000
 * Marsh River => 05067500, 05067500
 * Lk Of The Woods  Springsteel Is => 05140521
 * S Branch Wild Rice River => 05063398, 05063398
 * Kawishiwi River => 05124480, 05124480
 * Buffalo River => 05061000, 05061000, 05061000, 05062000, 05062000, 05062000
 * Watonwan River => 05319500, 05319500
 * Thief River => 05076000, 05076000
 * Elk River => 05275000, 05275000
 * Chippewa River Tw => 05305000
 * Rum River => 05286000, 05286000, 05286000
 * South Fork Zumbro River => 05372995, 05372995
 * Blue Earth River => 05320000, 05320000
 * Vermilion River => 05129115, 05129115
 * Big Fork River => 05132000, 05132000
 * South Branch Buffalo River => 05061500, 05061500, 05061500
md
------------------------------------------------------------
 * Linganore Creek => 01642438, 01642438
 * Swan Creek => 01580700, 01580700
 * Sawmill Creek => 01589500, 01589500
 * Chicamacomico River => 01490000, 01490000
 * Catoctin Creek => 01638480, 01638480, 01637500, 01637500
 * Patterson Creek => 01604500, 01604500
 * Dead Run => 01589330, 01589330, 01589315, 01589315, 01589312, 01589312
 * Plumtree Run => 01581752, 01581752
 * Shenandoah River => 01636500, 01636500
 * North Branch Patapsco River => 01586000, 01586000
 * Antietam Creek => 01619000, 01619000, 01619500, 01619500
 * Little Blackwater River => 01490120, 01490140, 01490140
 * Blackbird Creek => 01483200, 01483200
 * Pocomoke River => 01485000, 01485000
 * White Clay Creek => 01478245, 01478245, 01478650, 01478650, 01479000, 01479000
 * Beetree Run => 01581960, 01581960
 * Christina River => 01478000, 01478000, 01480065, 01480120
 * Pond Branch => 01583570, 01583570
 * N F Shenandoah River => 01632000, 01632000, 01634000, 01634000
 * Monocacy River => 01639000, 01639000, 01642190, 01642190, 01643000, 01643000
 * Red Clay Creek => 01479820, 01479820, 01480000, 01480000, 01480015, 01480015
 * Tonoloway Creek => 01613095, 01613095
 * Moores Run => 01585230, 01585230
 * Otter Point Creek => 01581757, 01581757
 * Nw Branch Anacostia River => 01651000, 01651000, 01650500, 01650500
 * Gwynns Falls Tributary => 01589238, 01589238
 * Marsh Run => 01617800, 01617800
 * Waites Run => 01610400, 01610400
 * Little Falls => 01582000, 01582000
 * Octoraro Creek => 01578475, 01578475
 * Minebank Run => 0158397967, 0158397967
 * Birch Branch => 0148471320, 0148471320
 * Turkey Branch => 01647850, 01647850
 * Paint Branch => 01649190, 01649190
 * Opequon Creek => 01616500, 01616500
 * Soper Branch => 01643395, 01643395
 * Tuckahoe Creek => 01491500, 01491500
 * Seneca Creek => 01645000, 01645000
 * Bear Creek => 03076600, 03076600
 * Horsehead Branch => 01589242, 01589242
 * Rock Creek => 01648000, 01648000
 * Patuxent River => 01591000, 01591000, 01591610, 01591610, 01594440, 01594440
 * Little Assawoman Bay => 01484701
 * Conococheague Creek => 01614500, 01614500
 * Powder Mill Run => 01589305, 01589305
 * Whitemarsh Run => 01585090, 01585090, 01585100, 01585100
 * Savage Riv => 01597500, 01597500
 * Baisman Run => 01583580, 01583580
 * Millsboro Pond Outlet => 01484525, 01484525
 * Piney Run => 01583100, 01583100
 * St Marys River => 01661500, 01661500
 * Marshyhope Creek => 01488500, 01488500
 * Conestoga River => 01576754, 01576754
 * So Branch Potomac River => 01606500, 01606500
 * Three Bridges Branch => 01494150, 01494150
 * Morgan Creek => 01493500, 01493500
 * Little Seneca Creek Tributary => 01644375, 01644375, 01644371, 01644371, 01644372, 01644372
 * St Jones River => 01483700, 01483700
 * Sideling Hill Creek => 01610155, 01610155
 * Patuxent Riv => 01592500, 01592500
 * Cacapon River => 01611500, 01611500
 * Unnamed Ditch => 01484084
 * Pratt Branch => 01484050, 01484050
 * Indian River Bay Inlet => 01484683
 * Big Elk Creek => 01495000, 01495000
 * Georges Creek => 01599000, 01599000
 * Indian River => 01484540
 * Red Run => 01589230, 01589230
 * North Fork Whitemarsh Run => 01585095, 01585095
 * Shellpot Creek => 01477800, 01477800
 * Nassawango Creek => 01485500, 01485500
 * Poland Run => 03075800, 03075800
 * Moores Run Tributary => 01585225, 01585225
 * Cameron Run => 01653000, 01653000
 * Scotts Level Branch => 01589290, 01589290
 * Nanticoke River => 01487000, 01487000, 01488110
 * Grave Run => 01581830, 01581830
 * Zekiah Swamp Run => 01660920, 01660920
 * Tributary To Dead Run Tributary => 01589317, 01589317
 * Silver Lake Tributary => 01483155, 01483155
 * So Fk So Branch Potomac River => 01607500, 01607500
 * North Branch Potomac River => 01595000, 01595000, 01595500, 01595500, 01595800, 01595800, 01598500, 01598500, 01603000, 01603000
 * Manokin Branch => 01486000, 01486000
 * Bassett Creek => 01484719, 01484719
 * Cherry Creek => 03075905, 03075905
 * West Branch Herring Run => 01585200, 01585200
 * Goose Creek => 01644000, 01644000
 * Browns Branch => 01484018, 01484018
 * Bennett Creek => 01643500, 01643500
 * Fourmile Run => 01652500, 01652500
 * Atkisson Reservoir => 01581753
 * Brandywine Creek => 01481000, 01481000, 01481500, 01481500
 * Western Branch => 01594526, 01594526
 * Piscataway Creek => 01653600, 01653600
 * Potomac River => 01610000, 01610000, 01613000, 01613000, 01638500, 01638500, 01646500, 01646500, 01647600, 01660795
 * Bynum Run => 01581500, 01581500
 * Beaverdam Ditch => 01484695, 01484695
 * Choptank River => 01491000, 01491000
 * Unicorn Branch => 01493000, 01493000
 * Paint Branch Tributary => 01649150, 01649150
 * Hawlings River => 01591700, 01591700
 * Anacostia River Aquatic Gardens => 01651750
 * Rehoboth Bay => 01484670
 * Little Patuxent River => 01593500, 01593500, 01594000, 01594000
 * Beaverdam Run => 01583600, 01583600
 * Winters Run => 01581700, 01581700
 * Gunpowder Falls => 01581920, 01581920, 01582500, 01582500
 * South Branch Potomac River => 01605500, 01605500, 01608500, 01608500
 * Cranberry Branch => 01585500, 01585500
 * Youghiogheny River => 03075500, 03075500, 03076500, 03076500
 * Jefferson Creek => 01484696
 * Muddy Creek => 01621050, 01621050
 * St Clement Creek => 01661050, 01661050
 * Maidens Choice Run => 01589351, 01589351
 * Casselman River => 03078000, 03078000
 * Mattawoman Creek => 01658000, 01658000
 * Western Run => 01583500, 01583500
 * Jones Falls => 01589440, 01589440
 * Honeygo Run => 01585104, 01585104
 * Murderkill River => 01484085, 01484085, 01484000, 01484000, 01484080, 01484080
 * Sand Spring Run => 01598650, 01598650
 * Gwynns Falls => 01589197, 01589197, 01589300, 01589300, 01589180, 01589180, 01589352, 01589352, 01589240, 01589240
 * South Fork Jabez Branch => 01589795, 01589795
 * Bloomington Lake => 01595790
 * Beaverdam Creek => 01486500, 01486500
 * James Run => 01581649, 01581649
 * Beaver Run => 01586210, 01586210
 * Accotink Creek => 01654000, 01654000
 * Cabin Branch => 01644380, 01644380
 * Wills Creek => 01601000, 01601000, 01601500, 01601500
 * Susquehanna River => 01570500, 01570500, 01576000, 01576000, 01578310, 01578310
 * North East Branch Anacostia River => 01649500, 01649500
 * Licking Creek => 01613525, 01613525
 * Dead Run Tributary => 01589320, 01589320, 01589316, 01589316
 * Savage River => 01596500, 01596500
 * Bear Cabin Branch => 01581690, 01581690
 * S F Shenandoah River => 01631000, 01631000
 * Town Creek => 01609000, 01609000
 * Long Green Creek => 01584050, 01584050
 * Savage River Reservoir => 01597490
 * Delaware River => 01463500, 01463500
 * Watts Branch => 01651800, 01651800
 * So Fk South Branch Potomac River => 01608000, 01608000
 * Sallie Harris Creek => 01492500, 01492500
 * Deer Creek => 01580000, 01580000, 01580520, 01580520
hi
------------------------------------------------------------
 * Hakioawa Gulch => 16681000, 16681000
 * Mililani Storm Drain A => 212604158012700, 212604158012700
 * N Halawa Valley Storm Drain Creek => 212353157533001
 * Kamananui Str => 16330000, 16330000
 * Kaluanui Stream => 16304200, 16304200
 * Left Branch Opaekaa Str => 16071500, 16071500
 * Wailuku River => 16704000, 16704000
 * Alakahi Stream => 16725000, 16725000
 * Halawa Stream => 16400000, 16400000
 * Kahana Str => 16296500, 16296500
 * Makawao Str => 16254000, 16254000
 * Halaulani Str => 16097500, 16097500
 * H Storm Drain => 211722157485601, 211722157485601
 * Iao Stream => 16604500, 16604500
 * Hanawi Stream => 16508000, 16508000
 * Wainiha River => 16108000, 16108000
 * Eb Of North Fork Wailua River => 16068000, 16068000
 * Waialae Str => 16019000, 16019000
 * Kaulana Gulch => 16682000, 16682000
 * Kaunakakai Gulch => 16414200, 16414200
 * West Wailuaiki Stream => 16518000, 16518000
 * Waiakeakua Str => 16240500, 16240500
 * Waikele Str => 16212601, 16213000, 16213000
 * Wailupe Gulch => 16247550, 16247550
 * Amr AA => 212134157543901
 * Ka Loko Reservoir => 16094150
 * Kawaikoi Stream => 16010000, 16010000
 * Waikoloa Str => 16758000, 16758000
 * Kawainui Marsh => 16264600
 * Fena Dam Spillway => 16849000
 * Kahakuloa Stream => 16618000, 16618000
 * South Fork Wailua River => 16060000, 16060000
 * Paauau Gulch => 16770500, 16770500
 * Kawela Gulch => 16415600, 16415600
 * Kipapa Str => 16212800, 16212800
 * Honopou Stream => 16587000, 16587000
 * Waikane Str => 16294900, 16294900
 * North Fork Kaukonahua Str => 16200000, 16200000
 * Puu Ka Ele Reservoir => 16094600
 * Wahiawa Reservoir => 16210000
 * Waiahole Stream => 16294100, 16294100
 * South Fork Kaukonahua Str => 16208000, 16208000
 * Waiokamilo Stream => 16521300, 16521300
 * Honokohau Stream => 16620000, 16620000
 * Waihee Rv => 16614000, 16614000
 * N Halawa Str => 16226200, 16226200, 16226400, 16226400
 * Makaha Str => 16211600, 16211600
 * Hanalei River => 16103000, 16103000
 * Alexander Reservoir => 16051500
 * Honolii Stream => 16717000, 16717000
 * Oheo Gulch => 16501200, 16501200
de
------------------------------------------------------------
 * Big Elk Creek => 01495000, 01495000
 * Beaverdam Creek => 01486500, 01486500
 * Little Assawoman Bay => 01484701
 * Christina River => 01478000, 01478000, 01480065, 01480120
 * Marshyhope Creek => 01488500, 01488500
 * Pocomoke River => 01485000, 01485000
 * Indian River Bay Inlet => 01484683
 * Brandywine Creek => 01481500, 01481500, 01481000, 01481000
 * Red Clay Creek => 01480000, 01480000, 01480015, 01480015, 01479820, 01479820
 * Shellpot Creek => 01477800, 01477800
 * Unnamed Ditch => 01484084
 * Beaverdam Ditch => 01484695, 01484695
 * Blackbird Creek => 01483200, 01483200
 * White Clay Creek => 01478650, 01478650, 01479000, 01479000, 01478245, 01478245
 * Delaware River => 01463500, 01463500
 * Pratt Branch => 01484050, 01484050
 * Sallie Harris Creek => 01492500, 01492500
 * Indian River => 01484540
 * Millsboro Pond Outlet => 01484525, 01484525
 * Three Bridges Branch => 01494150, 01494150
 * Chicamacomico River => 01490000, 01490000
 * St Jones River => 01483700, 01483700
 * Browns Branch => 01484018, 01484018
 * Tuckahoe Creek => 01491500, 01491500
 * Choptank River => 01491000, 01491000
 * Nanticoke River => 01487000, 01487000, 01488110
 * Manokin Branch => 01486000, 01486000
 * Nassawango Creek => 01485500, 01485500
 * Silver Lake Tributary => 01483155, 01483155
 * Unicorn Branch => 01493000, 01493000
 * Jefferson Creek => 01484696
 * Rehoboth Bay => 01484670
 * Murderkill River => 01484000, 01484000, 01484080, 01484080, 01484085, 01484085
co
------------------------------------------------------------
 * Purgatoire River => 07124200, 07124200, 07124410, 07124410, 07126300, 07126300, 07126485, 07126485, 07128500, 07128500
 * St Charles River => 07108900, 07108900
 * Blue River => 09046490, 09046490, 09046600, 09046600, 09050700, 09050700, 09057500, 09057500, 392547106023400, 392547106023400
 * West Monument Creek => 07103797, 07103797, 07103800, 07103800
 * Fraser River => 09022000, 09022000, 09024000, 09024000, 09033300, 09033300
 * Apishapa River => 07119500, 07119500
 * Fish Creek => 09238900, 09238900
 * Trout Creek => 06701620, 06701620
 * Dinero Mine Drainage Tunnel => 391504106225200, 391504106225200
 * Mancos River => 09371000, 09371000, 09370600, 09370600
 * Gore Creek => 09065500, 09065500, 09066325, 09066325, 09066510, 09066510
 * Roaring Fork River => 09073300, 09073300, 09073400, 09073400, 09081000, 09081000, 09085000, 09085000
 * Womack Ditch From L Fountain Creek => 384048104504901, 384048104504901
 * Animas River => 09358000, 09358000, 09359020, 09359020, 09359500, 09359500, 09361500, 09361500, 09363500, 09363500, 09362520, 09362520
 * Cottonwood Creek => 07103990, 07103990, 07103980, 07103980
 * Crystal River => 09081600, 09081600, 09083800, 09083800
 * Eagle River => 09063000, 09063000, 09070000, 09070000, 394220106431500, 394220106431500, 09067020, 09067020, 09064600, 09064600
 * Cement Creek => 09358550, 09358550
 * Red Sandstone Creek => 09066400, 09066400
 * Beaver Creek => 07099060, 07099060, 09067000, 09067000
 * Leavenworth Creek => 06714800, 06714800
 * Cache La Poudre Riv => 06752280, 06752280
 * Spring Creek => 09355000, 09355000
 * West Creek => 06701700, 06701700
 * Cheyenne Creek => 07105490, 07105490
 * Bighorn Creek => 09066100, 09066100
 * Van Bremer Arroyo => 07126200, 07126200
 * Booth Creek => 09066200, 09066200
 * North Fork Cache La Poudre River => 06751490, 06751490
 * Little Snake River => 09253000, 09253000, 09260000, 09260000
 * Big Sandy Creek => 07134100, 07134100
 * Timpas Creek => 07121500, 07121500
 * Cimarron River => 09126000, 09126000
 * San Juan River => 09342500, 09342500, 09346400, 09346400, 09371010, 09371010
 * Corral Gulch => 09306242, 09306242
 * Turkey Creek => 07099215, 07099215, 07099230, 07099230, 07099235, 07099235, 09063400, 09063400
 * Arkansas River Tributary => 07099973, 07099973
 * Vasquez Creek => 09025000, 09025000
 * St Louis Creek => 09026500, 09026500
 * NF Gunnison River => 09135950, 09135950
 * Lockwood Canyon Creek => 07126390, 07126390
 * Bear Creek => 06710385, 06710385, 06710605, 06710605, 07105000, 07105000
 * South Platte River => 06700000, 06700000, 06710247, 06710247, 06711565, 06711565, 06714215, 06714215, 06721000, 06721000, 06759500, 06759500
 * Peoria Intercept => 06720280, 06720280
 * N Fk Cache La Poudre River => 06751150, 06751150
 * North Platte River => 06620000, 06620000
 * Merriams Rock Creek Ditch => 384037104472001, 384037104472001
 * Mud Creek => 09371492, 09371492
 * Los Pinos River => 09353800, 09353800, 09354500, 09354500
 * Taylor River => 09107000, 09107000, 09109000, 09109000, 09110000, 09110000
 * Joe Wright Creek => 06746095, 06746095, 06746110, 06746110
 * Rock Creek => 07105945, 07105945
 * Vallecito Creek => 09352900, 09352900
 * Plum Creek => 06709000, 06709000, 06709530, 06709530
 * Mcelmo Creek => 09371520, 09371520, 09372000, 09372000
 * Dallas Creek => 09147000, 09147000
 * Williams Fork => 09035700, 09035700, 09036000, 09036000, 09037500, 09037500, 09038500, 09038500
 * Taylor Arroyo => 07126325, 07126325
 * Slate River => 385106106571000, 385106106571000
 * Alfalfa Run => 384936107571901
 * Gunnison River => 09114500, 09114500, 09128000, 09128000, 09144250, 09144250, 09152500, 09152500
 * White River => 09304200, 09304200, 09304500, 09304500, 09304800, 09304800, 09306290, 09306290, 09304115, 09304115
 * Snake River => 09047500, 09047500
 * NF South Platte River => 06706400, 06706400
 * White Riv => 09306224, 09306224
 * Clear Creek => 06715000, 06715000, 06716500, 06716500, 06719505, 06719505, 394308105413800, 394308105413800
 * Fryingpan River => 09080400, 09080400
 * Straight Creek => 09051050, 09051050
 * Transfer Ditch => 384945107553401
 * Costilla Creek => 08261000, 08261000
 * Dolores River => 09165000, 09165000, 09166500, 09166500, 09168730, 09168730, 09169500, 09169500, 09171100, 09171100
 * McculloughSpCrysDiversion => 09044800, 09044800
 * East River => 09112200, 09112200, 09112500, 09112500
 * Closed Basin Project Canal => 373947105421101, 373947105421101
 * Andrews CreekLoch ValeRmnp => 401723105400000, 401723105400000, 401723105400000
 * Red Rock Canyon Creek => 07126415, 07126415
 * Monte Cristo Diversion => 09041900, 09041900
 * Piedra River => 09349800, 09349800
 * Alfalfa Ditch => 385117107554501
 * Piney River => 09059500, 09059500
 * Keystone Gulch => 09047700, 09047700
 * First Creek => 06720460, 06720460, 06720480, 06720480, 06720490, 06720490
 * Hubbard Creek => 09132960, 09132960
 * Turkey Creek West Seep => 382628104493700, 382628104493700
 * East Plum Creek => 06708800, 06708800
 * Lake Creek => 09067200, 09067200
 * Ohio Creek => 09113980, 09113980
 * BemroseHoosier Diversion => 09044300, 09044300
 * Colorado River => 09010500, 09010500, 09019500, 09019500, 09034250, 09034250, 09058000, 09058000, 09070500, 09070500, 09085100, 09085100, 09163500, 09163500, 09095500, 09095500
 * Yellow Creek => 09306255, 09306255
 * Huerfano River => 07116500, 07116500
 * Plateau Creek => 09105000, 09105000, 09097900, 09097900
 * Ranch Creek => 09032000, 09032000
 * Cross Creek => 09065100, 09065100
 * North Clear Creek => 06718550, 06718550
 * Boulder Creek => 06730200, 06730200, 06730500, 06730500
 * Cherry Creek => 06712000, 06712000, 06713500, 06713500, 393109104464500, 393109104464500
 * Gale Ditch From Rock Creek => 384220104503701, 384220104503701
 * Chicago Creek => 06717400, 06717400
 * Surface Creek => 09143000, 09143000, 09143500, 09143500
 * San Miguel River => 09172500, 09172500, 09174600, 09174600, 09177000, 09177000
 * Fountain Creek => 07103700, 07103700, 07105500, 07105500, 07105530, 07105530, 07105800, 07105800, 07106000, 07106000, 07106300, 07106300, 07106500, 07106500
 * North Fork Gunnison River => 09132500, 09132500, 09134100, 09134100
 * Colo River => 09106150, 09106150
 * Piceance Creek => 09306200, 09306200, 09306222, 09306222
 * So Platte River => 06701900, 06701900
 * Strobel Ditch From Turkey Creek => 383637104531301, 383637104531301
 * Arkansas River => 07137500, 07137500, 07081200, 07081200, 07083710, 07083710, 07087050, 07087050, 07091200, 07091200, 07094500, 07094500, 07099970, 07099970, 07109500, 07109500, 07124000, 07124000, 07130500, 07130500, 07133000, 07133000, 07134180, 07134180
 * Minnesota Creek => 09134000, 09134000
 * Muddy Creek => 09041090, 09041090, 09041400, 09041400
 * West Fork Clear Creek => 06716100, 06716100
 * Monument Creek => 07103747, 07103747, 07103780, 07103780, 07103970, 07103970, 07104000, 07104000, 07104905, 07104905, 07103755, 07103755
 * Big Thompson => 402114105350101, 402114105350101
 * Elk Creek => 09025300, 09025300
 * Cochetopa Creek => 09118450, 09118450
 * Wild Horse Creek => 07134990, 07134990
 * Havana Intercept => 06720285, 06720285
 * Frontier Ditch => 07137000, 07137000, 07137000
 * Big Dry Creek => 06720820, 06720820, 06720990, 06720990, 06710150, 06710150
 * Terror Creek => 09132995, 09132995
 * Big Thompson River => 06741510, 06741510
 * Tarryall Creek => 06696980, 06696980
 * Lost Canyon Creek => 09166950, 09166950
 * The Loch Outlet  Loch Vale => 401733105392404, 401733105392404
 * Ef Arkansas River => 07079300, 07079300
 * Yampa River => 09237450, 09237450, 09237500, 09237500, 09239500, 09239500, 09247600, 09247600, 09251000, 09251000, 09260050, 09260050, 09244490, 09244490, 09240020, 09240020
 * Slater Fork => 09255000, 09255000
 * Sand Creek => 394839104570300, 394839104570300, 394839104570300, 06659580, 06659580, 07105600, 07105600
 * Lake Fork => 09124500, 09124500
 * Tomichi Creek => 09115500, 09115500, 09119000, 09119000
 * Bent Canyon Creek => 07126480, 07126480
 * Michigan River => 06614800, 06614800
 * Homestake Creek => 09064000, 09064000
 * Turkey Creek East Seep => 382629104493000, 382629104493000
 * Teller Reservoir Spillway => 07099238, 07099238
 * Lytle Ditch => 383619104520401, 383619104520401
 * Elk River => 09242500, 09242500
 * Jimmy Camp Creek => 07105900, 07105900
 * Fourmile Creek => 07096250, 07096250
 * East Fork Eagle River => 09061600, 09061600
 * Camp Creek => 07103703, 07103703
 * Elkhead Creek => 09246200, 09246200, 09246500, 09246500
 * Halfmoon Creek => 07083000, 07083000
 * Hunter Creek => 09074000, 09074000
 * Merriams L Fountain Ditch => 383944104474201, 383944104474201
 * Uvalda Intercept => 06720255, 06720255
 * Uncompahgre River => 09146200, 09146200, 09147025, 09147025, 09147500, 09147500, 09149500, 09149500, 09146020, 09146020
 * Cache La Poudre River => 06752260, 06752260
 * St Vrain Creek => 06725450, 06725450
 * Ripley Ditch From L Fountain Creek => 384047104510301, 384047104510301
 * Mineral Creek => 09359010, 09359010
 * Tenmile Creek => 09050100, 09050100
wy
------------------------------------------------------------
 * Little Popo Agie River => 06233000, 06233000
 * Prairie Dog Creek => 06306200, 06306200, 06306250, 06306250
 * Dinwoody Creek => 06221400, 06221400
 * East Pass Creek => 06289820, 06289820
 * Dry Creek Canal => 06222510, 06222510
 * East Fork Of Smiths Fork => 09220000, 09220000
 * Bear River => 10011500, 10011500, 10020100, 10020100, 10020300, 10020300, 10038000, 10038000, 10039500, 10039500, 10016900, 10016900, 10028500, 10028500
 * Box Elder Creek => 06647500, 06647500
 * Lefthand Ditch => 06227810, 06227810
 * Stockade Beaver Creek => 06392950, 06392950
 * Pacific Creek => 13011500, 13011500
 * Cheyenne River => 06386500, 06386500, 06365900, 06365900
 * Buffalo Fork => 13011900, 13011900
 * Bighorn River => 06287000, 06287000, 06274300, 06274300, 06279500, 06279500
 * North Platte River => 06620000, 06620000, 06652000, 06652000, 06652000, 06652800, 06652800, 06657000, 06657000, 06674500, 06674500
 * Laramie River => 06670500, 06670500
 * Lodgepole Creek => 06762500, 06762500
 * Shell Creek => 06278300, 06278300, 06278500, 06278500
 * Stonepile Creek => 06426160, 06426160
 * Crecelius Cascade => 442754110082301
 * Mammoth Crystal Spgs Inf => 442727110064501
 * Ray Canal => 06228510, 06228510
 * Granite Creek => 13016305, 13016305
 * Hams Fork => 09223000, 09223000
 * Fivemile Creek => 06253000, 06253000
 * Cold Springs Creek => 06429500, 06429500
 * Crazy Woman Creek => 06316400, 06316400
 * Little Powder River => 06324970, 06324970
 * Boiling River => 06190540, 06190540
 * Gros Ventre River => 13015000, 13015000, 13014500, 13014500
 * Gardner River => 06191000, 06191000
 * Middle Fork Powder River => 06309200, 06309200
 * Donkey Creek => 06426130, 06426130
 * Greybull River => 06276500, 06276500
 * Rock Creek => 06320000, 06320000, 06632400, 06632400
 * Flat Creek => 13018350, 13018350
 * Shoshone River => 06285100, 06285100
 * North Fork Shoshone River => 06279940, 06279940
 * Snake River => 13010065, 13010065, 13011000, 13011000, 13018750, 13018750, 13022500, 13022500, 13013650, 13013650
 * Soda Butte Creek => 06187950, 06187950
 * Henrys Fork => 09229500, 09229500
 * Goose Creek => 06305700, 06305700
 * Clear Creek => 06324000, 06324000
 * Gallatin River => 06043500, 06043500
 * Smiths Fork => 10032000, 10032000
 * Fish Creek => 13016450, 13016450
 * Sweetwater River => 06639000, 06639000
 * N Platte Riv => 06630000, 06630000
 * Little Bighorn River => 06289000, 06289000
 * Sand Creek => 06429905, 06429905, 06659580, 06659580
 * South Fork Shoshone River => 06280300, 06280300, 06281000, 06281000
 * Encampment River => 06623800, 06623800, 06625000, 06625000
 * Little Wind River => 06235500, 06235500
 * Muddy Creek => 09258980, 09258980
 * Fontenelle Creek => 09210500, 09210500
 * Crow Creek => 06755960, 06755960
 * Clarks Fork Yellowstone River => 06207500, 06207500
 * Johnstown Ditch => 06227596, 06227596
 * Beaver Creek => 06392900, 06392900
 * Wild Horse Creek => 06317020, 06317020
 * Belle Fourche River => 06428500, 06428500, 06426500, 06426500, 06425720, 06425720
 * Firehole River => 06036905, 06036905, 06036805, 06036805
 * Mammoth Crystal Spgs Out => 442726110064101
 * Onyx River => 773135161404001, 773135161404001, 772641162391501, 772641162391501
 * Green River => 09234500, 09234500, 09188500, 09188500, 09209400, 09209400, 09211200, 09211200, 09217000, 09217000
 * Coney Creek => 06301480, 06301480, 06301495, 06301495
 * Upper Wind Riv A Canal => 06222100, 06222100
 * Greys River => 13023000, 13023000
 * L Medicine Bow River => 06634620, 06634620
 * Middle Creek => 442725110063501, 442725110064001
 * Gibbon River => 06037100, 06037100
 * Big Sandy River => 09213500, 09213500, 09216050, 09216050
 * Medicine Bow River => 06635000, 06635000
 * Tongue River => 06306300, 06306300, 06298000, 06298000, 06299980, 06299980
 * Bull Lake Creek => 06224000, 06224000, 06225000, 06225000
 * Pass Creek => 06290000, 06290000
 * Pine Creek => 09196500, 09196500
 * Highline Ditch => 06297500, 06297500
 * Madison River => 06037500, 06037500
 * Cottonwood Creek => 06265337, 06265337
 * North Brush Creek => 06622700, 06622700
 * Powder River => 06324500, 06324500, 06313500, 06313500, 06313590, 06313590, 06313590, 06317000, 06317000
 * North Fork Powder River => 06311000, 06311000, 06311400, 06311400
 * Yellowstone River => 06186500, 06186500, 06191500, 06191500
 * New Fork River => 09205000, 09205000
 * Sybille Creek => 06665790, 06665790
 * Wind River => 06218500, 06218500, 06225500, 06225500, 06227600, 06227600, 06228000, 06228000, 06236100, 06236100, 06259000, 06259000
 * Lamar River => 06188000, 06188000
 * Salt River => 13027500, 13027500
 * West Pass Creek => 06289600, 06289600
 * Cache Creek => 13018300, 13018300
 * Blacks Fork => 09217900, 09217900, 09224700, 09224700
 * Tantalus Creek => 06036940, 06036940
mo
------------------------------------------------------------
 * Jacks Fork => 07065200, 07065200, 07065495, 07065495, 07066000, 07066000
 * Pearson Creek => 07050690, 07050690
 * Blue River => 06893150, 06893150, 06893500, 06893500, 06893578, 06893578, 06893590, 06893080, 06893080, 06893100, 06893100
 * Dardenne Creek => 05514840, 05514840, 05514860, 05514860
 * Cave Springs Branch => 07189540, 07189540
 * East Fork Grand River => 06896400, 06896400
 * Little River Ditch No  => 07043500, 07043500
 * Marmaton River => 06918060, 06918060, 06917560, 06917560, 06917380, 06917380
 * Locust Creek => 06901500, 06901500
 * Lick Creek => 05507600, 05507600
 * Black Creek => 07010082, 07010082
 * Creve Coeur Creek => 06935850, 06935850, 06935890, 06935890
 * East Fork Little Chariton River => 06906200, 06906200, 06906300, 06906300
 * One Hundred Two River => 06820410
 * Big Piney River => 06930000, 06930000
 * Logan Creek => 07061900, 07061900
 * Big Piney => 06930060, 06930060
 * East Fork Black River => 07061270, 07061270, 07061300, 07061300
 * Tarkio River => 06813000, 06813000
 * Hinkson Creek => 06910230, 06910230
 * Little Platte River => 06821080, 06821080, 06821150, 06821150
 * Roaring River => 07050152
 * Gravois Creek => 07010180, 07010180
 * Mill Creek => 06935997, 06935997
 * Weaubleau Creek => 06920580, 06920580
 * Osage River => 06918070, 06918070, 06918080, 06922500, 06926000, 06926000, 06926510, 06926510
 * South Fabius River => 05500000, 05500000, 05498700
 * Wyaconda River => 05496000, 05496000
 * Lamine River => 06906800, 06906800
 * Wilson Creek => 07052000, 07052000, 07052100, 07052100, 07052152, 07052152
 * Little St Francis River => 07035000, 07035000
 * Buffalo Creek => 07189100, 07189100
 * Niangua River => 06923950, 06923950, 06923250, 06923940
 * Beaver Creek => 07054080, 07054080
 * Fox River => 05495000, 05495000, 05494300, 05494300
 * Clearwater Tailwater => 07062050
 * Shoal Creek => 07187000, 07187000, 06899700, 06899700
 * Meramec River => 07013000, 07013000, 07014500, 07014500, 07019000, 07019000, 07019130, 07010350, 07010350
 * Big Creek => 07037300, 07037300, 06921720, 06921720
 * Little Piney Creek => 06932000, 06932000
 * Little Niangua River => 06925250, 06925250
 * Martigney Creek => 07010208, 07010208
 * Mackenzie Creek => 07010090, 07010090
 * Wakenda Creek => 06896000, 06896000
 * Castor River => 07021000, 07021000, 07021020
 * Grand River => 06897500, 06897500, 06899680, 06902000, 06902000, 06902100
 * Spencer Creek => 05508805, 05508805
 * Fishing River => 06894200
 * River Des Peres Tributary => 07010030, 07010030
 * Spanish Lake Tributary => 06936530, 06936530
 * Crooked Creek => 05503800, 05503800
 * Turnback Creek => 06918460, 06918460
 * Black River => 07061500, 07061500, 07063000, 07063000, 07061600, 07061600, 07062500, 07062575
 * Bear Creek => 05502000, 05502000
 * North Fork Salt River => 05502300, 05502300, 05502500, 05502500
 * Spring Branch Creek => 06893970, 06893970
 * Two Mile Creek => 07010061, 07010061
 * Little Black River => 07068510, 07068510
 * Sebago Creek => 07010070, 07010070
 * Watkins Creek => 07001985, 07001985, 07001910
 * Indian Creek => 06893400, 06893400, 07188885, 07188885, 06893300, 06893300, 06893390, 06893390
 * Maries River => 06927000, 06927000
 * Rock Creek => 06893620, 06893620
 * Eleven Point River => 07071500, 07071500
 * North River => 05501000, 05501000
 * North Fabius River => 05497150, 05497150
 * Chariton River => 06904050, 06904050, 06904500, 06904500, 06905500, 06905500, 06904010, 06904010
 * Marais Des Cygnes River => 06916600, 06916600
 * Caulks Creek => 06935830, 06935830
 * Middle Fabius River => 05498150, 05498150
 * Fee Fee Creek => 06935955, 06935955
 * North Fork Spring River => 07185910, 07185910
 * White River => 07053500, 07053500
 * Bennett Spring => 06923500, 06923500
 * River Des Peres => 07010022, 07010022, 07010097, 07010097
 * Spring River => 07185765, 07185765, 07186000, 07186000, 07185700, 07185700
 * Big River => 07017200, 07017200, 07018100, 07018100, 07018500, 07018500
 * Thompson River => 06899500, 06899500
 * One Hundred And Two River => 06819500, 06819500
 * Honey Creek => 07189542, 07189542
 * Kansas River => 06892350, 06892350, 06892950
 * Auxvasse Creek => 06927240, 06927240
 * Mattese Creek => 07019317, 07019317
 * Mississippi River Pool Lock And Dam  => 05587498
 * Little Blue River => 06893910, 06893910, 06894000, 06894000
 * Grand Glaize Creek => 07019185, 07019185, 07019150, 07019150
 * East Drywood Creek => 06917630, 06917630
 * L Osage River => 06917000, 06917000
 * Adair Creek => 06893830
 * Grammond Creek => 07010094, 07010094
 * Yarnell Creek => 07019195, 07019195
 * Crooked River => 06895000, 06895000
 * Big Sugar Creek => 07188653, 07188653
 * Cuivre River => 05514500, 05514500
 * Lindley Creek => 06921200, 06921200
 * Elk Fork Salt River => 05506800, 05506800
 * Peruque Creek => 05514712, 05514712
 * Moniteau Creek => 06909500, 06909500
 * Huzzah Creek => 07014000, 07014000
 * Roubidoux Creek => 06928300, 06928300, 06928430, 06928430
 * Williams Creek => 07019090, 07019090
 * Nodaway River => 06817700, 06817700
 * Little Sac River => 06918740, 06918740
 * Bull Creek => 07053810, 07053810
 * Flat Creek => 07052820, 07052820
 * Fenton Creek => 07019220, 07019220
 * Coldwater Creek => 06936475, 06936475
 * Cowmire Creek => 06935980, 06935980
 * Blackwater River => 06908000, 06908000, 06907700, 06907700
 * Brush Creek => 06893557, 06893557, 06893560, 06893562, 06893562
 * Current River => 07064533, 07064533, 07067000, 07067000, 07068000, 07068000, 07064440, 07064440
 * Middle Fork Salt River => 05506350, 05506350
 * South Grand River => 06921760, 06921760, 06921590, 06921590
 * Salt River => 05507800, 05507800, 05508000, 05508000
 * Maline Creek => 07005000, 07005000
 * James River => 07050700, 07050700, 07052250, 07052250, 07052500, 07052500
 * Bonhomme Creek => 06935755, 06935755, 06935770, 06935770
 * Cedar Creek => 06919500, 06919500
 * St Francis River => 07034000, 07035800, 07035800, 07036100, 07036100, 07037500, 07037500, 07039500, 07039500, 07040000, 07040000
 * Table Rock Lake Tailwater => 07053401
 * South Fork Dry Sac River => 06918493, 06918493
 * Pomme De Terre River => 06921070, 06921070, 06921350, 06921350
 * Bourbeuse River => 07015720, 07015720, 07016500, 07016500
 * South Creek => 07052120, 07052120
 * East Fork Big Creek => 06897000, 06897000
 * Little Sugar Creek => 07188838, 07188838
 * Long Branch => 05506100, 05506100
 * Kiefer Creek => 07019072, 07019072
 * Platte River => 06820500, 06820500, 06821190, 06821190
 * South Fork Salt River => 05504800, 05504800
 * Petite Saline Creek => 06909950, 06909950
 * Mussel Fork => 06906000, 06906000
 * Moreau River => 06910750, 06910750
 * Long Branch Creek => 06906150, 06906150
 * E Fk Black River => 07061290, 07061290
 * Fishpot Creek => 07019120, 07019120
 * Engelholm Creek => 07010035, 07010035
 * North Fork River => 07057500, 07057500
 * South Fork Saline Creek => 07020550, 07020550
 * Big Spring => 07067500, 07067500
 * Elk River => 07189000, 07189000
 * Medicine Creek => 06900050, 06900050
 * Sugar Creek => 07019175, 07019175
 * Finley Creek => 07052345, 07052345
 * Sac River => 06918440, 06918440, 06919000, 06919020, 06919020, 06919900, 06919900
 * Mississippi River => 05501600, 05587450, 07010000, 07010000, 07020500, 07020500, 07020850, 07022000, 07022000
 * Town Fork Creek => 06893563
 * Fox Creek => 07017115, 07017115
 * Little Osage River => 06917060, 06917060
 * Gasconade River => 06928000, 06928000, 06933500, 06933500, 06934000, 06934000
 * Missouri River => 06818000, 06818000, 06893000, 06893000, 06895500, 06895500, 06906500, 06906500, 06909000, 06909000, 06910450, 06934500, 06934500, 06935965, 06935965, 06813500, 06813500, 06820475, 06820475, 06935450
 * Bryant Creek => 07058000, 07058000
 * Deer Creek => 07010075, 07010075, 07010086, 07010086, 07010055, 07010055
me
------------------------------------------------------------
 * Kennebunk River => 01067950, 01067950
 * Wild River => 01054200, 01054200
 * Diamond River => 01052500, 01052500
 * Cobbosseecontee Stream => 01049500, 01049500
 * Ducktrap River => 01037380, 01037380
 * Dennys River => 01021200, 01021200
 * Meduxnekeag River => 01017960, 01017960, 01018000, 01018000, 01018035, 01018035
 * Williams Brook => 01017550, 01017550
 * Big Black River => 01010070, 01010070
 * Wytopitlock Stream => 01030350
 * Black Stream => 01031510, 01031510
 * Narraguagus River => 01022330, 01022330, 01022500, 01022500
 * St Francis River => 01011500, 01011500
 * East Branch Wesserunsett Stream => 01048220, 01048220
 * Mousam River => 01068910, 01068910
 * Presumpscot River => 01064118
 * Stony Brook => 01063310, 01063310
 * Nezinscot River => 01055500, 01055500
 * Penobscot River => 01034500, 01034500, 01036390
 * North Branch Penobscot River => 01027200, 01027200
 * East Branch Bear Brook => 01022294, 01022294
 * Old Stream => 01021480, 01021480
 * Sebasticook River => 01049000, 01049000
 * Carrabassett River => 01047000, 01047000
 * Spencer Stream => 01044550, 01044550
 * Fish River => 01013500, 01013500
 * St John River => 01010000, 01010000, 01010500, 01010500, 01014000, 01014000
 * Ellis River => 01054300, 01054300
 * Sandy River => 01048000, 01048000, 01047200
 * Kennebec River => 01042500, 01042500, 01046500, 01046500, 01049265, 01049265, 01049320, 01049505
 * Libby Brook => 01021470, 01021470
 * Allagash River => 01011000, 01011000
 * Otter Creek => 01022840, 01022840
 * Saco River => 01064500, 01064500, 01066000, 01066000
 * Androscoggin River => 01053500, 01053500, 01054000, 01054000, 01054500, 01054500, 01059000, 01059000
 * Sheepscot River => 01038000, 01038000
 * Mattawamkeag River => 01030500, 01030500
 * Pleasant River => 01022260, 01022260
 * Pearce Brook => 01018009
 * East Branch Penobscot River => 01029500, 01029500
 * Machias River => 01021500, 01021500
 * Grand Lake Stream => 01019000, 01019000
 * Back River Creek => 01059555
 * Little Madawaska River => 01017290
 * Dead River => 01055220
 * Swift River => 01055000, 01055000
 * Piscataquis River => 01031300, 01031300, 01031500, 01031500, 01034000, 01034000
 * Aroostook River => 01015800, 01015800, 01017000, 01017000
 * Austin Stream => 01046000, 01046000
 * Little Androscoggin River => 01057000, 01057000
 * Kingsbury Stream => 01031450, 01031450
 * Seboeis River => 01029200, 01029200
 * West Branch Bear Brook => 01022295, 01022295
 * St Croix River => 01018500, 01018500, 01021000, 01021000
ia
------------------------------------------------------------
 * Lake Panorama => 05483470
 * North River => 05486000, 05486000
 * Upper Iowa River => 05387440, 05387440, 05387500, 05387500, 05388250, 05388250
 * Turkey River => 05411850, 05411850, 05412020, 05412020, 05412500, 05412500
 * Bloody Run Creek => 05389400, 05389400
 * Black Hawk Lake => 05482315
 * Salt Creek => 05452000, 05452000
 * Boyer River => 06609500, 06609500
 * EastWest Okoboji Lake Channel => 06604215
 * Cedar Creek => 05473400, 05473400, 05489000, 05489000
 * Rathbun Lake => 06903880
 * Perry Creek => 06599900, 06599950, 06600000
 * Chariton River => 06903400, 06903400, 06903900, 06903900, 06904010, 06904010
 * Iowa River => 05449500, 05449500, 05451500, 05451500, 05453100, 05453100, 05453520, 05453520, 05454500, 05454500, 05455700, 05455700, 05465500, 05465500
 * North Raccoon River => 05482300, 05482300, 05482500, 05482500
 * Big Sioux River => 06485500, 06485500
 * Union Grove Lake Outlet => 05451787
 * Maple River => 06607200, 06607200
 * West Okoboji Lake => 06604200
 * Fox River => 05494300, 05494300
 * South Fork Chariton River => 06903700, 06903700
 * Des Moines River => 05476750, 05476750, 05480500, 05480500, 05481300, 05481300, 05481650, 05481650, 05482000, 05482000, 05485500, 05485500, 05487500, 05487500, 05488110, 05488110, 05488500, 05488500, 05489500, 05489500, 05490500, 05490500, 05487520, 05487520
 * North Fork Maquoketa River => 05418400, 05418400
 * Old Mans Creek => 05455100, 05455100
 * Floyd River => 06600100, 06600100, 06600500, 06600500
 * Volga River => 05412400, 05412400
 * South River => 05487470, 05487470
 * Wetland Inlet Drainage Ditch  => 05471032, 05471032
 * East Nishnabotna River => 06809210, 06809210, 06809500, 06809500, 06809500
 * Beaver Slough => 05420460
 * Fourmile Creek => 05485605, 05485605, 05485640, 05485640
 * Clear Lake => 05460000
 * South Fork Iowa River Headwaters => 05451070
 * East Fork  River => 06819185, 06819185
 * South Raccoon River => 05484000, 05484000
 * MononaHarrison Ditch => 06602400, 06602400
 * Duck Creek => 05422560, 05422560, 05422600, 05422600
 * Clear Creek => 05454220, 05454220, 05454300, 05454300
 * West Fork Cedar River => 05458900, 05458900
 * South Fork Iowa River => 05451080, 05451080
 * Rock River => 06483290, 06483290, 06483500, 06483500
 * Wapsipinicon River => 05420680, 05420680, 05421000, 05421000, 05421740, 05421740, 05422000, 05422000
 * Skunk River => 05474000, 05474000
 * Little Cedar River => 05458000, 05458000
 * Timber Creek => 05451700, 05451700
 * Shell Rock River => 05462000, 05462000
 * Crow Creek => 05422470, 05422470
 * Muddy Creek => 05454090, 05454090
 * Beaver Creek => 05463000, 05463000, 05481950, 05481950
 * Walnut Creek => 05452200, 05452200, 05484800, 05484800
 * Indian Creek => 05471200, 05471200
 * English Creek => 05488200, 05488200
 * Ocheyedan River => 06605000, 06605000
 * Big Creek => 05473450, 05473450
 * Raccoon River => 05484500, 05484500, 05484600, 05484600, 05484650, 05484650, 05484900, 05484900
 * Richland Creek => 05451900, 05451900
 * South Branch Ralston Creek => 05455010
 * East Fork Des Moines River => 05479000, 05479000
 * Yellow River => 05389000, 05389000
 * South Fork Iowa River Ne Of New Providence Ia => 05451210, 05451210
 * Maquoketa River => 05416900, 05416900, 05418500, 05418500
 * Squaw Creek => 05470500, 05470500
 * South Skunk River => 05470000, 05470000, 05471000, 05471000, 05471050, 05471050, 05471500, 05471500
 * Little Sioux River => 06605850, 06605850, 06606600, 06606600, 06607500, 06607500
 * English River => 05455500, 05455500
 * Mississippi River => 05389500, 05389500, 05389500, 05411500, 05411500, 05420500, 05420500, 05420400
 * Middle Raccoon River => 05483450, 05483450, 05483600, 05483600
 * Wolf Creek => 05464220, 05464220
 * Winnebago River => 05459500, 05459500
 * Big Bear Creek => 05453000, 05453000
 * Hoover Creek => 05464942, 05464942
 * North Skunk River => 05472500, 05472500
 * West Fork Ditch => 06602020, 06602020
 * Nishnabotna River => 06810000, 06810000
 * Soldier River => 06608500, 06608500
 * Middle River => 05486490, 05486490
 * Cedar River => 05457700, 05457700, 05458300, 05458300, 05458500, 05458500, 05463050, 05464000, 05464000, 05464500, 05464500, 05465000, 05465000
 * Missouri River => 06486000, 06486000, 06601200, 06601200, 06610000, 06610000, 06807000, 06807000, 06813500, 06813500, 06610505
 * Thompson River => 06898000, 06898000
 * West Nishnabotna River => 06807410, 06807410, 06808500, 06808500
 * Black Hawk Creek => 05463500, 05463500
 * Spirit Lake => 06604000
 * White Breast Creek => 05487980, 05487980
 * Rapid Creek => 05454000, 05454000
 * Little Pony Creek => 06610657, 06610657, 06610657, 06610657
 * Nodaway River => 06817000, 06817000
 * Boone River => 05481000, 05481000
or
------------------------------------------------------------
 * Little North Santiam River => 14182500, 14182500
 * Blue River => 14162200, 14162200
 * Williamson River => 11493500, 11493500, 11502500, 11502500
 * Nehalem River => 14299800, 14299800, 14301000, 14301000
 * Big Butte Creek => 14337500, 14337500
 * Bull Run Lake => 14138560
 * Fish Creek => 14315950, 14315950
 * Little N Santiam River => 14182400, 14182400, 14181900
 * Chetco River => 14400000, 14400000
 * Blowout Creek => 14180300, 14180300
 * Middle Fork Willamette River => 14145500, 14145500, 14148000, 14148000, 14150000, 14150000, 14152000, 14152000
 * So Fk Mckenzie River => 14159200, 14159200
 * Willow Creek => 14034470, 14034470, 14034500, 14034500
 * Mill Creek => 14096300, 14096300
 * Beaver Creek => 14096850, 14096850, 14142800, 14142800
 * Little Wolf Creek => 14320934, 14320934
 * Thomas Creek => 14188800, 14188800
 * South Umpqua River => 14308000, 14308000, 14312000, 14312000
 * North Umpqua River => 14315500, 14315500, 14319500, 14319500
 * Pudding River => 14201340, 14201340, 14202000, 14202000
 * Columbia Slough => 14211820, 14211820
 * North Fork John Day River => 14046000, 14046000
 * Coast Fork Willamette River => 14153500, 14153500, 14157500, 14157500
 * East Fork Dairy Creek => 14205400, 14205400
 * No Santiam River => 14178000, 14178000
 * Meacham Creek => 14020300, 14020300
 * Columbia River  Beaver Army Terminal => 14246900, 14246900
 * Malheur River => 13215000, 13215000, 13233300, 13233300
 * East Fork Ashland Creek => 14353500, 14353500
 * Schafer Creek => 14188610, 14188610
 * Bear Creek => 13330500, 13330500, 14354200, 14354200, 14357500, 14357500
 * Owyhee River => 13181000, 13181000, 13183000, 13183000
 * Rock Creek => 14181750, 14181750
 * Row River => 14154500, 14154500, 14155500, 14155500
 * North Fork Hinkle Creek => 14319835, 14319835
 * Applegate River => 14362000, 14362000, 14366000, 14366000, 14369500, 14369500
 * Pine Creek => 14046890, 14046890
 * Tualatin River => 14203500, 14203500, 14207500, 14207500
 * Link River => 11507500, 11507500
 * Bridge Creek => 14046778, 14046778
 * White Salmon River => 14123500, 14123500
 * Winberry Creek => 14150800, 14150800
 * South Fork Bull Run River => 14139800, 14139800
 * Nate Creek Tributary => 14199704, 14199704
 * Willamette River => 14166000, 14166000, 14174000, 14174000, 14191000, 14191000, 14197900, 14197900, 14207740, 14207770, 14211720, 14211720
 * Marys River => 14171000, 14171000
 * Snake River => 13213100, 13213100, 13290450, 13290450
 * Blazed Alder Creek => 14138800, 14138800
 * Wilson River => 14301500, 14301500, 14302020
 * South Fork Rogue River => 14332000, 14332000
 * Deschutes River => 14076500, 14076500, 14092500, 14092500, 14103000, 14103000
 * Quartzville Creek => 14185900, 14185900
 * Nestucca River => 14302900, 14302900, 14303600, 14303600
 * Columbia River => 14105700, 14105700, 14128870, 14144700
 * Star Gulch => 14362250, 14362250
 * Imnaha River => 13292000, 13292000
 * Illinois River => 14377100, 14377100
 * Clackamas River => 14209500, 14209500, 14210000, 14210000, 14211010, 14211010
 * South Fork Mckenzie River => 14159500, 14159500
 * Long Tom River => 14166500, 14166500, 14169000, 14169000, 14170000, 14170000
 * Alsea River => 14306500, 14306500
 * Whitewater River => 14090400, 14090400
 * Santiam River => 14189000, 14189000
 * Siletz River => 14305500, 14305500
 * NUmpqua River => 14313200, 14313200, 14313700, 14313700, 14315700, 14315700, 14316455, 14316455
 * Crooked River => 14087380, 14087380, 14087400, 14087400
 * Lookout Creek => 14161500, 14161500
 * Tucca Creek => 14303200, 14303200
 * Grande Ronde River => 13333000, 13333000
 * Fairview Creek => 14211814, 14211814
 * Donner Und Blitzen River => 10396000, 10396000
 * Siuslaw River => 14307620, 14307620
 * Fanno Creek => 14206900, 14206900, 14206950, 14206950
 * Bull Creek => 14198400, 14198400
 * Lake Creek => 14312500, 14312500
 * Fir Creek => 14138870, 14138870
 * Wiley Creek => 14187000, 14187000
 * Zollner Creek => 14201300, 14201300, 14201300
 * Oak Grove Fork => 14208700, 14208700, 14209000, 14209000
 * Hood River => 14120000, 14120000
 * Tryon Creek => 14211315, 14211315
 * Trask River => 14302480, 14302480
 * West Fork Cow Creek => 14309500, 14309500
 * Boulder Creek => 14316495, 14316495
 * Lebanon Santiam Canal => 14187600, 14187600
 * Cow Creek => 14308990, 14309000, 14309000, 14310000, 14310000
 * N Fork Sprague River => 11495800, 11495800
 * East Fork Lobster Creek => 14306340, 14306340
 * Breitenbush River => 14179000, 14179000
 * Warm Springs River => 14095500, 14095500, 14097100, 14097100
 * Clearwater River => 14314500, 14314500, 14314700, 14314700
 * Cedar Creek => 14164700, 14164700
 * Umpqua River => 14321000, 14321000
 * Shitike Creek => 14092750, 14092750, 14093000, 14093000
 * Little Sandy River => 14141500, 14141500
 * Umatilla River => 14020000, 14020000, 14020850, 14020850, 14033500, 14033500
 * Minam River => 13331500, 13331500
 * Johnson Creek => 14211400, 14211400, 14211500, 14211500, 14211550, 14211550
 * Jefferson Creek => 14090350, 14090350
 * Kelley Creek => 14211499, 14211499, 14211499
 * Mckenzie River => 14158500, 14158500, 14158850, 14158850, 14162500, 14162500, 14163150, 14163150, 14163900, 14163900, 14164900, 14164900
 * North Santiam River => 14181500, 14181500, 14183000, 14183000, 14184100, 14184100
 * Elk Creek => 14338000, 14338000
 * Metolius River => 14091500, 14091500
 * Molalla River => 14200000, 14200000
 * Sprague River => 11501000, 11501000
 * Mosier Creek => 14113200, 14113200
 * North Fork Malheur River => 13217500, 13217500
 * N Umpqua River => 14313500, 14313500, 14316500, 14316500
 * Lostine River => 13330000, 13330000, 13330300, 13330300
 * Middle Fork John Day River => 14044000, 14044000
 * Upper Klamath Lake => 11505800, 11505900, 11507000
 * South Santiam River => 14185000, 14185000, 14187200, 14187200, 14187500, 14187500
 * Luckiamute River => 14190500, 14190500
 * Bull Run River => 14138720, 14138720, 14138850, 14138850, 14140000, 14140000
 * South Fork Coquille River => 14325000, 14325000
 * Sandy River => 14137000, 14137002, 14137002, 14142500, 14142500, 14136500, 14136500
 * Rogue River => 14330000, 14330000, 14337600, 14337600, 14339000, 14339000, 14359000, 14359000, 14361500, 14361500, 14372300, 14372300
 * Little River => 14318000, 14318000
 * South Yamhill River => 14194150, 14194150
 * Lookingglass Creek => 13324300, 13324300
 * John Day River => 14038530, 14038530, 14046500, 14046500, 14048000, 14048000
 * Klamath River => 11509500, 11509500, 11510700, 11510700
 * Wallowa River => 13329770, 13329770
 * Mohawk River => 14165000, 14165000, 14165000
 * North Fork Bull Run River => 14138900, 14138900
 * West Fork Ashland Creek => 14353000, 14353000
 * Fall Creek => 14151000, 14151000
 * Steamboat Creek => 14316700, 14316700
 * South Fork Hinkle Creek => 14319830, 14319830
oh
------------------------------------------------------------
 * Tinkers Creek => 04207200, 04207200
 * Mcguire Creek => 03120500
 * Salt Creek => 03149500, 03149500
 * Wolf Ditch => 04194082, 04194082
 * Unnamed Tributary To Lost Creek => 04185440, 04185440
 * Tiffin River => 04185000, 04185000
 * Clear Fork => 03133500
 * Big Darby Creek => 03230500, 03230500
 * Monday Creek => 03158200, 03158200
 * Great Miami River => 03261500, 03261500, 03262700, 03262700, 03263000, 03263000, 03270500, 03270500, 03271500, 03271510, 03271601, 03271601, 03272100, 03272100, 03272100, 03274000, 03274000
 * Blanchard River => 04189000, 04189000, 04188337, 04188400, 04189260
 * South Fork Licking River => 03145000, 03145000, 03144816, 03144816
 * Sunday Creek => 03159000, 03159246, 03159246
 * Rocky River => 04201500, 04201500, 04201500
 * Grand River => 04212100, 04212100
 * Mill Creek => 03220000, 03220000, 03255050, 03255180, 03255300, 03255420, 03255500
 * Symmes Creek => 03205470, 03205470
 * Ohio River => 03216000, 03216600, 03216600, 03217200, 03238000, 03255000, 03201500, 03206000, 03110690, 03114280, 03150700
 * Seneca Fork => 03141500
 * Wakatomika Creek => 03144000, 03144000
 * Eagle Creek => 03093000, 03093000, 04188496
 * Paint Creek => 03232000, 03232000, 03232470, 03232470, 03234000
 * East Fork Little Miami River => 03247500, 03247500
 * Caesar Creek => 03242350, 03242350
 * Pymatuning Creek => 03102950
 * Shade River => 03159540, 03159540
 * Deer Creek => 03230800, 03230800, 03230900, 03231000
 * St Marys River => 04180988, 04180988
 * Portage River => 04195820, 04195820
 * Bokengehalas Creek => 03260706, 03260706
 * Black Fork => 03130000, 03131500
 * Little Miami River => 03242050, 03245500, 03245500, 03240000, 03240000
 * Clear Creek => 03157000, 03157000
 * Mad River => 03267000, 03267000, 03267900, 03267900, 03269500, 03269500, 03270000, 03270000
 * Raccoon Creek => 03201902, 03201902, 03202000, 03202000, 03145483, 03145483
 * Little Stillwater Creek => 03128500
 * Fish Creek => 04177720, 04177720
 * Lock  Outlet OE Canal => 410433081312500, 410433081312500
 * Cuyahoga River => 04202000, 04202000, 04206000, 04206000, 04208000, 04208000
 * Ohio Brush Creek => 03237500, 03237500
 * White Oak Creek => 03238500, 03238500
 * Huff Run => 03121850, 03121850
 * Sugar Creek => 03124000
 * Alum Creek => 03228750, 03228750, 03228805, 03228805, 03228805, 03229000
 * Walnut Creek => 03229796, 03229796
 * Indian Creek => 03274166
 * Berger Ditch => 04194085, 04194085
 * Chagrin River => 04209000, 04209000
 * Twin Creek => 03272000, 03272000
 * Greenville Creek => 03264000, 03264000
 * Sandy Creek => 03117500, 03117500
 * Rocky Fork => 03232500, 03232500
 * Chippewa Creek => 03116077, 03116077
 * Leatherwood Creek => 03141870, 03141870
 * Black River => 04200500, 04200500
 * Muskingum River => 03140500, 03140500, 03144500, 03148000, 03150000, 03150000
 * Walhonding River => 03138500, 03139850
 * Tuscarawas River => 03117000, 03117000, 03122500, 03124800, 03129000, 03129000
 * Licking River => 03146500, 03146500, 03147500
 * Huron River => 04199000, 04199000
 * Mahoning River => 03086500, 03090500, 03090500, 03091500, 03091500, 03091500, 03094000, 03094000, 03094000, 03097550, 03097550, 03097550, 03098600, 03098600, 03098600, 03099500
 * Rattlesnake Creek => 03232300
 * O'bannon Creek => 03244936, 03244936
 * Middle Branch Nimishillen Creek => 03118000, 03118000
 * Hocking River => 03157500, 03157500, 03159500, 03159500
 * Captina Creek => 03113990, 03113990
 * Lye Creek => 04188433
 * Auglaize River => 04186500, 04186500
 * Wolf Creek => 03271000, 03271000
 * Little Raccoon Creek => 03201980, 03201980
 * West Branch Mahoning River => 03092090, 03092460, 03092460
 * Kokosing River => 03136500, 03136500
 * Wills Creek => 03142000, 03142000, 03143500
 * Whetstone Creek => 03223425, 03223425
 * Honey Creek => 04197100, 04197100
 * Yellow Creek => 03110000, 03110000
 * Killbuck Creek => 03139000, 03139000
 * Stillwater Creek => 03126000, 03127000, 03127500
 * Loramie Creek => 03261950, 03261950, 03262000, 03262000
 * Olentangy River => 03223000, 03225500, 03225500, 03226800, 03226800
 * Crab Creek => 03098700
 * Scioto River => 03219500, 03219500, 03219500, 03220510, 03221000, 03221000, 03227500, 03227500, 03229610, 03229610, 03230700, 03231500, 03231500, 03234500, 03234500, 03237020, 03237020
 * Holes Creek => 03271300, 03271300
 * St Joseph River => 04178000, 04178000
 * Long Lake Feeder OE Canal Oh => 410121081330300, 410121081330300
 * Maumee River => 04192500, 04192500, 04193500, 04193500
 * Bean Creek => 04184500, 04184500
 * Stillwater River => 03265000, 03265000, 03266000, 03266000
 * Lake Fork => 03135000
 * East Fork Mill Creek => 03255270
 * Big Walnut Creek => 03228300, 03228300, 03228300, 03228500, 03228500, 03229500, 03229500
 * Nimishillen Creek => 03118500, 03118500
 * Mosquito Creek => 03095500, 03095500
 * Wolf Creek Outlet OE Canal => 410014081362600, 410014081362600
 * Sandusky River => 04196500, 04196500, 04198000, 04198000
 * Wheeling Creek => 03111548, 03111548, 03112000, 03112000
 * Short Creek => 03111500, 03111500
 * Little Beaver Creek => 03109500, 03109500
 * E Fk Little Miami River => 03247041, 03247041
 * Massies Creek => 03241500, 03241500
 * North Fork Licking River => 03146277, 03146277, 03146405
 * Vermilion River => 04199500, 04199500
 * Tymochtee Creek => 04196800, 04196800
 * Sevenmile Creek => 03272700, 03272700
 * Little Muskingum River => 03115400, 03115400
 * Sharon Creek => 03255390
ky
------------------------------------------------------------
 * Russell Creek => 03307000, 03307000
 * Hinkston Creek => 03252300, 03252300
 * Elkhorn Creek => 03289500, 03289500
 * Sturgeon Creek => 03282040
 * Cane Run => 03288200, 03288200
 * Rough River => 03318010, 03319000
 * Drakes Creek => 03314000
 * Pond Creek => 03302000, 03302000, 03302030, 03302030
 * Cedar Creek => 03297800, 03297800, 03298250, 03298250
 * Cutshin Creek => 03280700, 03280700
 * Bayou De Chien => 07024000, 07024000
 * Cruises Creek => 03254480, 03254480
 * Hickman Creek => 03284580
 * Banklick Creek  Highway  => 03254550, 03254550
 * Middle Fork Kentucky River => 03280600, 03281000, 03281000
 * South Fork Licking River => 03252500
 * M Fk Beargrass Creek => 03293000, 03293000, 03293500, 03293500
 * Threemile Creek => 03254695
 * Muddy Fk => 03293530, 03293530
 * Mill Creek => 03294570, 03294570, 03301700, 03301700
 * Levisa Fork => 03209500, 03209500, 03209800, 03212500, 03212500, 03208000
 * Dry Creek => 03260050
 * Taylor Creek => 03238140
 * Brashears Creek => 03295890
 * South Fork Beargrass Creek => 03292500, 03292500
 * Fern Creek => 03301900, 03301900
 * Eagle Creek => 03291500, 03291500
 * Ohio River => 03216000, 03216600, 03216600, 03217200, 03238000, 03255000, 03277200, 03293548, 03294500, 03303280, 03304300, 03322000, 03322420, 03384500, 03399800, 03399800, 03611000, 03611500, 03611500, 03612500, 03381700, 03381700, 03294600, 03322190
 * North Fork Kentucky River => 03277300, 03277300, 03277500, 03280000, 03280000
 * Wolf Run => 03289193, 03289193
 * Barren River Lake => 03312900
 * West Fork Drakes Creek => 03313700, 03313700
 * Carr Fork => 03277450
 * Fourmile Creek => 03238772, 03238772
 * Gunpowder Creek => 03277075, 03277075
 * Pleasant Run Creek => 03260015
 * Barren River => 03313000, 03314500, 03314500
 * Goose Creek => 03281100, 03281100, 03292474, 03292474, 03292475, 03292475
 * Chenoweth Run => 03298135, 03298135, 03298150, 03298150
 * Mud Lick Creek => 03277130, 03277130
 * South Fork Kentucky River => 03281500, 03281500
 * Red River => 03282500, 03282500, 03283500, 03283500
 * Tygarts Creek => 03217000
 * Grayson Lake => 03216300
 * Muddy Creek => 03283827
 * Beaver Creek => 03413200, 03413200
 * S Fk Beargrass Creek => 03292550, 03292550
 * N Elkhorn Creek => 03287580, 03287580, 03287590, 03287590, 03287600, 03287600
 * E Hickman Creek Tributary => 03284525, 03284525
 * Long Lick => 03298550, 03298550
 * Little Bayou Creek => 03611900, 03611900
 * Little River => 03438000, 03438000
 * Pennslyvania Run => 03298300, 03298300
 * Johns Creek => 03210000, 03210000, 03211500
 * Beargrass Creek => 03293510
 * Tug Fork => 03213700, 03213700
 * Green River => 03306000, 03306500, 03308500, 03308500, 03311500, 03315500, 03316500, 03316645, 03319885, 03320000, 03320000
 * North Elkhorn Creek => 03288100, 03288100
 * Grapevine Creek => 03207965
 * Licking River => 03248300, 03248300, 03249500, 03249505, 03250500, 03250500, 03251500, 03251500, 03253500, 03253500, 03254520
 * Elijahs Creek  Elijahs Creek Rd => 03260100, 03260100
 * Otter Creek => 03302110, 03302110
 * Mill Creek Cutoff => 03294550, 03294550
 * Beech Fork => 03300400, 03301000, 03301000
 * Floyds Fork => 03297900, 03297900, 03298000, 03298000, 03298200, 03298200, 03298470
 * Big Sandy River => 03215000
 * Russell Fork => 03209300
 * Dewey Lake => 03211000
 * Twelvemile Creek => 03238745, 03238745
 * Cumberland River => 03401000, 03401000, 03404000, 03404000
 * Tradewater River => 03383000, 03383000, 03384100
 * Brier Creek => 03302050, 03302050
 * Dix River => 03285000, 03285000, 03286200
 * Northern Ditch => 03301940, 03301940
 * Rock Lick Creek => 03250310, 03250310, 03250322, 03250322
 * South Elkhorn Creek => 03289000, 03289000, 03289300, 03289300
 * Town Branch => 03289200, 03289200
 * East Hickman Creek => 03284520, 03284520, 03284530, 03284530
 * Rockcastle River => 03406500, 03406500
 * Nolin River => 03310300, 03310300, 03311000
 * Salt River => 03295400, 03295400, 03298500, 03298500
 * Little Sandy River => 03216350, 03216400, 03216500, 03216500
 * Rolling Fork => 03301500, 03301500, 03301630
 * Kentucky River => 03282000, 03282000, 03282060, 03282060, 03282120, 03282120, 03282290, 03282290, 03284000, 03284000, 03284230, 03284500, 03284500, 03286500, 03287000, 03287000, 03287000, 03287250, 03287250, 03287250, 03287500, 03287500, 03290080, 03290500, 03290500
 * West Hickman Creek  Ash Grove Pk => 03284555, 03284555
 * Harrods Creek => 03292470, 03292470
 * Little Goose Creek => 03292480, 03292480
 * Bayou Creek => 03611800, 03611850, 03611850
 * North Fork Licking River => 03251200
 * Woolper Creek => 03262001, 03262001
 * Slate Creek => 03250190, 03250190
 * Royal Springs => 03288110, 03288110
 * Kinniconick Creek => 03237255, 03237255
il
------------------------------------------------------------
 * Sangamon River => 05570910, 05570910, 05572000, 05572000, 05573540, 05573540, 05576500, 05576500, 05583000, 05583000
 * Sawmill Creek => 05533400, 05533400
 * West Okaw River => 05591700, 05591700
 * Clinton Lake => 05578300
 * Addison Creek => 05532000, 05532000
 * Spoon River => 05569500, 05569500, 05570000, 05570000
 * Crab Orchard Creek => 05597500, 05597500
 * South Branch Kishwaukee River => 05439000, 05439000, 05439500, 05439500
 * South Fork Saline River => 03382100, 03382100
 * Mackinaw River => 05567500, 05567500, 05568000, 05568000
 * Mill Creek => 05448000, 05448000, 05527950, 05527950, 05551330, 05551330
 * Copper Slough => 05590050, 05590050
 * Cahokia Creek => 05587900, 05587900
 * Salt Fork => 03336900, 03336900
 * Buffalo Creek => 05528500, 05528500
 * Fox River => 05548500, 05549500, 05550000, 05550000, 05551000, 05551540, 05551540, 05552500, 05552500
 * Ferson Creek => 05551200, 05551200
 * Shoal Creek => 05593945, 05593945, 05594000, 05594000
 * Hart Ditch => 413028087303601, 413340087285001
 * Spring Creek => 05577500, 05577500
 * Kickapoo Creek => 05580000, 05580000, 05579630, 05579630, 05579610, 05579610
 * Rayse Creek => 05595730, 05595730
 * Butterfield Creek => 05536255, 05536255
 * Robinson Creek => 05592050, 05592050
 * Mc Donald Creek => 05529500, 05529500
 * Casey Fork => 05595820, 05595820
 * Hurricane Creek => 05592800, 05592800
 * Crooked Creek => 05593520
 * Bear Creek => 05495500, 05495500
 * Elkhorn Creek => 05444000, 05444000
 * Poplar Creek => 05550500, 05550500
 * Indian Creek => 05568800, 05568800, 05588000, 05588000
 * Macoupin Creek => 05587000, 05587000
 * Senachwine Creek => 05559700
 * Kress Creek => 05540060, 05540060
 * Silver Creek => 05594450, 05594450, 05594800, 05594800
 * Embarras River => 03343400, 03343400, 03345500, 03345500, 03346500, 03346500
 * Little Crooked Creek => 05593575, 05593575
 * Midlothian Creek => 05536340, 05536340
 * Mazon River => 05542000, 05542000
 * Wabash River => 03377500, 03377500
 * North Fork Vermilion River => 03338780, 03338780
 * Little Calumet River => 413339087223001, 413438087311701, 05536290, 05536290
 * Henderson Creek => 05469000, 05469000
 * Des Plaines River => 05527800, 05527800, 05528000, 05528000, 05529000, 05529000, 05532500, 05532500, 05537980, 05537980, 05534000
 * Judys Branch => 05588720, 05588720
 * Mississippi River Pool Lock And Dam  => 05587498
 * Nippersink Creek => 05548280, 05548280
 * Spring Brook => 05540275, 05540275
 * Thorn Creek => 05536275, 05536275
 * Fox Lake => 05547500
 * Big Bureau Creek => 05556500, 05556500
 * Illinois River => 05543500, 05543500, 05558300, 05558300, 05568500, 05568500, 05568615, 05585500, 05586100, 05586100, 05587060
 * Tinley Creek => 05536500, 05536500
 * Blackberry Creek => 05551675, 05551675, 05551700, 05551700
 * Flag Creek => 05533000, 05533000
 * Sewer Smh => 415047087405201, 415047087405201
 * Sewer nd St => 414857087471401, 414857087471401
 * North Mill Creek => 05527910, 05527900
 * Kishwaukee River => 05438500, 05438500, 05440000, 05440000
 * Rock River => 05437500, 05437500, 05437610, 05437641, 05440700, 05440700, 05443000, 05443500, 05443500, 05446500, 05446500
 * Salt Creek => 05530990, 05530990, 05531044, 05531044, 05531175, 05531300, 05531300, 05531410, 05531500, 05531500, 05532300, 05578500, 05578500, 05582000, 05582000, 05531015
 * La Moine River => 05584500, 05584500, 05585000, 05585000
 * Pope Creek => 05467000, 05467000
 * Long Run => 05537500, 05537500
 * Green River => 05447500, 05447500
 * Edwards River => 05466000, 05466000, 05466500, 05466500
 * Du Page River => 05540500, 05540500
 * Chicago Sanitary And Ship Canal => 05536890, 05536890
 * Vermilion River => 03339000, 03339000, 05554500, 05554500, 05555300, 05555300
 * Drainage Ditch => 05528035
 * Little Kickapoo Creek => 05579725, 05579725
 * South Fork Sangamon River => 05576000, 05576000
 * Skokie River => 05535000, 05535000, 05535070, 05535070
 * Big Muddy River => 05595700, 05597000, 05597000, 05599490, 05599500, 05599500
 * North Fork Embarras River => 03346000, 03346000
 * Big Muddy Subimpoundment => 05595765
 * Hastings Creek => 05527905
 * Boneyard Creek => 03337000, 03337000, 03337100, 03337100, 03337250
 * Iroquois River => 05525000, 05525000, 05526000, 05526000
 * Casey Fork Subimpoundment => 05595860
 * Weller Creek => 05530000, 05530000
 * Sewer  => 403353090010901, 403353090010901, 403353090010901, 403353090010901
 * Piasa Creek => 05587480
 * Bonpas Creek => 03378000, 03378000
 * Sinsinawa River => 05414820, 05414820
 * West Branch Du Page River => 05539900, 05539900, 05540095, 05540095, 05540130, 05540130
 * Skillet Fork => 03380500, 03380500
 * Ohio River => 03384500, 03399800, 03399800, 03611500, 03611500, 03612500, 03381700, 03381700
 * St Joseph Creek => 05540195, 05540195
 * Sewer Ds => 420307087554201, 420307087554201, 420412087573301, 420412087573301
 * Lusk Creek => 03384450, 03384450
 * Fondulac Creek => 05561500, 05561500
 * Apple River => 05419000, 05419000
 * North Branch Chicago River => 05534500, 05534500, 05536000, 05536000
 * Aux Sable Creek => 05541710
 * Cache River => 03612000, 03612000
 * Richland Creek => 05595200, 05595200
 * Little Wabash River => 03378635, 03378635, 03379500, 03379500, 03381495, 03381500, 03381500
 * Middle Fork Vermilion River => 03336645, 03336645
 * Kickapoo Creek Tributary => 05579620, 05579620
 * Nippersink Lake => 05548000
 * Channel Lake => 05547000
 * Chicago River => 05536121, 05536123
 * Sewer rd St => 414851087473201, 414851087473201
 * Sewer North Interceptor => 413006090354901, 413006090354901
 * Kankakee River => 05520500, 05520500, 05527500, 05527500
 * Wf Of Nb Chicago River => 05535500, 05535500
 * Kaskaskia River => 05590950, 05590950, 05591200, 05591200, 05592000, 05592000, 05592100, 05592100, 05592500, 05592500, 05593000, 05593000, 05593020, 05594100, 05594100, 05595240
 * East Branch Du Page River => 05540160, 05540160, 05540250, 05540250
 * Fox River Tailwater => 05549501, 05550001
 * Lake Fork => 05579500, 05579500, 05590800, 05590800
 * Pecatonica River => 05435500, 05435500, 05437050, 05437050
 * Hickory Creek => 05539000, 05539000, 05592575, 05592575
 * Whitley Creek => 05591550, 05591550
 * Bay Creek => 05512500, 05512500
 * Mississippi River => 05587450, 07020500, 07020500, 07022000, 07022000, 05420400
 * Sugar Creek => 05525500, 05525500, 05580950, 05580950
 * Lake Michigan => 04087440
 * Sewer Cds => 413628087353401, 413628087353401, 413628087353401, 413628087353401, 413628087353401, 413628087353401, 414349087322401, 414349087322401, 414349087322401, 414349087322401, 414349087322401, 414349087322401, 414349087322401, 414349087322401, 414349087322401, 414349087322401
 * Nb Chicago River => 05536105, 05536105
 * Tyler Creek => 05550300, 05550300
 * Farm Creek => 05560500, 05560500
 * East Fork Shoal Creek => 05593900, 05593900
 * East Fork Kaskaskia River => 05592900, 05592900
 * Deer Creek => 05536235, 05536235
az
------------------------------------------------------------
 * Yuma Irrigation Dist  Lateral => 09522770
 * Yuma Irrigation District  Lateral => 09522710, 09522740, 09522760, 09522750, 09522750
 * Chevelon Fork => 09397500, 09397500
 * Blue River => 09444200, 09444200
 * San Carlos River => 09468500, 09468500
 * Diversion From Yuma Main Canal For Yuma Municipal => 09526000
 * Ramsey Canyon => 09470750, 09470750
 * North Gila Main Canal Wasteway => 09529150, 09529150
 * Bill Williams River => 09426000, 09426000, 09426620, 09426620
 * Cragin Dam Reservoir => 09398300, 09398300
 * Skunk Creek => 09513860, 09513860
 * Rillito Creek => 09485700, 09485700, 09486055, 09486055
 * Bartlett Reservoir => 09509502
 * Pantano Wash => 09484600, 09484600, 09485450, 09485450
 * San Pedro River => 09470500, 09470500, 09471000, 09471000, 09471550, 09471550, 09472050, 09472050, 09471800, 09471800
 * Pasture Canyon Springs => 09401265, 09401265
 * Corduroy Creek => 09495800
 * Agua Fria River => 09512450, 09512450, 09512500, 09512500, 09512800, 09512800
 * Beaver Creek => 09505400, 09505400
 * Little Colorado River => 09383400, 09383400, 09384000, 09384000, 09385700, 09385700, 09386030, 09386030, 09394500, 09394500, 09397000, 09397000, 09397300, 09397300, 09402000, 09402000, 09402300, 09402300, 09400350, 09400350, 09386300, 09386300, 09383430, 09383430, 09383595, 09383595
 * Jacks Canyon Creek => 09399400, 09399400
 * Canada Del Oro => 09486350, 09486350
 * Frye Creek => 09460150, 09460150
 * Chinle Creek => 09379200, 09379200
 * Unit B Canal => 09522900, 09522900
 * Yuma Irrigation District  N Lateral => 09522720, 09522720
 * Banning Creek => 09470700, 09470700
 * Virgin River => 09413700, 09413700, 09415000, 09415000
 * Nutrioso Creek => 09383500, 09383570
 * Diamond Creek => 09404208, 09404208
 * Wet Beaver Creek => 09505200, 09505200
 * East Fork White River => 09492400, 09492400
 * South Gila Main Canal => 09522800, 09522800
 * Becker Lake Ditch => 09383420, 09383420
 * Cocopah Diversion => 09528200, 09528200
 * Cienega Creek => 09484550, 09484550
 * Huachuca Canyon => 09471310, 09471310
 * Ypsilanti Canal => 09526200, 09526200
 * Spencer Creek => 09404222, 09404222
 * Truxton Wash => 09404343, 09404343
 * Enterprise Canal => 09519000, 09519000
 * Black River => 09489500, 09489500, 09490500, 09490500
 * San Pedro => 09470920
 * Santa Cruz => 09481770, 09481770
 * South Gila Terminal Canal Wasteway => 09529420
 * Centennial Wash => 09517490, 09517490
 * Pvid FCanal Spill => 09429155, 09429155
 * Chevelon Creek => 09398000
 * East Verde River => 09507980, 09507980
 * Palo Verde Canal => 09429000, 09429000, 09429000, 09429000, 09429000
 * Polacca Wash => 09400568, 09400568
 * Cave Creek => 09512280, 09512280
 * Coachella Canal => 09527590, 09527590
 * White River => 09494000, 09494000
 * Dry Beaver Creek => 09505350, 09505350
 * Jeddito Wash => 09400583, 09400583
 * Clear Creek => 09399000, 09399000, 09399100, 09399100
 * Big Sandy River => 09424450, 09424450
 * Lake Mohave => 09422500
 * Arivaca Creek => 09486590, 09486590
 * Lyman Lake => 09384600
 * Hassayampa River => 09516500, 09516500, 09517000, 09517000
 * San Carlos Reservoir => 09469000
 * Moenkopi Wash => 09401260, 09401260
 * Levee Canal Wasteway => 09528800, 09528800
 * Dinnebito Wash => 09401110, 09401110
 * Paria River => 09382000, 09382000
 * Fossil Creek Diversion To Childs Powerplant => 09507500, 09507500
 * Yaqui Canal => 09523600, 09523600
 * City Of Yuma Inflow To Sewage Treatment Plant => 09530100
 * Santa Cruz River => 09480000, 09480000, 09480500, 09480500, 09481740, 09481740, 09482000, 09482000, 09482500, 09482500, 09486500, 09486500, 09486520, 09486520, 09489000, 09489000
 * Rincon Creek => 09485000, 09485000
 * Pinal Creek => 09498400, 09498400
 * Yuma Irrigation District  S Lateral => 09522730, 09522730
 * Reservation Main Drain No  => 09530000, 09530000
 * Show Low Creek => 09390500, 09390500, 09392000, 09392000
 * Cibecue Creek => 09497800, 09497800, 09497700
 * Havasu Creek => 09404110, 09404110
 * Queen Creek => 09478500, 09478500, 09478500
 * Crir Lower Main Drain => 09429060, 09429060
 * Carrizo Wash => 09386250, 09386250
 * Puerco River => 09396100, 09396100
 * Pontiac Canal => 09523800, 09523800
 * Pvid Creek Canal Spill => 09429200, 09429200
 * Colorado River => 09380000, 09380000, 09383100, 09402500, 09402500, 09404200, 09404200, 09427520, 09427520, 09429100, 09429100, 09429500, 09429500, 09429600, 09429600, 09521100, 09521100, 09423000, 09423000, 09402501, 09402501
 * Titsink Canal => 09523400, 09523400
 * Topock Marsh Inlet => 09423550, 09423550
 * Gila Gravity Main Canal => 09522500, 09522500
 * Cherry Creek => 09497980, 09497980
 * Irrigation Diversion   Wenima => 09383590, 09383590
 * Upper Babocomari River => 09471380, 09471380
 * Whitewater Draw => 09537500, 09537500
 * San Francisco River => 09444500, 09444500, 09444000, 09444000
 * Williamson Valley Wash => 09502800, 09502800
 * Bonita Creek => 09447800, 09447800
 * Pvid D Spill => 09429180, 09429180
 * Show Low Lake => 09391000
 * Verde River => 09503700, 09503700, 09504000, 09504000, 09506000, 09506000, 09508500, 09508500, 09510000, 09510000, 09511300, 09511300
 * Del Rio Springs => 09502900, 09502900
 * Babocomari River => 09471400, 09471400
 * Salt River => 09497500, 09497500, 09498500, 09498500, 09502000, 09502000, 09512165, 09512165, 09512406, 09512406
 * Brawley Wash => 09487000, 09487000
 * North Gila Main Canal => 09522600, 09522600
 * Reservation Main Canal => 09523200, 09523200, 09523200
 * Palo Verde Drain => 09429030, 09429030
 * Filler Ditch => 09383300
 * North Gila Main Canal No  => 09522650, 09522650
 * Crir Main Canal => 09428500, 09428500, 09428500, 09428500
 * Pinto Creek => 09498501, 09498501, 09498502, 09498502, 094985005, 094985005
 * Lake Havasu => 09427500
 * Oak Creek => 09504420, 09504420, 09504500, 09504500
 * Indian Bend Wash => 09512162, 09512162
 * South Fork Parker Creek => 09498503, 09498503
 * West Clear Creek => 09505800, 09505800
 * Granite Creek => 09502960, 09502960, 09503000, 09503000, 09503300, 09503300
 * Gila Drain No  => 09529000, 09529000
 * WelltonMohawk Main Outlet Drain => 09529300, 09529300
 * Tanque Verde Creek => 09484500, 09484500
 * Gila Bend Canal => 09518500, 09518500
 * Horseshoe Reservoir => 09509501, 09509501
 * FlorenceCasa Grande Canal => 09475500, 09475500
 * Oraibi Wash => 09400562, 09400562
 * Gardner Lateral Spill => 09428505, 09428505
 * Eagle Creek => 09447000, 09447000
 * Beaver Dam Wash => 09414900, 09414900
 * Bruce Church Wasteway => 09529250, 09529250
 * Altar Wash => 09486800, 09486800
 * Gila River => 09432000, 09432000, 09442000, 09442000, 09442000, 09448500, 09448500, 09466500, 09466500, 09469500, 09469500, 09474000, 09474000, 09479350, 09479350, 09514100, 09514100, 09519501, 09519501, 09519800, 09519800, 09520280, 09520280, 09520500, 09520500, 09431500, 09431500, 09477570, 09477570, 09439000, 09439000
 * Gila Monster Farms Turnout No  => 09522660, 09522660
 * Aravaipa Creek => 09473000, 09473000
 * Garden Canyon => 09470800, 09470800
 * Carrizo Creek => 09496500, 09496500, 09494200
 * AllAmerican Cn => 09527600, 09527600
 * Upper Main Drain => 09428508, 09428508
 * East Verde River Diversion From East Clear Creek => 09507580, 09507580
 * Sabino Creek => 09484000, 09484000
 * Santa Maria River => 09424900, 09424900
 * WelltonMohawk Main Canal => 09522700, 09522700, 09522700
 * New River => 09513780, 09513780
 * Sycamore Creek => 09510200, 09510200
 * Wet Bottom Creek => 09508300, 09508300
 * AcreFeetMonthly Gila Gravity Canal => 09522850, 09522850
 * Mcas Diversion Of B Canal => 09522880, 09522880
 * Drain B => 09530500, 09530500
 * Tonto Creek => 09499000, 09499000
 * Yuma Main Canal => 09525500, 09525500
 * Leslie Creek => 09537200, 09537200
 * Burro Creek => 09424447, 09424447
tx
------------------------------------------------------------
 * Little Pond Ck => 08098300, 08098300
 * San Bernard Rv => 08117500, 08117500
 * Seco Ck => 08201500, 08201500, 08202700, 08202700
 * Ft Branch Boggy Ck => 08158045, 08158045
 * Salt Fk Brazos Rv => 08082000, 08082000
 * Medio Ck => 08189300, 08189300
 * Johnson Ck => 08166000, 08166000
 * Lagarto Ck => 08210400, 08210400
 * Sulphur Spgs Draw => 08123620
 * Martinez Ck => 08185100, 08185100
 * Sabinal Rv => 08198000, 08198000, 08198500, 08198500
 * San Antonio Rv => 08178000, 08178050, 08178050, 08178565, 08178565, 08181800, 08181800, 08183500, 08183500, 08188500, 08188500, 08183200, 08183200, 08188570, 08188570, 08178030
 * E Fk Trinity Rv => 08058900, 08058900, 08061750, 08061750, 08062000, 08062000, 08061551
 * Dry Frio Rv => 08196000, 08196000, 08196300, 08196300
 * Little Rv => 08104500, 08104500, 08106350, 08106350, 08106500, 08106500
 * Choke Canyon Res Owc => 08206910, 08206910
 * Angelina Rv => 08036500, 08036500
 * Blanco Ck => 08197800
 * San Saba Rv => 08144500, 08144500, 08144600, 08144600, 08146000, 08146000
 * Big Cypress Ck => 07344493, 07344493, 07344500, 07346000, 07346000, 07346080, 07346080
 * Timber Ck => 08050800, 08050800
 * Davidson Ck => 08110100, 08110100
 * Tierra Blanca Ck => 07295500, 07295500
 * Barrilla Draw => 08433000, 08433000
 * Nolan Rv => 08092000, 08092000
 * Fifteenmile Ck => 08176550, 08176550
 * Navasota Rv => 08110325, 08110325, 08110500, 08110500, 08110800, 08110800
 * Greens Bayou => 08075780, 08075780, 08075900, 08075900, 08076000, 08076000, 08076700, 08076700
 * Pease Rv => 07307800, 07307800, 07308200, 07308200
 * Clear Ck => 08051500, 08051500, 08077600, 08076997, 08076997
 * Luce Bayou => 08071280, 08071280
 * Mission Rv => 08189500, 08189500
 * Langham Ck => 08072760, 08072760, 08072800
 * E Mustang Ck => 08164504, 08164504
 * E Fk San Jacinto Rv => 08070000, 08070000, 08070200, 08070200
 * Caney Ck => 08070500, 08070500
 * Elm Fk Trinity Rv => 08050400, 08050400, 08053000, 08053000, 08055500, 08055500, 08055560, 08055560
 * White Oak Ck => 07343500, 07343500
 * Brays Bayou => 08074810, 08074810, 08075000, 08075000, 08075110, 08075110, 08074760, 08074760
 * Cole Ck => 08074150, 08074150
 * Slaughter Ck => 08158840, 08158840, 08158860, 08158860
 * N Fk Guadalupe Rv => 08165300, 08165300
 * Las Moras Spgs => 08456300, 08456300
 * Independence Ck => 08447020, 08447020
 * W Oso Ck => 08211517, 08211517
 * N Concho Rv => 08133250, 08133250, 08133500, 08133500, 08134000, 08134000, 08134250, 08134250
 * W Fk San Jacinto Rv => 08067650, 08067650, 08068000, 08068000, 08068090, 08068090
 * Pine Island Bayou => 08041700, 08041700, 08041749, 08041749
 * Shoal Ck => 08156800, 08156800, 08156800, 08156675, 08156675
 * Chocolate Bayou => 08078000, 08078000
 * E Fk Cheyenne Ck Tributary => 07227460
 * Leon Rv => 08099100, 08099100, 08099100, 08100000, 08100000, 08100500, 08100500, 08102500, 08102500, 08099500, 08099500
 * Upper Keechi Ck => 08065200, 08065200
 * Aquilla Ck => 08093360, 08093360
 * Jacobs Well Spg => 08170990, 08170990
 * Big Fossil Ck => 08048800
 * Little Elm Ck => 08052700, 08052700
 * Sanderson Ck => 08376300, 08376300
 * San Jacinto Rv => 08072050
 * Cedar Bayou => 08067500, 08067500
 * Plum Ck => 08172400, 08172400, 08173000, 08173000
 * Waxahachie Ck => 08063800, 08063800, 08063590
 * Barton Spgs => 08155500, 08155500
 * Richland Ck => 08063100, 08063100
 * Pecan Ck => 08131400, 08131400
 * Spring Ck => 08068275, 08068275, 08068500, 08068500, 08129300, 08129300, 08130700, 08130700
 * N Llano Rv => 08148500, 08148500
 * Pedernales Rv => 08152900, 08152900, 08153500, 08153500
 * Peach Ck => 08071000, 08071000, 08174600, 08174600
 * Cowhouse Ck => 08101000, 08101000
 * Helotes Ck => 08181400, 08181400
 * San Marcos Rv => 08170500, 08170500, 08172000, 08172000
 * Deep Ck => 08086050, 08086050, 08120500, 08120500
 * Frio Rv => 08195000, 08195000, 08197500, 08197500, 08205500, 08205500, 08206600, 08206600
 * Ecleto Ck => 08186500, 08186500
 * Red River => 07331600, 07331600, 07336820, 07336820
 * Garcitas Ck => 08164600, 08164600
 * Elm Ck => 08127000, 08127000
 * N Fk Red Rv => 07301300, 07301300
 * Tres Palacios Rv => 08162600, 08162600
 * Redgate Ck => 08160800, 08160800
 * Big Sandy Ck => 08019500, 08019500, 08044000, 08044000, 08086290, 08086290
 * Ayish Bayou => 08039100, 08039100
 * Hueco Spgs => 08168000, 08168000
 * Berry Ck => 08105095, 08105095
 * Sister Grove Ck => 08059400, 08059400
 * S Fk Sabine Rv => 08017300, 08017300
 * E Yegua Ck => 08109800, 08109800
 * Clear Fk Brazos Rv => 08083100, 08083100, 08083230, 08083230, 08084000, 08084000, 08085500, 08085500
 * N Bosque Rv => 08094800, 08095000, 08095000, 08095200, 08095200
 * Tehuacana Ck => 08064700, 08064700
 * Paluxy Rv => 08091500, 08091500
 * S Fk San Gabriel Rv => 08104900, 08104900
 * Waller Ck => 08156910, 08156910
 * Comal Rv Oc => 08168913
 * Little Whiteoak Bayou => 08074540
 * Doe Branch => 08052745, 08052745
 * Boggy Ck => 08158030, 08158030, 08158035, 08158035
 * Unm Tributary Oso Ck => 08211525, 08211525
 * Cibolo Ck => 08185000, 08185000, 08186000, 08186000, 08183890, 08183890, 08185065, 08185065, 08185500, 08185500
 * Onion Ck => 08158700, 08158700, 08158827, 08158827, 08159000, 08159000
 * Attoyac Bayou => 08038000, 08038000
 * Atascosa Rv => 08207500, 08207500, 08208000, 08208000
 * Copano Ck => 08189200, 08189200
 * Indian Ck => 08053009, 08053009, 08059350, 08059350
 * Little Walnut Ck => 08158380, 08158380
 * Grape Ck => 08134230, 08134230
 * Cwa Canal => 08067070, 08067070, 08067071
 * Trinity Rv => 08057000, 08057000, 08057410, 08057410, 08062500, 08062500, 08062700, 08062700, 08065000, 08065000, 08065350, 08065350, 08066000, 08066250, 08066250, 08066500, 08066500, 08067000, 08067000
 * Dove Ck => 08130500, 08130500
 * Hickory Ck => 08052780
 * Neches Rv Saltwater Barrier => 08041780, 08041780
 * Unm Tributary Honey Ck Site c => 08167347, 08167347
 * W Mustang Ck => 08164503, 08164503
 * Bear Branch => 08068390, 08068390
 * Placedo Ck => 08164800, 08164800
 * Menard Ck => 08066300, 08066300
 * Williamson Ck => 08158920, 08158920, 08158930, 08158930, 08158970, 08158970
 * N Wichita Rv => 07311600, 07311600, 07311700, 07311700
 * W Fk Trinity Rv => 08042800, 08042800, 08044500, 08044500, 08048000, 08048000, 08048543, 08048543, 08049500, 08049500
 * Whiteoak Bayou => 08074020, 08074020, 08074500, 08074500, 08074598
 * Bois D'arc Ck => 07332620, 07332620
 * Wolf Ck => 07235000, 07235000
 * Nueces Rv => 08190000, 08190000, 08192000, 08192000, 08193000, 08193000, 08194000, 08194000, 08194500, 08194500, 08210000, 08210000, 08210100, 08211000, 08211000, 08211200, 08211200, 08211500, 08211500, 08211500
 * Long King Ck => 08066200, 08066200
 * Vince Bayou => 08075730, 08075730
 * Rincon Bayou Channel => 08211503, 08211503
 * Beals Ck => 08123800, 08123800
 * Prairie Ck => 08057445, 08057445
 * Millers Ck => 08082700, 08082700
 * Walnut Ck => 08044800, 08044800, 08049700, 08049700, 08158600, 08158600, 08158200, 08158200
 * Oso Ck => 08211520, 08211520
 * Bear Ck => 08072730, 08072730, 08158810, 08158810, 08158819, 08158819
 * Brazos Rv => 08082500, 08082500, 08088000, 08088000, 08088610, 08088610, 08089000, 08089000, 08090800, 08090800, 08091000, 08091000, 08093100, 08093100, 08096500, 08096500, 08098290, 08098290, 08108700, 08108700, 08111500, 08111500, 08114000, 08114000, 08116650, 08116650
 * Blanco Rv => 08171000, 08171000, 08171300, 08171300
 * Middle Concho Rv => 08128400, 08128400
 * Willis Ck => 08105505
 * S Concho Rv => 08128000, 08128000
 * S Fk Rocky Ck => 08103900, 08103900
 * Wichita Rv => 07311900, 07311900, 07312100, 07312100, 07312500, 07312500, 07312700, 07312700, 07312497
 * Groesbeck Ck => 07299670, 07299670
 * Hog Ck => 08095400, 08095400
 * Cramer Ck => 07227420
 * Big Cow Ck => 08029500, 08029500
 * N Sulphur Rv => 07343000, 07343000
 * Giffin Spgs => 08427000, 08427000
 * Pr Dog Twn Fk Red Rv => 07297910, 07297910, 07298500, 07298500, 07299540, 07299540
 * Chambers Ck => 08064100, 08064100
 * W Nueces Rv => 08190500, 08190500
 * S Sulphur Rv => 07342465, 07342465, 07342500, 07342500
 * Bedias Ck => 08065800, 08065800
 * Perdido Ck => 08177300, 08177300
 * Sabine Rv => 08017410, 08017410, 08018500, 08018500, 08019200, 08019200, 08020000, 08020000, 08020450, 08020450, 08020900, 08020900, 08022040, 08022040, 08022500, 08025360, 08025360, 08026000, 08026000, 08028500, 08028500, 08030500, 08030500
 * Lampasas Rv => 08103800, 08103800, 08104100, 08104100
 * E Fk Little Wichita Rv => 07315200, 07315200
 * Hondo Ck => 08200000, 08200000, 08200720, 08200720
 * S Side Canal => 07312110, 07312110
 * Clear Fk Trinity Rv => 08045850, 08045850, 08047000, 08047000, 08047500, 08047500
 * Dry Comal Ck => 08168797, 08168797
 * Red Rv => 07308500, 07308500, 07315500, 07315500
 * Sulphur Rv => 07343200, 07343200, 07344210, 07344210, 07343450
 * Mountain Ck => 08049580, 08049580, 08050100, 08050100
 * Halls Bayou => 08076500, 08076500
 * San Miguel Ck => 08206700, 08206700
 * Unm Tributary Pow Wow Canyon Arroyo => 08367050
 * Black Cypress Bayou => 07346045, 07346045
 * San Gabriel Rv => 08105700, 08105700
 * Bull Ck => 08154700, 08154700
 * Garners Bayou => 08076180, 08076180
 * Lelia Lk Ck => 07299890, 07299890
 * Range Ck => 08050840, 08050840
 * Sabana Rv => 08099300, 08099300
 * Comal Rv Nc => 08168932
 * Unm Tributary Honey Ck Site t => 08167350, 08167350, 08167353, 08167353
 * Medina Rv => 08178880, 08178880, 08180700, 08180700, 08180720, 08180720, 08181500, 08181500
 * Middle Verde Ck => 08200977, 08200977
 * Little Wichita Rv => 07314500, 07314500, 07314900, 07314900
 * Llano Rv => 08150000, 08150000, 08150700, 08150700, 08151500, 08151500
 * Palo Duro Ck => 07233500, 07233500
 * Rowlett Ck => 08061540, 08061540
 * Pecos Rv => 08412500, 08412500, 08446500, 08446500, 08447300, 08447300, 08437710, 08437710, 08420500, 08420500, 08447000, 08447000
 * Buffalo Bayou => 08072300, 08072300, 08072350, 08073500, 08073500, 08073600, 08073600, 08073700, 08073700, 08074000, 08074000
 * Mill Ck => 08111700, 08111700
 * Leon Ck => 08181480, 08181480
 * Comal Rv => 08169000, 08169000
 * Brickhouse Gully => 08074250, 08074250
 * Sweetwater Ck => 07301410, 07301410
 * Cypress Ck => 08068700, 08068720, 08068720, 08068740, 08068740, 08068800, 08068800, 08068900, 08068900, 08069000, 08069000
 * Middle Yegua Ck => 08109700, 08109700
 * Pecan Bayou => 08143600, 08143600
 * Lake Fk Ck => 08019000, 08019000
 * Hunting Bayou => 08075770, 08075770, 08075763, 08075763
 * Middle Bosque Rv => 08095300, 08095300
 * Canadian Rv => 07227500, 07227500, 07228000, 07228000
 * Olmos Ck => 08177700, 08177700
 * Dmf Brazos Rv => 08079600, 08079600, 08079600, 08080500, 08080500
 * Guadalupe Rv => 08165500, 08165500, 08166140, 08166140, 08166200, 08166200, 08167000, 08167000, 08167500, 08167500, 08167800, 08167800, 08168500, 08168500, 08169500, 08169792, 08169792, 08173900, 08173900, 08175800, 08175800, 08176500, 08176500, 08177520, 08188800, 08188800, 08188800, 08166250, 08166250
 * Sims Bayou => 08075400, 08075400, 08075500, 08075500
 * Panther Branch => 08068400, 08068400, 08068450, 08068450
 * Village Ck => 08041500, 08041500, 08048970, 08048970
 * W Bouldin Ck => 08155541, 08155541
 * Neches Rv => 08032000, 08032000, 08033000, 08033000, 08033500, 08033500, 08040600, 08040600, 08041000, 08041000
 * Beaver Ck => 07312200, 07312200, 08150800, 08150800
 * Cedar Ck => 08062800, 08062800, 08083480, 08083480
 * Concho Rv => 08136000, 08136000, 08136500, 08136500
 * Yegua Ck => 08110000, 08110000
 * Laurel Canyon Ck => 08180942, 08180942
 * San Fernando Ck => 08211900, 08211900
 * Barton Ck => 08155200, 08155200, 08155240, 08155240, 08155300, 08155300, 08155400
 * San Casimiro Ck => 08194200, 08194200
 * Kickapoo Ck => 08066170, 08066170
 * Goose Ck => 08067525, 08067525
 * N Fk San Gabriel Rv => 08104700, 08104700, 0810464660
 * Middle Wichita Rv => 07311630, 07311630
 * S Wichita Rv => 07311800, 07311800
 * Keegans Bayou => 08074800, 08074800
 * Sandies Ck => 08175000, 08175000
 * Kincheon Branch => 08158927, 08158927
 * Sandy Ck => 08152000, 08152000, 08164450, 08164450
 * Rio Grande => 08374550, 08374550, 08374550, 08374550, 08375300, 08375300
 * Mcclellan Ck => 07301200, 07301200
 * Big Elm Ck => 08108250, 08108250
 * Navidad Rv => 08164300, 08164300, 08164350, 08164370, 08164390, 08164390
 * Denton Ck => 08053500, 08053500, 08055000, 08055000
 * Leona Rv => 08204005, 08204005, 08203450, 08203450
 * Los Olmos Ck => 08212400, 08212400
 * Mud Ck => 08034500, 08034500
 * Brady Ck => 08145000, 08145000
 * Lavaca Rv => 08164000, 08164000
 * Cat Claw Ck => 08083420, 08083420
 * California Ck => 08084800, 08084800
 * Little Cypress Ck => 07346050, 07346070, 07346070, 08068780, 08068780
 * Berry Bayou => 08075605, 08075605
 * Salado Ck => 08178700, 08178700, 08178800, 08178800
 * Middle Sulphur Rv => 07342480, 07342480
 * Aransas Rv => 08189700, 08189700
 * Chalk Ck => 08133900, 08133900
 * Hubbard Ck => 08086212, 08086212
 * Colorado Rv => 08117995, 08117995, 08121000, 08121000, 08123850, 08123850, 08124000, 08124000, 08126380, 08126380, 08136700, 08136700, 08138000, 08138000, 08147000, 08147000, 08158000, 08158000, 08159200, 08159200, 08159500, 08159500, 08160400, 08160400, 08160400, 08161000, 08161000, 08161000, 08162000, 08162000, 08162500, 08162500
 * Coleto Ck => 08176900, 08176900, 08177500, 08177500
 * Dry Ck => 08116400, 08116400
 * White Rk Ck => 08057200, 08057200, 08063048, 08063048
 * Cowleech Fk Sabine Rv => 08017200, 08017200
 * Running Water Draw => 08080700, 08080700
 * Cow Bayou => 08031000, 08031000
 * Willow Ck => 08068325, 08068325
 * Salt Fk Red Rv => 07300000, 07300000
 * Marys Ck => 08047050, 08047050
 * Big Ck => 08110430, 08110430, 08115000, 08115000
 * S Mayde Ck => 08072700
tn
------------------------------------------------------------
 * East Fork Obey River => 03414500
 * West Fork Stones River => 03428200, 03428200
 * Loosahatchie River => 07030240, 07030240
 * Clear Fork => 03409500, 03409500
 * Green Hollow Branch SDs => 034336447
 * Unnamed Tributary SUs To S Harpeth Creek => 03433632
 * Fountain Creek => 03599450, 03599450
 * Johnsons Creek => 070306050, 070306050
 * Middle Fork Forked Deer River => 07028960, 07028960
 * Sequatchie River => 03570835, 03570835, 03571000
 * Collins River => 03421000, 03421000
 * Bradley Creek => 03578500, 03578500
 * Nolichucky River => 03465500, 03465500, 03467609, 03467609
 * Copperas Branch SDs => 034336443
 * Harpeth River => 03432350, 03432350, 03432400, 03432400, 03433500, 03433500, 03434500, 03434500, 03432100, 03432100
 * Mill Creek => 03431000, 03431060, 03431060
 * Big Rock Creek => 03599100, 03599100
 * Little Pigeon River => 03469175, 03469175
 * Locke Branch => 03601630, 03601630
 * Dry Creek => 03426470, 03426470
 * Duck River => 03597860, 03597860, 03598000, 03598000, 03599240, 03599240, 03599500, 03599500, 03601990, 03601990, 03596000, 03596000, 03603000, 03603000
 * Calfkiller River => 03419800, 03419800
 * Hiwassee River => 03566000
 * South Garrison Branch => 03432522, 03432522
 * Johnsons Creek On Fisherville Rd => 070306055, 070306055
 * Fletcher Creek => 07031692, 07031692
 * South Fork Obion River => 07024500, 07024500
 * Sinking Pond => 03596075
 * South Fk Cumberland River => 03410210, 03410210
 * Emory River => 03540500, 03540500
 * Slick Rock Hollow Creek => 034336392, 034336392
 * Tennessee River => 03593500, 03594500, 03605000
 * Clear Creek => 03539778, 03539778
 * Spring Creek => 03418040, 03418040
 * Red River => 03436100, 03436100
 * Robinson Branch => 03432504, 03432504, 034325065, 034325065
 * Marys Creek => 07031150, 07031150
 * Garrison Fork => 03597210, 03597210
 * Beaver Creek => 03535400, 03535400, 03535200, 03535200
 * North Fork Obion River => 07025400, 07025400
 * Leipers Fork => 03432516, 03432516
 * North Chickamauga Creek => 03566525, 03566525
 * Clinch River => 03528000, 03528000, 03527220, 03527220
 * Roaring River => 03418070
 * Little River => 03498500, 03498500, 03498850, 03498850, 03497300, 03497300
 * Cypress Creek => 03605078, 03605078
 * Kelley Creek => 03433641, 03433641
 * Big Creek => 03491000, 03491000
 * Mansker Creek => 03426385, 03426385
 * Obed River => 03539800, 03539800
 * Salt Lick Creek => 03312259, 03312259
 * Richland Creek => 03431700, 03431700, 03584020, 03584020
 * Smith Fork => 03424730, 03424730
 * Reelfoot Lake => 07027000
 * Daddys Creek => 03539600, 03539600
 * Unnamed Tributary SDs To Big Turnbull Creek => 034339008
 * Big Sandy River => 03606500, 03606500
 * Nonconnah Creek => 07032200, 07032200
 * Yellow Creek => 03436690, 03436690
 * Middle Beaver Creek => 07030246, 07030246
 * East Fork Stones River => 03427500
 * Pigeon River => 03461500, 03461500
 * West Fork Obey River => 03415000, 03415000
 * Unnamed Tributary S To Kelley Creek => 034336436
 * Whites Creek => 03431599, 03431599
 * Browns Creek => 03431300, 03431300
 * South Fork Forked Deer River => 07027720, 07027720
 * Obion River => 07026040, 07026040
 * Powell River => 03532000, 03532000
 * New River => 03408500, 03408500, 03407908, 03407908
 * Cumberland River => 03417500, 03417600, 03425000, 03425400, 034315005, 034315005, 03436500, 03437000
 * South Harpeth Creek => 03433637, 03433637
 * White Oak Branch => 0343364415, 0343364415
 * Crooked Creek => 07024200, 07024200
 * Unnamed Tributary SDs To S Harpeth Creek => 03433633, 03433634
 * Wolf River => 03416000, 07030392, 07030392, 07030500, 07030500, 07031650, 07031650, 07031740, 07031740
 * Shoal Creek => 03588500, 03588500
 * Oostanaula Creek => 03565500, 03565500
 * Buffalo River => 03604000, 03604000, 03604400, 03604400
 * Wartrace Creek => 03597590, 03597590
 * Elk River => 03578000, 03578000, 03584600, 03584600, 03582000, 03582000
 * Piney River => 03602500, 03602500
 * Tellico River => 03518500, 03518500
 * Copperas Branch => 03433640, 03433640
 * Hatchie River => 07029500, 07029500, 07030040, 07030050, 07030050
nh
------------------------------------------------------------
 * Jewett Brook => 04292810
 * Walloomsac River => 01334000, 01334000
 * Ashuelot River => 01158000, 01158000, 01158110, 01160350, 01160350, 01161000, 01161000
 * East Branch Passumpsic River => 01133000, 01133000
 * Wrightsville Detention Reservoir  Wrightsville Vt => 04285000
 * East Barre Detention Reservoir => 04283500
 * Pope Brook Site W => 01135150, 01135150
 * Laplatte River => 04282795, 04282795
 * Passumpsic River => 01135500, 01135500
 * Cockermouth River => 01077400
 * Souhegan River Site Wlr => 01093852, 01093852
 * Lake Champlain => 04294500
 * Lewis Creek => 04282780, 04282780
 * Isinglass River => 01072870, 01072870
 * Warner River => 01086000, 01086000
 * Souhegan River => 01094000, 01094000
 * Potash Branch  Queen City Park Rd => 04282813, 04282813
 * Missisquoi River => 04293000, 04293000, 04293500, 04293500, 04294000, 04294000
 * South Branch Piscataquog River => 01091000, 01091000
 * Wells River => 01139000, 01139000
 * East Orange Branch => 01139800, 01139800
 * Ayers Brook => 01142500, 01142500
 * Mettawee River => 04280350, 04280350
 * Poultney River => 04280000, 04280000
 * Ompompanoosuc River => 01141500, 01141500
 * Bearcamp River => 01064801, 01064801
 * Sleepers River Site W => 01135300, 01135300
 * Androscoggin River => 01053500, 01053500, 01054000, 01054000
 * Saco River => 01064500, 01064500
 * Soucook River => 01089100, 01089100
 * Sugar River => 01152500, 01152500
 * Saxtons River => 01154000, 01154000
 * Clyde River => 04296500, 04296500
 * Lake Bomoseen => 04279490
 * North Branch Winooski River => 04285800, 04285500, 04285500
 * Ottauquechee River => 01150900, 01150900, 01151500, 01151500
 * Stevens Brook => 04292770, 04292770
 * Mad River => 04288000, 04288000
 * Allen Brook => 04290335, 04290335
 * Suncook River => 01089500, 01089500
 * Pemigewasset River => 01075000, 01075000, 01076500, 01076500
 * Lamoille River => 04292000, 04292000, 04292500, 04292500
 * Connecticut River => 01129200, 01129200, 01129500, 01129500, 01131500, 01131500, 01138500, 01138500, 01144500, 01144500, 01154500, 01154500
 * Moose River => 01134500, 01134500
 * Winooski River  Us => 04284751
 * Beaver Brook => 010965852, 010965852
 * Williams River => 01153550, 01153550
 * Oyster River => 01073000, 01073000
 * White River => 01144000, 01144000
 * Little River => 04289000, 04289000
 * Lamprey River => 01073500, 01073500, 01073319
 * Black River => 01153000, 01153000, 04296000, 04296000
 * Merrimack River => 01081500, 01081500, 01088400, 01092000, 01092000
 * Diamond River => 01052500, 01052500
 * Winnipesaukee River => 01081000, 01081000
 * East Branch Pemigewasset River => 01074520, 01074520
 * Smith River => 01078000, 01078000
 * Winnicut River => 01073785, 01073785
 * Lake Memphremagog => 04295500
 * Otter Creek => 04282000, 04282000, 04282500, 04282500
 * New Haven River  Brooksville => 04282525, 04282525
 * Nubanusit Bk => 01083000, 01083000
 * Otter Brook => 01158600, 01158600
 * Exeter River => 01073587, 01073587, 010735562
 * Blackwater River => 01087000, 01087000
 * Piscataquog River => 01090800, 01090800, 01091500, 01091500
 * Pike River => 04294300, 04294300
 * West River => 01155500, 01155500, 01155910, 01155910
 * Contoocook River => 01082000, 01082000, 01085000, 01085000, 01085500, 01085500, 01087850
 * Dog River => 04287000, 04287000
 * Ranch Brook => 04288230, 04288230
 * Englesby Brook => 04282815, 04282815
 * Spicket River => 01100505, 01100505, 01100561, 01100561
 * Little Otter Creek => 04282650, 04282650
 * Ammonoosuc River => 01137500, 01137500
 * Cocheco River => 01072800, 01072800
 * Baker River => 01076000, 01076000
 * Winooski River => 04286000, 04286000, 04290500, 04290500
ga
------------------------------------------------------------
 * Apalachicola River => 02357700, 02358000, 02358000, 02358000
 * Allatoona Lake => 02393500
 * Kinchafoonee Creek => 02350600, 02350900, 02350900
 * Peachtree Creek => 02336300, 02336300
 * Chattahoochee River => 0234296910, 02330450, 02330450, 02331000, 02331600, 02331600, 02334430, 02334430, 02335000, 02335000, 02335450, 02335450, 02335810, 02335815, 02335815, 02335990, 02336000, 02336000, 02336490, 02336490, 02337170, 02337170, 02338000, 02338000, 02338500, 02338500, 02339402, 02339500, 02339500, 02341505, 02341505, 02343241, 02343801, 02343801, 02341508
 * South Channel Savannah River => 02199000
 * West Point Lake => 02339400
 * Intrenchment Creek => 02203700, 02203700
 * Middle Oconee River => 02217475, 02217475, 02217500, 02217500
 * Black Creek => 02202600, 02202600
 * L Back River => 021989784
 * Coosawattee River => 02380500, 02380500, 02382500, 02382500, 02383500, 02383500, 02383520
 * Anneewakee Creek => 02337197, 02337197
 * Rottenwood Creek => 02335910, 02335910
 * Big Haynes Creek => 02207385, 02207385, 02207418, 02207418, 02207448, 02207448
 * Chattahoochee River Buford Dam => 02334401
 * Holly Creek => 02385800, 02385800
 * Mill Creek => 02384540, 02384540, 02385500, 02385500
 * Etowah River Downstream Of I => 02391860
 * Mulberry Creek => 02217297, 02217297
 * Shoal Creek => 02344620, 02392360, 02392360, 02344478, 02344478, 02208130
 * Big Creek => 02335700, 02335700, 02335580, 02335580, 02335757, 02335757
 * Olley Creek => 02336986, 02336986
 * Spring Creek => 02357000, 02357000, 02357150, 02357150, 02354475, 02354475
 * Armuchee Creek => 02388350, 02388350
 * Etowah River => 02388900, 02388900, 02389150, 02389150, 02392000, 02392000, 02394000, 02394000, 02394670, 02395000, 02395980, 02395980, 02395996, 02388975, 02388975
 * Noses Creek => 02336968, 02336968
 * Butler Creek => 02196835, 02196835, 02393377, 02393377
 * Ichawaynochaway Creek => 02353265, 02353265, 02353500, 02353500, 02355350, 02355350, 02354800, 02354800
 * Turkey Creek => 02349900, 02349900
 * Chestatee River => 02333500, 02333500
 * Crooked Creek => 02335350, 02335350
 * Canoochee River => 02203000, 02203000
 * Ochlockonee River => 02327500, 02327500, 02328522, 02328522
 * Upatoi Creek => 02341800, 02341800
 * Flint River => 02344350, 02344350, 02344500, 02344500, 02347500, 02347500, 02350512, 02350512, 02352500, 02352500, 02353000, 02353000, 02356000, 02356000, 02344396, 02344396, 02355662, 02355662, 02349605, 02349605, 02344872, 02344872
 * Fausett Creek => 02381600, 02381600
 * Nancy Creek => 02336360, 02336360, 02336410, 02336410
 * Settingdown Creek => 02390140, 02390140
 * Falling Creek => 02212600, 02212600
 * Sewell Mill Creek => 023358685, 023358685
 * Suwanee Creek => 02334885, 02334885
 * Lake Seminole => 02357500
 * St Marys River => 02231000, 02231000
 * Pachitla Creek => 02353400, 02353400
 * Spirit Creek => 02197020, 02197020
 * Ohoopee River => 02225500, 02225500
 * Dog River => 02337410, 02337410
 * Cabin Creek => 02211375
 * Little Tallapoosa River => 02413000, 02413210
 * Ocmulgee River => 02210500, 02210500, 02213000, 02213000, 02215000, 02215500, 02215500
 * Honey Creek => 02204130, 02204130
 * Kettle Creek => 02193340, 02193340
 * Pates Creek => 02204285, 02204285
 * Carters Lake => 02381400
 * Level Creek => 02334578, 02334578
 * Mountaintown Creek => 02381090
 * Noonday Creek => 02392950, 02392950, 02392975, 02392975
 * Amicalola Creek => 02390000, 02390000
 * Sweetwater Creek => 02337000, 02337000, 02337040, 02337040
 * Lime Creek => 02350080, 02350080
 * Kiokee Creek => 02195320, 02195320
 * Brunswick River => 02226180, 022261794
 * Wheeler Creek => 02217274, 02217274
 * Soque River => 023312495, 023312495
 * Lookout Creek => 03568933, 03568933
 * Nottely River => 03550500, 03550500
 * Altamaha River => 02225000, 02225000, 02226000, 02226000, 02226160
 * Sweetwater CreekBrownsville RdPowder SpringsGa => 02336840, 02336840
 * Conasauga River => 02384500, 02384500, 02387000, 02387000, 02387010
 * Proctor Creek => 02336526, 02336526
 * Hiwassee River => 03544970
 * Long Swamp Creek => 02390475, 02390475
 * Oconee River => 02218300, 02218300, 02223000, 02223000, 02223056, 02223056, 02223248, 02223248, 02223500, 02223500, 02224500
 * Apalachee River => 02219000, 02219000, 02218565, 02218565
 * Two Run Creek => 02395120, 02395120
 * Savannah Rv => 02196999
 * Utoy Creek => 02336728, 02336728
 * Pew Creek => 02205522, 02205522
 * Alapaha River => 02316000, 02316000, 02317500, 02317500
 * Sawhatchee Creek => 02343940, 02343940
 * Chickasawhatchee Creek => 02354410, 02354410, 02354500, 02354500
 * Tallulah River => 02178400, 02178400, 02181580, 02181580
 * Hickory Log Creek => 02391840, 02391840
 * Coosa River => 02397000, 02397000, 02397530
 * Tucsawhatchee Creek => 02215100, 02215100
 * Walter F George Reservoir => 02343240
 * Ebenezer Creek => 02198690, 02198690
 * Muckalee Creek => 02351500, 02351500, 02351890, 02351890
 * Hudson Creek => 022035975
 * Cedar Creek => 02397500, 02397500
 * Tobesofkee Creek => 02213500, 02213500
 * Williamson Swamp Creek => 02201000, 02201000
 * Butler Creek Reservoir => 02196838
 * No Business Creek => 02207185, 02207185
 * Peacock Creek => 02203559, 02203559
 * Murder Creek => 02221525, 02221525
 * Brushy Fork Creek => 02207400, 02207400
 * Brier Creek => 02198000, 02198000
 * Potato Creek => 02346310
 * Hillabahatchee Creek => 02338523, 02338523
 * Withlacoochee River => 023177483, 023177483, 02318500, 02318500, 02319000, 02319000
 * Willeo Creek => 02335790, 02335790
 * Talking Rock Creek => 02382200, 02382200
 * Allatoona Creek => 02393419, 02393419
 * Yellow River => 02207120, 02207120, 02207335, 02207335, 02207220, 02207220
 * Heath Creek => 02388320, 02388320
 * Powder Springs Creek => 02336870, 02336870
 * NF Peachtree Creek => 02336030, 02336030
 * Richland Creek => 02334480, 02334480
 * Coahulla Creek => 02385170, 02385170
 * Beaverdam Creek => 02188600, 02188600, 02198100, 02198100
 * Chattooga River => 02398000, 02398000, 02177000, 02177000
 * Lake Sidney Lanier => 02334400
 * Pataula Creek => 02343225, 02343225
 * Carters Lake Tailrace => 02381401
 * SF Peachtree Creek Johnson Rd => 02336240, 02336240
 * Line Creek => 02344700, 02344700, 02344605, 02344630
 * Savannah River => 021973269, 021973269, 02198840, 02198920, 02198980, 02196483, 02197000, 02197000, 02197500, 02197500, 02198500, 02198500, 02198760, 02195520, 021989773, 021989773
 * Carters ReRegulation Lake => 02382400
 * Nickajack Creek => 02336635, 02336635
 * New River => 02338660, 02338660
 * Tallapoosa River => 02411930, 02411930
 * Etowah River Allatoona Dam Tw => 02393501
 * Little River => 02193500, 02193500, 02220900, 02220900, 02318000, 02318000, 02392780, 02392780
 * Satilla River => 02226500, 02226500, 02228000, 02228000
 * Hannahatchee Creek => 02342850, 02342850
 * South River => 02204070, 02204070, 02203655, 02203655, 02203603, 02203603
 * Sharp Mtn Creek => 02391540, 02391540
 * Augusta Canal => 02196485
 * Suwannee River => 02314495, 02314500, 02314500
 * NF Peachtree Creek Buford Hwy => 02336120, 02336120
 * Brushy Creek => 02197598, 02197598
 * Little Attapulgus Creek => 02329342, 02329342
 * Little Satilla River => 02227500, 02227500
 * Alcovy River => 02208050, 02208050, 02208150, 02208150, 02208450, 02208450
 * Sope Creek => 02335870, 02335870
 * Okapilco Creek => 02318700, 02318700
 * Dick Creek => 02334620, 02334620
 * Ogeechee River => 02201230, 02201230, 02202040, 02202040, 02202500, 02202500
 * Oostanaula River => 02387500, 02387500, 02387520, 02388500, 02388500, 02388525
 * Oothkalooga Creek => 02387600, 02387600
 * North Oconee River => 02217770, 02217770
 * Broad River => 02191300, 02191300, 02192000, 02192000
 * Turnpike Creek => 02216180, 02216180
 * Snake Creek => 02337500, 02337500
 * Woodall Creek => 02336313, 02336313
sc
------------------------------------------------------------
 * Allison Creek => 021457492
 * Rocky Branch  Whaley St => 02169506
 * Santee River  Lake Marion Tailrace => 02171001
 * North Pacolet River => 02154500, 02154500
 * Rocky Branch => 021695048
 * Cedar Creek => 02169672, 02173212
 * Rediv Canal => 02171645, 02171645
 * Coosawhatchie River => 02176500, 02176500
 * Cow Castle Creek => 02174250, 02174250
 * Lake Murray Tailrace => 02168501
 * Lake Moultrie => 02172000, 02172001
 * Parr Shoals Reservoir => 02160990
 * Beaverdam Creek => 02198100, 02198100, 02157490, 02157490
 * Kings Creek => 02153590
 * Rocky River => 02187910, 02187910
 * Aiw  Myrtlewood Golf Course  Myrtle Beach Sc => 02110760, 02110760
 * Butler Creek => 02196835, 02196835
 * South Pacolet River => 02154790, 02154790
 * L Back River => 021989784
 * Fishing Creek  Hwy  => 021473415
 * Ninetynine Island Reservoir => 02153550
 * Catawba River => 02146000, 02146000, 02147020, 02147020
 * Spirit Creek => 02197020, 02197020
 * Jeffries Creek => 02131110
 * Stevens Creek => 02196000, 02196000
 * Thurmond Lake => 02193900
 * Mctier Creek Rd  => 02172300, 02172300
 * Ashley River => 021720869
 * Lake Murray => 02168500
 * Brushy Creek => 02160325, 02160325
 * Durbin Creek => 02160381, 02160381
 * Neal Shoals Reservoir => 02156449
 * Congaree River => 02169500, 02169500, 02169625
 * South Santee River => 02171850
 * Crabtree Swamp => 02110701
 * Charleston Harbor  Ft Sumter => 02172100
 * Wateree River => 02148000, 02148000, 02148315, 02148315
 * Black Creek => 02130900, 02130900, 02130910, 02130910, 02130980, 02130980, 02130840, 02130840
 * Chinners Swamp => 02135060
 * Cooper River => 02172050, 02172053, 021720711, 021720709
 * Broad River => 02153200, 02153200, 02153551, 02153551, 02156500, 02156500, 02160991, 02161000, 02161000, 02162100
 * Pacolet River => 021556525, 021556525, 02155500, 02155500
 * S Santee River  State Pier => 02171905
 * Sugar Creek => 02146381, 02146381, 02146800, 02146800
 * Saluda River => 02162500, 02162500, 02163001, 02163001, 02163500, 02163500, 02167000, 02167000, 02169000, 02169000, 02168504, 02168504
 * Little Fork Creek => 02131320
 * Salkehatchie River => 02175500, 02175500
 * South Fork Edisto River => 02173000, 02173000, 02173030, 02173030, 02173051, 02173051
 * Cooper River  Customs House Aux  Charleston Sc => 021720710
 * South Tyger River => 02158408, 02158408
 * Manchester Creek => 02146110
 * Savannah Rv => 02196999
 * Tyger River => 02160105, 02160105
 * Aiw => 02110725, 02110777
 * Gaston Shoals Reservoir => 02153051
 * Little River => 02193500, 02193500, 02167450, 02167450, 02192500, 02192500
 * Sampit River => 02136358, 02136358
 * Tributary To Aiw => 02110729
 * Thicketty Creek => 02153700
 * Augusta Canal => 02196485
 * Horse Creek => 02196690, 02196690
 * Chattooga River => 02177000, 02177000
 * Black River => 02136000, 02136000
 * Mctier Creek => 02172305, 02172305
 * North Fork Edisto River => 02173500, 02173500
 * Tallulah River => 02178400, 02178400, 02181580, 02181580
 * Pee Dee River => 02129000, 02129000, 02130561, 02130561, 02131000, 02131000, 02131010, 02131010, 02135200, 02135200
 * Lake Greenwood => 02166500
 * Lynches River => 02131500, 02131500, 02132000, 02132000
 * Savannah River => 02198840, 02198920, 02198980, 02197000, 02197000, 02197500, 02197500, 02198500, 02198500, 02198760, 02195520, 02196483
 * Tools Fork Creek => 021473426
 * Twelvemile Creek => 02186000, 02186000
 * South Rabon Creek => 02165200, 02165200
 * Bush River => 02167563, 02167563, 02167582, 02167582
 * Butler Creek Reservoir => 02196838
 * Second Broad River => 02150495, 02150495
 * Mcalpine Creek => 0214676115, 0214676115
 * Beaufort River => 02176603, 02176640
 * Gills Creek => 02169570, 02169570
 * W Branch Cooper River  Pimlico => 02172020
 * Middle Tyger River => 02157470, 02157470, 02157510, 02157510
 * Santee River => 02169810, 02171500, 02171500, 02171700, 02171700
 * Little Saluda River => 02167705
 * North Rabon Creek => 021652801
 * Buck Creek => 02110400, 02110400
 * Brickyard Creek => 02176585
 * Wando River => 021720698
 * Turkey Creek => 02136361, 02136361, 02172035, 02172035
 * Back River => 02172040
 * Lake Marion => 02169921, 02171000
 * North Santee River => 02171800
 * Waccamaw River => 02109500, 02109500, 02110500, 02110500, 02110704, 02110704, 02110802, 021108125, 02110815
 * Lake Moultrie Tailrace Canal => 02172002, 02172002
 * Reedy River => 02164000, 02164000, 02164110, 02164110, 021650905, 021650905
 * N Tyger River => 02156999
 * Big Dutchman Creek => 021459367
 * Smith Branch => 02162093, 02162093
 * Lake Greenwood Tailrace => 02166501, 02166501
 * Wildcat Creek => 021473428
 * Yadkin River => 02111000, 02111000, 02112000, 02112000, 02112250, 02112250, 02116500, 02116500
 * Little Pee Dee River => 02135000, 02135000
 * Enoree River => 02160326, 02160326, 02160390, 02160390, 02160700, 02160700
 * Lake William Creek Bowen => 02154950
 * Gilkey Creek => 021536097
 * Tributary To Rocky Branch => 021695045
 * Russell Lake => 02188100
 * Hartwell Lake => 02187010
 * Edisto River => 02175000, 02175000
 * Lake Blalock => 021556524
 * Broad River Diversion Canal => 02162110
 * Cooper River  Filbin Creek  North Charleston Sc => 021720677
 * Rocky Creek => 02147500, 02147500
 * Grove Creek => 021630967, 021630967
in
------------------------------------------------------------
 * Heron Lake => 03352695
 * East Fork Whitewater River => 03275600, 03275600, 03276000, 03276000
 * Salt Creek => 03372500, 03372500
 * Cedar Creek => 04179520, 04179520, 04180000, 04180000
 * Flatrock River => 03363500, 03363500, 03363900, 03363900
 * Burns Ditch Qw => 040950901
 * Spy Run Creek => 04182808, 04182808
 * Wabash River => 03322900, 03322900, 03322985, 03322985, 03323500, 03325000, 03325000, 03327500, 03327500, 03329000, 03329000, 03335500, 03335500, 03336000, 03336000, 03340500, 03340500, 03341500, 03341500, 03342000, 03342000, 03343000, 03377500, 03377500, 03378500
 * East Fork White River => 03364000, 03364000, 03365500, 03365500, 03371500, 03371500, 03373500, 03373500
 * White Lick Creek => 03353800, 03353800
 * Youngs Creek => 03362000, 03362000
 * Prairie Creek => 03339280, 03339280
 * Pogues Run => 03352988, 03352988, 03352972
 * Mill Creek => 03358000, 03358000, 03359000, 03359000
 * Ohio River => 03303280, 03304300, 03322000
 * Grand Calumet River => 04092677, 04092677, 05536357, 05536357
 * Eagle Creek => 03353200, 03353200, 03353451, 03353451, 03353500, 03353500, 394633086150101, 03353460, 03353460
 * Pleasant Run => 03353120, 03353120
 * Burns Ditch => 04095090, 04095090
 * Deer Creek => 03329700, 03329700
 * Patoka River => 03374500, 03374500, 03375500, 03375500, 03376300, 03376300, 03376500, 03376500
 * Trail Creek => 04095380, 04095380, 04095300, 04095300
 * William Lock Ditch => 03350660, 03350660
 * Ogden Dunes Beach => 413751087110200
 * St Marys River => 04180988, 04180988, 04181500, 04181500, 04182000, 04182000
 * Vernon Fork Muscatatuck River => 03369500, 03369500
 * Williams Creek => 03351072, 03351072
 * Iroquois River => 05522500, 05522500, 05524500, 05524500
 * Elliott Ditch => 03335671, 03335671
 * East Fork White Lick Creek => 03353885, 03353885, 03353890, 03353890, 03353910, 03353910
 * Hart Ditch => 05536179, 05536179, 05536190, 05536190, 413028087303601, 413340087285001
 * Blue River => 03302800, 03302800, 03303000, 03303000
 * Plum Creek => 03357350, 03357350
 * South Fork Wildcat Creek => 03334500, 03334500
 * Clifty Creek => 03364500, 03364500, 03364650, 03364650, 03364650
 * Muscatatuck River => 03366500, 03366500
 * Fish Creek => 04177720, 04177720
 * Sugar Creek => 03339500, 03339500, 03361650, 03361650, 03362500, 03362500, 03361632, 03361632, 03361630, 03361630
 * Elkhart River => 04100500, 04100500
 * Beaver Creek => 03373508, 03373508
 * Thorn Creek => 05536275, 05536275
 * Little Buck Creek => 03353637, 03353637
 * Brush Creek => 03368000, 03368000
 * Kokomo Creek => 03333600, 03333600
 * Big Raccoon Creek => 03340800, 03340800, 03340900, 03340900, 03341300, 03341300
 * Nb Elkhart River => 04100222, 04100222
 * Juday Creek => 04101370, 04101370
 * White River => 03347000, 03347000, 03348000, 03348000, 03348130, 03348130, 03349000, 03349000, 03351000, 03351000, 03351060, 03353000, 03353000, 03353000, 03353611, 03353611, 03353611, 03354000, 03354000, 03354000, 03357000, 03360500, 03360500, 03373980, 03373980, 03374000, 03374000, 394414086100801, 395435086062001, 400250086010001, 400620085401601, 03351071, 03350800, 03350800, 03352953, 03352953, 03351201
 * Little River => 03324000, 03324000
 * Deep River => 04093000, 04093000
 * Lick Creek => 03353620, 03353620
 * Sylvan Lake => 04100180
 * Yellow River => 05516500, 05516500, 05517000, 05517000
 * Big Creek => 03378550, 03378550
 * Pigeon Creek => 04099510, 04099510
 * Salamonie River => 03324300, 03324300, 03324500
 * Mississinewa River => 03325500, 03325500, 03326500, 03326500, 03327000, 03327000
 * Eel River => 03328000, 03328000, 03328500, 03328500, 03360000, 03360000
 * Little Blue River => 03361440, 03361440
 * Silver Creek => 03294000, 03294000
 * Nameless Creek => 03361109, 03361109
 * Whitewater River => 03274650, 03274650, 03275000, 03275000, 03276500, 03276500
 * Whiskey Run => 03302849
 * Little Eagle Creek => 03353600, 03353600
 * Indiana Harbor Canal => 04092750, 04092750
 * Killbuck Creek => 03348100, 03348100
 * Prairie Ditch => 03327507, 03327507, 03327503, 03327503
 * Pigeon River => 04099750, 04099750
 * Little Calumet River => 04094000, 04094000, 05536195, 413339087223001, 413438087311701, 05536290, 05536290, 04093201
 * Maumee River => 04182900, 04182950, 04182950, 04183000, 04183000
 * West Fork Blue River => 03302680, 03302680
 * Big Walnut Creek => 03357500, 03357330, 03357330
 * St Joseph River => 04101000, 04101000, 04178000, 04178000, 04180500, 04180500
 * Buck Creek => 03302220, 03302220, 03361850, 03361850
 * Crooked Creek => 03351310, 03351310
 * Lake Maxinhall => 03352690
 * Wildcat Creek => 03333450, 03333450, 03333700, 03333700, 03334000, 03334000, 03335000, 03335000
 * Fall Creek => 03351500, 03351500, 03352500, 03352500, 395107086051501
 * Kankakee River => 05515500, 05515500, 05517500, 05517500, 05517530, 05517530, 05518000, 05518000
 * Tippecanoe River => 03330241, 03330241, 03330500, 03330500, 03331500, 03331500, 03331753, 03331753, 03333050, 03333050
 * Big Blue River => 03361000, 03361500, 03361500
 * Busseron Creek => 03342500, 03342500
 * Stony Creek => 03350700, 03350700, 03350655, 03350655
 * IndianKentuck Creek => 03291780, 03291780
 * Middle Fork Anderson River => 03303300, 03303300
 * Cicero Creek => 03349510, 03349510, 03349210, 03349210
id
------------------------------------------------------------
 * Lapwai Creek => 13342450, 13342450
 * North Fork Clearwater River => 13340600, 13340600
 * Lightning Creek => 12392155, 12392155
 * South Fork Salmon River => 13310700, 13310700
 * Malad River => 13152500, 13152500
 * Payette Lake => 13238500
 * St Joe River => 12414500, 12414500, 12415140, 12415140, 12413875, 12413875
 * St Maries River => 12414900, 12414900
 * Cj Strike Res => 13171500
 * Bear River => 10039500, 10039500, 10068500, 10068500, 10092700, 10092700
 * Thompson Creek => 13297330, 13297330
 * Marsh Creek => 13075000, 13075000
 * Trapper Creek => 13083000, 13083000
 * Middle Fork Payette River => 13237920, 13237920
 * Salmon River => 13296500, 13296500, 13302500, 13302500, 13307000, 13307000, 13317000, 13317000
 * Pacific Creek => 13011500, 13011500
 * Buffalo Fork => 13011900, 13011900
 * Cub River => 10093000, 10093000
 * South Fork Payette River => 13235000, 13235000
 * South Fork Teton River => 13055340, 13055340
 * Potlatch River => 13341570, 13341570
 * Grays Lake Outlet => 13057500, 13057500
 * Willow Creek Floodway Channel => 13058520, 13058520, 13058529, 13058529
 * Little Lost River => 13118700, 13118700
 * Gros Ventre River => 13015000, 13015000
 * South Fork Boise River => 13186000, 13186000, 13190500, 13190500
 * North Fork Payette River => 13239000, 13239000
 * Blackfoot River Bypass => 13068495, 13068495
 * Camas Creek => 13141500, 13141500
 * Weiser River => 13258500, 13258500, 13266000, 13266000
 * Snake River => 13010065, 13010065, 13011000, 13011000, 13018750, 13018750, 13022500, 13022500, 13032500, 13032500, 13037500, 13037500, 13038500, 13038500, 13057000, 13057000, 13057155, 13057155, 13060000, 13060000, 13062500, 13062500, 13069500, 13069500, 13077000, 13077000, 13081500, 13081500, 13154500, 13154500, 13213100, 13213100, 13269000, 13269000, 13290450, 13290450, 13013650, 13013650, 13317660, 13317660, 13334300, 13334300
 * Owyhee River => 13181000, 13181000, 13183000, 13183000
 * Coeur d'Alene Lake => 12415500
 * Goose Creek => 13082500, 13082500
 * Johnson Creek => 13313000, 13313000
 * Henrys Fork => 13039500, 13039500, 13042500, 13042500, 13046000, 13046000, 13050500, 13050500, 13056500, 13056500
 * North Fork Teton River => 13055250, 13055250
 * Spring Creek => 13075983, 13075983
 * South Fork Coeur d'Alene River => 12413470, 12413470, 12413355, 12413355
 * Sand Creek => 13058510, 13058510
 * Lemhi River => 13305000, 13305000, 13305310, 13305310
 * Milner Lake => 13087900
 * Kootenai River  Tribal Hatchery => 12310100, 12310100
 * Malheur River => 13215000, 13215000, 13233300, 13233300
 * Mccalley Dam Outflow => 131610556
 * Clearwater River => 13340000, 13340000, 13341050, 13341050, 13342500, 13342500
 * North Fork Coeur d'Alene River => 12411000, 12411000, 12413000, 12413000
 * Priest River => 12395000, 12395000
 * Falls River => 13046995, 13046995, 13047500, 13047500, 13047600, 13047600, 13049500, 13049500
 * Little Salmon River => 13316500, 13316500
 * Salmon Falls Creek => 13105000, 13105000
 * Spokane River => 12419000, 12419000, 12417610
 * Palouse River => 13345000, 13345000
 * South Fork Clearwater River => 13337500, 13337500, 13338500, 13338500
 * Big Lost River => 13120500, 13120500, 13127000, 13127000, 13132500, 13132500, 13132520, 13132520, 13132535, 13132535
 * Payette River => 13247500, 13247500, 13249500, 13249500, 13250000, 13250000, 13251000, 13251000
 * Mores Creek => 13200000, 13200000
 * Middle Fork Salmon River => 13309220, 13309220, 13310199, 13310199
 * Greys River => 13023000, 13023000
 * Inl Diversion => 13132513, 13132513, 13132515, 13132515
 * Little Wood River => 13147900, 13147900, 13148500, 13148500
 * Henrys Lake => 13039000
 * Sweetwater Creek => 13342340, 13342340
 * Squaw Creek => 13297355, 13297355
 * Silver Creek => 13150430, 13150430
 * Canyon Creek => 12413125, 12413125
 * Teton River => 13052200, 13052200, 13055000, 13055000
 * Ef Pine Creek => 12413360, 12413360, 12413370, 12413370
 * Great Western Spillback => 13057132, 13057132
 * Selway River => 13336500, 13336500
 * Moyie River => 12306500, 12306500
 * Webb Creek => 13342295, 13342295
 * Lochsa River => 13337000, 13337000
 * Coeur d'Alene River => 12413500, 12413500, 12413860, 12413860
 * Deadwood River => 13236500, 13236500
 * Portneuf River => 13073000, 13073000, 13075500, 13075500, 13075910, 13075910
 * Pine Creek => 12413445, 12413445
 * Donner Und Blitzen River => 10396000, 10396000
 * Raft River => 13078000, 13078000
 * Cottonwood Creek => 13204640, 13204640
 * Boise River => 13185000, 13185000, 13206000, 13206000, 13213000, 13213000
 * Snake River Gaging Station => 13087995, 13087995
 * Dry Bed => 13038000, 13038000
 * Boise River South Channel => 13206305, 13206305
 * Bruneau River => 13168500, 13168500
 * Salt River => 13027500, 13027500
 * North Fork Malheur River => 13217500, 13217500
 * Big Wood River => 13139510, 13139510
 * Kootenai River => 12309500, 12322000, 12322000, 12305000, 12305000
 * Crane Creek => 13265500, 13265500
 * Blackfoot River => 13063000, 13063000, 13066000, 13066000, 13068500, 13068500
 * Willow Creek => 13057940, 13057940, 13058530, 13058530
sd
------------------------------------------------------------
 * Firesteel Creek => 06477500, 06477500
 * Little Spearfish Creek => 06430850
 * Cherry Creek => 06439000, 06439000, 06439000
 * Fall River => 06402000, 06402000, 06402140
 * Lake Francis Case => 06442996
 * Bear Butte Creek => 06437020, 06437020, 06437200
 * South Fork Bad River => 06440200, 06440200
 * Cheyenne River => 06386500, 06386500, 06386500, 06395000, 06395000, 06401500, 06401500, 06403700, 06403700, 06403700, 06423500, 06423500, 06423500, 06438500, 06438500, 06438500, 06402600, 06402600, 06439500, 06439500, 06439500, 06408650, 06408650
 * Mud Lake => 05049995, 05049995
 * Elk Creek => 06424000, 06424000, 06425100, 06425100, 06425500, 06425500
 * Horsehead Creek => 06400875, 06400875
 * Big Sioux River => 06479215, 06479215, 06479438, 06479438, 06479452, 06479500, 06479500, 06479512, 06479520, 06479520, 06479525, 06479525, 06479770, 06479770, 06480000, 06480000, 06481000, 06481000, 06481000, 06481400, 06482000, 06482000, 06482020, 06482020, 06482020, 06485500, 06485500
 * Bois De Sioux River => 05050000, 05050000
 * Grand River => 06357800, 06357800
 * South Branch Tributary Mud Creek => 06479498
 * Cold Springs Creek => 06429500, 06429500
 * Vermillion River => 06479010, 06479010
 * Castle Creek => 06409000, 06409000
 * Maple River => 06471200, 06471200
 * Split Rock Creek => 06482610, 06482610
 * Bad River => 06441500, 06441500
 * Rhoads Fork => 06408700, 06408700
 * Lake Kampeska => 06479449
 * French Creek => 06403300, 06403300
 * Rock River => 06483500, 06483500
 * Sand Creek => 06429905, 06429905
 * Spring Creek => 06407500, 06407500
 * James River => 06471000, 06471000, 06472000, 06472000, 06473000, 06473000, 06475000, 06475000, 06476000, 06476000, 06477000, 06477000, 06478000, 06478000, 06478500, 06478500, 06470878, 06470878
 * Lake Creek => 06448000, 06448000, 06449000, 06449000
 * Redwater Creek => 06430500, 06430500
 * Crow Creek => 06430532, 06430532
 * Lewis And Clark Lake => 06466700, 06466700
 * Bear In The Lodge Creek => 06446700, 06446700
 * Platte Creek => 06452320, 06452320
 * Beaver Creek => 06402500, 06402500, 06392900, 06392900
 * Little Missouri River => 06334500, 06334500
 * Little Minnesota River => 05290000
 * Moreau River => 06359500, 06359500, 06360500, 06360500
 * Belle Fourche River => 06428500, 06428500, 06436000, 06436000, 06437000, 06437000, 06438000, 06438000, 06438000
 * Inlet Canal => 06434505, 06434505
 * East Fork Vermillion River => 06478600, 06478600
 * White River => 06445685, 06445685, 06446500, 06446500, 06447000, 06447000, 06447450, 06447450, 06452000, 06452000, 06446000, 06446000
 * Murray Ditch => 06429997, 06429997
 * Moccasin Creek => 06471770
 * Horse Creek => 06436760, 06436760, 06436760
 * Spearfish Creek => 06430770, 06430770, 06430900, 06430900, 06431500, 06431500
 * Skunk Creek => 06481480, 06481480, 06481493, 06481500, 06481500
 * Mud Creek => 06479490
 * Redwater River => 06433000, 06433000
 * Cleghorn Springs => 06412810, 06412810
 * Keya Paha River => 06464100, 06464100, 06464500, 06464500
 * Silver Creek => 06482010
 * South Fork Grand River => 06356500, 06356500
 * Battle Creek => 06404000, 06404000, 06406000, 06406000, 06406000, 06406500, 06406500, 06406500
 * West Fork Vermillion River => 06478690, 06478690
 * Hat Creek => 06400000, 06400000
 * Oak Creek => 06354882, 06354882
 * Little White River => 06447500, 06447500, 06449100, 06449100, 06449500, 06449500, 06450500, 06450500
 * Elm River => 06471065, 06471500, 06471500, 06471510
 * Annie Creek => 06430800, 06430800
 * Whetstone River => 05291000, 05291000
 * Foot Creek => 06471800, 06471800
 * Missouri River => 06440000, 06441590, 06441592, 06441595, 06467500, 06467500, 06342500, 06342500, 06342500, 06486000, 06486000, 06486000
 * Grace Coolidge Creek => 06404998, 06404998
 * Boxelder Creek => 06422500, 06422500, 06423010, 06423010
 * Black Pipe Creek => 06447230, 06447230
 * Little Vermillion River => 06478540, 06478540
 * Whitewood Creek => 06436180, 06436180, 06436190, 06436190, 06436198, 06436198
 * Rapid Creek => 06410500, 06410500, 06411500, 06411500, 06412200, 06412500, 06412500, 06414000, 06414000, 06416000, 06418900, 06418900, 06421500, 06421500, 06421500
 * Deadwood Creek => 06436165, 06436165
 * North Fork Grand River => 06355500, 06355500
 * Willow Creek => 06479515, 06481497
pa
------------------------------------------------------------
 * Little Mahoning Creek => 03034500, 03034500
 * West Branch Brandywine Creek => 01480300, 01480300, 01480500, 01480500, 01480500, 01480617, 01480617, 01480617
 * Chillisquaque Creek => 01553700, 01553700
 * Yellow Breeches Creek => 01571500, 01571500
 * Dyberry Creek => 01429500, 01429500
 * Pequea Creek => 01576787, 01576787
 * Loyalsock Creek => 01552000, 01552000
 * Walnut Creek Upstream Pool => 04213152, 04213152, 04213152
 * Connoquenessing Creek => 03106000, 03106000
 * Redstone Creek => 03074500, 03074500
 * Two Lick Creek => 03042500, 03042500
 * Clarion River => 03028500, 03028500, 03029000, 03029500, 03029500, 03030500, 03030500
 * White Clay Creek => 01478245, 01478245, 01478650, 01478650
 * Sevenmile Run => 03026500, 03026500
 * Letort Spring Run => 01569800, 01569800
 * Tohickon Creek => 01459500, 01459500
 * French Creek => 01472157, 01472157, 03021350, 03021350, 03021520, 03021520, 03023100, 03023100, 03024000, 03024000
 * Swatara Creek => 01572025, 01572025, 01572190, 01572190, 01573000, 01573000, 01573560, 01573560, 01573600
 * Fishing Creek => 01539000, 01539000
 * Red Clay Creek => 01479820, 01479820, 01480015, 01480015
 * Aughwick Creek => 01564500, 01564500, 01564512, 01564512
 * Tobyhanna Creek => 01447720, 01447720, 01447720
 * Brandy Run => 04213075, 04213075
 * Sawmill Run => 03085213, 03085213
 * Redbank Creek => 03032500, 03032500
 * Tonoloway Creek => 01613050, 01613050, 01613095, 01613095
 * Tunkhannock Creek => 01447680, 01447680, 01534000, 01534000
 * Driftwood Branch Sinnemahoning Creek => 01543000, 01543000
 * Buffalo Creek => 03049000, 03049000
 * Shenango River => 03101500, 03101500, 03102850, 03102850, 03103500, 03103500, 03103500
 * Tuscarora Creek => 01566000, 01566000
 * Jordan Creek => 01451800, 01451800, 01452000, 01452000
 * Spring Creek => 01546400, 01546400, 01546400, 01546500, 01546500, 01547100, 01547100
 * Octoraro Creek => 01578475, 01578475
 * Marsh Creek => 01480675, 01480675, 01480685, 01480685, 01547700, 01547700
 * Little Conemaugh River => 03041000, 03041000
 * Birch Run => 01480400, 01480400, 01480400
 * Little Neshaminy Creek => 01464907, 01464907
 * Cobbs Creek => 01475530, 01475530, 01475530, 01475548, 01475548, 01475548
 * Young Womans Creek => 01545600, 01545600
 * Raccoon Creek => 03108000, 03108000
 * Slippery Rock Creek => 03106500, 03106500
 * Dunkard Creek => 03072000, 03072000
 * Tacony Creek => 01467086, 01467086, 01467086
 * Manada Creek => 01573482, 01573482, 01573482
 * Valley Creek => 01473169, 01473169
 * Big Spring Creek => 01569460, 01569460, 01569460
 * Crooked Creek => 01518420, 01518420, 03038000, 03038000, 03039000, 03039000
 * Conodoguinet Creek => 01570000, 01570000
 * Bermudian Creek => 01573849, 01573849
 * Wissahickon Creek => 01473900, 01473900, 01473900, 01474000, 01474000, 01474000
 * Mountain Creek => 01571184, 01571184
 * Nb Neshaminy Creek => 01464645, 01464645, 01464720, 01464720
 * Ridley Creek => 01476480, 01476480
 * Brokenstraw Creek => 03015500, 03015500
 * Swiftwater Creek => 01440485, 01440485
 * Pine Creek => 01548500, 01548500, 01549700, 01549700, 03049807, 03049807
 * Sherman Creek => 01568000, 01568000
 * Montour Run => 03085956, 03085956
 * Muncy Creek => 01552500, 01552500, 01553005, 01553005
 * Wb Susquehanna River => 01541200, 01541200, 01542500, 01542500, 01545800, 01545800, 01549760, 01549760, 01551500, 01551500
 * Little Schuylkill River => 01469500, 01469500
 * Spruce Creek => 01558098, 01558098
 * West Conewago Creek => 01573825, 01573825, 01574000, 01574000
 * Oil Creek => 03020500, 03020500
 * Kettle Creek => 01544500, 01544500, 01545000, 01545000
 * Conestoga River => 01576500, 01576500, 01576754, 01576754
 * Eb Clarion River => 03027500, 03027500, 03027500
 * Walnut Creek => 04213155, 04213155
 * Sinnemahoning Creek => 01543500, 01543500
 * Towanda Creek => 01532000, 01532000
 * Lehigh River => 01447500, 01447500, 01447500, 01447800, 01447800, 01447800, 01449000, 01449000, 01451000, 01451000, 01453000, 01453000, 01454700, 01454700, 01454720
 * Mahoning Creek => 03034000, 03034000, 03036000, 03036000, 03036000
 * Cowanesque River => 01518862, 01518862, 01519200, 01519200, 01520000, 01520000
 * Tioga River => 01516350, 01516350, 01518000, 01518000, 01518700, 01518700
 * Blockhouse Creek => 01549500, 01549500
 * Thompson Run => 03084800, 03084800
 * West Branch Clarion River => 03028000, 03028000, 03028000
 * Beaver River => 03105500, 03105500, 03107500, 03107500
 * East Branch Brandywine Creek => 01480700, 01480700, 01480870, 01480870, 01480870
 * Aquashicola Creek => 01450500, 01450500
 * Bushkill Creek => 01446775, 01446775, 01446776, 01446776
 * Linn Run => 03044810, 03044810
 * Monongahela River => 03072655, 03072655, 03075070, 03075070, 03075070, 03063000, 03075000, 03085152, 03085152
 * Little Lehigh Creek => 01451500, 01451500, 01451650, 01451650
 * West Branch Susquehanna River => 01541000, 01541000, 01541303, 01541303, 01545500, 01545500, 01545500, 01553500, 01553500
 * Dunning Creek => 01560000, 01560000
 * Waldy Run => 01542810, 01542810
 * Manatawny Creek => 01471875, 01471875
 * Tulpehocken Creek => 01470779, 01470779, 01470779, 01470960, 01470960, 01470960, 01471000, 01471000
 * Girtys Run => 03049819
 * Little Bush Kill => 01439590, 01439590
 * Yellow Creek => 03042280, 03042280
 * Conemaugh River => 03041029, 03041029, 03041500, 03041500, 03043810, 03044000, 03044000
 * Lackawaxen River => 01430000, 01430000, 01431500, 01431500, 01431500, 01432110, 01432110, 01432110
 * Lackawanna River => 01534300, 01534300, 01534500, 01534500, 01536000, 01536000, 01534860, 01534860
 * Broad Run => 01480638, 01480638
 * Beech Creek => 01547950, 01547950
 * Tionesta Creek => 03020000, 03020000, 03020000
 * Neshaminy Creek => 01464750, 01464750, 01465200, 01465200, 01465500, 01465500
 * Oswayo Creek => 03010655, 03010655
 * Cheat River  Lake Lynn Pa => 03071600
 * Laurel Hill Creek => 03080000, 03080000
 * Rays Branch Juniata River => 01563200, 01563200, 01563200
 * Brandywine Creek => 01481000, 01481000, 01481000, 01481500, 01481500, 01481500
 * Kishacoquillas Creek => 01565000, 01565000
 * First Fork Sinnemahoning Creek => 01543700, 01543700, 01544000, 01544000
 * Turtle Creek => 03084698, 03084698
 * East Mahantango Creek => 01555500, 01555500
 * Woodcock Creek => 03022540, 03022540, 03022554, 03022554, 03022554
 * Juniata River => 01559000, 01559000, 01563500, 01563500, 01564895, 01564895, 01567000, 01567000, 01567000
 * Little Juniata River => 01558000, 01558000
 * Muddy Creek => 03106300, 03106300
 * Youghiogheny River => 03077500, 03077500, 03077500, 03081000, 03081000, 03081000, 03081500, 03081500, 03082500, 03082500, 03082500, 03083500, 03083500, 03083500
 * Blacklick Creek => 03042000, 03042000
 * Stonycreek River => 03040000, 03040000
 * Monocacy Creek => 01452500, 01452500
 * Bixler Run => 01567500, 01567500
 * Frankford Creek => 01467087, 01467087, 01467087
 * Casselman River => 03079000, 03079000, 03079000
 * Bald Eagle Creek => 01547200, 01547200, 01547500, 01547500, 01548005, 01548005, 01557500, 01557500
 * Raystown Branch Juniata River => 01559790, 01562000, 01562000
 * W Branch Susquehanna River => 01553240
 * Ohio River => 03085734, 03086000, 03086000, 03108490, 03108490
 * West Branch Perkiomen Creek => 01472199, 01472199
 * Clearfield Creek => 01541500, 01541500
 * East Branch Big Elk Creek => 01494850
 * Little Shenango River => 03102500, 03102500
 * Kiskiminetas River => 03048500, 03048500
 * Indiantown Run => 01572950, 01572950
 * Perkiomen Creek => 01472198, 01472198, 01473000, 01473000
 * Pennypack Creek => 01467048, 01467048, 01467048, 01467042, 01467042, 01467042
 * Chartiers Creek => 03085500, 03085500
 * Frankstown Branch Juniata River => 01556000, 01556000
 * Brodhead Creek => 01440400, 01440400, 01442500, 01442500
 * Pocono Creek => 01441495, 01441495
 * Wills Creek => 01601000, 01601000, 01601500, 01601500
 * Susquehanna River => 01531500, 01531500, 01533400, 01533400, 01536500, 01536500, 01538700, 01540500, 01540500, 01553990, 01554000, 01554000, 01570500, 01570500, 01570500, 01576000, 01576000, 01515000, 01515000, 01578310, 01578310
 * Penns Creek => 01555000, 01555000
 * Allegheny River => 03007800, 03007800, 03010500, 03010500, 03012550, 03012550, 03012550, 03015310, 03015310, 03016000, 03016000, 03025500, 03025500, 03031500, 03031500, 03036500, 03036500, 03049500, 03049500, 03049640, 03033000
 * Schuylkill River => 01468500, 01468500, 01470500, 01470500, 01471510, 01471510, 01472000, 01472000, 01472104, 01473500, 01473500, 01474500, 01474500
 * Codorus Creek => 01574500, 01574500, 01575500, 01575500
 * Chester Creek => 01477000, 01477000
 * East Branch White Clay Creek => 01478120, 01478120
 * Little Pine Creek => 03049800, 03049800
 * Poquessing Creek => 01465798, 01465798, 01465798
 * Pohopoco Creek => 01449360, 01449360, 01449360, 01449800, 01449800, 01449800
 * Bush Kill => 01439500, 01439500
 * Wapwallopen Creek => 01538000, 01538000
 * Delaware River => 01460200, 01467200, 01477050, 01482800, 01438500, 01438500, 01440200, 01446500, 01446500, 01457500, 01463500, 01463500, 01463500, 01427510, 01427510, 01427510, 01434000, 01434000, 01474703, 01462000, 01446995, 01427207, 01427207, 01427207
 * Loyalhanna Creek => 03045000, 03045000, 03047000, 03047000, 03047000
 * Crum Creek => 01475850, 01475850
 * Conewango Creek => 03015000, 03015000
 * Kinzua Creek => 03011800, 03011800
 * West Branch Lackawaxen River => 01428750, 01428750, 01428750, 01429000, 01429000, 01429000
 * East Branch Perkiomen Creek => 01472620, 01472620, 01472810, 01472810
 * Corey Creek => 01516500, 01516500
 * Lycoming Creek => 01550000, 01550000, 01550500, 01550500
ok
------------------------------------------------------------
 * Deep Fork => 07242380, 07242380, 07243500, 07243500
 * Pennington Creek East Of Mill Creek Ok => 07331295, 07331295
 * North Criner Creek => 07328180, 07328180
 * Washita River => 07316500, 07316500, 07324200, 07324200, 07324400, 07324400, 07325000, 07325000, 07325500, 07325500, 07326500, 07326500, 07328100, 07328100, 07328500, 07328500, 07331000, 07331000
 * Lake Hudson => 07191400
 * Beaty Creek => 07191222, 07191222
 * Hominy Creek => 07176950, 07176950
 * Baron Fork => 07197000, 07197000, 07196900, 07196900
 * Wolf Ck => 07235000, 07235000
 * Canadian River => 07228500, 07228500, 07229200, 07229200, 07231500, 07231500, 07245000, 07245000, 07229050, 07229050, 07228940, 07228940
 * Lake Altus => 07302500
 * Jimmy Creek => 07309435
 * Mill Creek => 07331200, 07331200
 * North Canadian River => 07237500, 07237500, 07238000, 07238000, 07239000, 07239000, 07239000, 07239300, 07239300, 07239450, 07239450, 07239500, 07239500, 07239700, 07239700, 07240200, 07241000, 07241000, 07241520, 07241520, 07241550, 07241550, 07241800, 07241800, 07242000, 07242000
 * Flat Rock Creek => 07177650, 07177650
 * Coldwater Creek => 07232900, 07232900
 * Caney Creek => 07197360, 07197360
 * Cobb Creek => 07325800, 07325800, 07326000, 07326000
 * Illinois River South Of Siloam Springs Ar => 07195430, 07195430
 * Clear Boggy Creek => 07335000, 07335000
 * Rock Creek => 07329852, 07329852
 * Little Washita River => 073274406, 073274406, 07327442, 07327442, 07327447, 07327447
 * Foss Reservoir => 07324300
 * Cimarron River => 07154500, 07154500, 07156900, 07156900, 07157950, 07157950, 07158000, 07158000, 07159100, 07159100, 07160000, 07160000, 07161450, 07161450, 07155590, 07155590
 * Lake Eucha => 07191285
 * Lake Lawtonka => 07309500
 * Palo Duro Creek => 07233650, 07233650
 * Little Haikey Creek => 07165565, 07165565
 * Canadian Rv => 07228000, 07228000
 * Lee Creek => 07249800, 07249800, 07249985, 07249985
 * Kiamichi River => 07335700, 07335700, 07335790, 07335790, 07336200, 07336200
 * Atoka Reservoir => 07333010
 * Mcclellan Ck => 07301200, 07301200
 * Lake O' The Cherokees => 07190000
 * Elm Fork Of North Fork Red River => 07303400, 07303400
 * Black Fork => 07247250, 07247250
 * Skeleton Creek => 07160350, 07160350, 07160500, 07160500
 * Little Lee Creek => 07249920, 07249920
 * Ar River => 07250550, 07250550
 * Mountain Fork => 07338750, 07338750, 07339000, 07339000
 * Glover River => 07337900, 07337900
 * Big Cabin Creek => 07191000, 07191000
 * Sager Creek => 07195865, 07195865
 * Blue River => 07332390, 07332390, 07332500, 07332500
 * Lake Creek => 07325850, 07325850, 07325840, 07325840
 * Red River => 07316000, 07316000, 07331600, 07331600, 07335500, 07335500, 07336820, 07336820
 * Tar Creek => 07185090, 07185090, 07185095, 07185095
 * Sweetwater Ck => 07301410, 07301410
 * Bird Ck => 07178200, 07178200
 * Neosho River => 07185000, 07185000, 07185080, 07190500, 07190500, 07191500, 07191500, 07183500, 07183500
 * Bird Creek => 07176500, 07176500, 07177500, 07177500, 07178000, 07178000
 * Spavinaw Creek => 07191160, 07191160, 07191179, 07191179, 07191220, 07191220, 071912213, 071912213, 07191288, 07191288
 * Red Rv => 07315500, 07315500
 * Black Bear Creek => 07153000, 07153000
 * Little River => 07230000, 07230000, 07230500, 07230500, 07231000, 07231000, 07338500, 07338500
 * Coal Creek => 07177800, 07177800
 * Stanley Draper Lake => 07229445
 * Mud Creek => 07315700, 07315700
 * Beaver River => 07232470, 07232470, 07234000, 07234000
 * Salt Fk Red Rv => 07300000, 07300000
 * Lake Hefner => 07159550
 * Spring River => 07188000, 07188000
 * East Cache Creek => 07311000, 07311000
 * Muddy Boggy Creek => 07334000, 07334000, 07335300, 07335300
 * Mcgee Creek Reservoir => 07333900
 * Lake Ellsworth => 07308990
 * Sweetwater Creek => 07301420, 07301420
 * Lake Thunderbird => 07229900
 * North Fork Red River => 07301481, 07301500, 07301500, 07303000, 07303000, 07305000, 07305000, 07307028, 07307028
 * Verdigris River => 07171000, 07171000, 07176000, 07176000, 07170500, 07170500
 * Salt Fork Red River => 07300500, 07300500, 07301110, 07301110
 * Salt Fork Arkansas River => 07148400, 07148400, 07151000, 07151000
 * se Abb  Antelope Spring => 07329849, 07329849
 * N Fk Red Rv => 07301300, 07301300
 * Otter Creek => 07307010, 07307010
 * Fourche Maline => 07247500, 07247500
 * Lake Frederick => 07311415
 * Scs Pond No  => 07327441
 * Joe Creek => 07164600, 07164600
 * Honey Creek => 07189542, 07189542, 07329780, 07329780
 * Shawnee Lake No  => 07241600
 * Medicine Lodge River => 07149000, 07149000
 * Cottonwood Creek => 07159750
 * Poteau River => 07247015, 07247015, 07249413, 07249413, 07247000, 07247000
 * Lake Hefner Canal => 07240000, 07240000
 * Chikaskia River => 07152000, 07152000, 07151500, 07151500
 * Crooked Creek => 07157500, 07157500
 * ne Ccd  Byrds Mill Spring => 07334200, 07334200, 07334200, 07334200
 * Pennington Creek => 07331300, 07331300
 * Flint Creek => 07196000, 07196000, 07195800, 07195800, 07195855, 07195855
 * Haikey Creek => 07165562, 07165562
 * Spavinaw Lake => 07191300
 * Illinois River => 07195500, 07195500, 07196500, 07196500, 07198000, 07198000
 * Wildhorse Creek => 07329700
 * Deep Red Creek => 07311500, 07311500
 * Elk River => 07189000, 07189000
 * Cave Springs Branch => 07189540, 07189540
 * Lake Overholser => 07240500
 * Little Washita River East Of Ninnekah Ok => 07327550, 07327550
 * Fort Cobb Reservoir => 07325900
 * Willow Creek => 07325860, 07325860
 * Arkansas River => 07152500, 07152500, 07164500, 07164500, 07165570, 07165570, 07194500, 07194500, 07249455, 07249455, 07249455
 * Caney River => 07174400, 07174400, 07175500, 07175500
nj
------------------------------------------------------------
 * North Branch Rancocas Creek => 01467000, 01467000
 * Great Egg Harbor River => 01411000, 01411000
 * Stony Brook => 01401000, 01401000, 01403540, 01403540
 * Flanders Brook => 01396152
 * Mcdonalds Branch In Byrne State Forest Nj => 01466500, 01466500
 * Cedar Creek => 01409000, 01409000, 01409000
 * Raritan River => 01400500, 01400500, 01403060, 01403060
 * Pequannock River => 01382500, 01382500, 01382170
 * Pascack Brook => 01377370, 01377370, 01377500, 01377500
 * Westecunk Creek => 01409280, 01409280
 * Tuckahoe River => 01411300, 01411300, 01411300
 * Crosswicks Creek => 01464500, 01464500
 * South Branch Raritan River => 01396190, 01396190, 01396500, 01396500, 01397000, 01397000
 * Manalapan Brook => 01405400, 01405400
 * Saddle River => 01390450, 01390450, 01390500, 01390500, 01391500, 01391500
 * Mill Brook => 01379868
 * Hackensack River => 01377000, 01377000, 01378500, 01378500, 01376800, 01376800
 * Delaware River => 01438500, 01438500, 01440200, 01446500, 01446500, 01457500, 01463500, 01463500, 01427510, 01427510, 01428500, 01428500, 01434000, 01434000, 01462000, 01446995, 01461500, 01458500
 * Deep Run => 01406050, 01406050
 * Lockatong Creek => 01460880, 01460880
 * West Branch Rahway River => 01394000
 * Delaware And Raritan Canal => 01460440, 01460440
 * Maurice River => 01411500, 01411500
 * Ringwood Creek => 01384500, 01384500
 * Pompton River => 01388500, 01388500
 * Neshaminy Creek => 01465500, 01465500
 * Lehigh River => 01453000, 01453000
 * Oswego River => 01410000, 01410000
 * Hohokus Brook => 01391000, 01391000
 * Pascack Bk => 01377451
 * South Branch Pennsauken Creek => 01467081, 01467081
 * Raccoon Creek => 01477120, 01477120
 * Peckman River => 01389534, 01389550, 01389550
 * Molly Ann Brook => 01389765
 * Pequest River => 01445000, 01445000, 01445500, 01445500
 * Spruce Run => 01396582, 01396582, 01396800, 01396800
 * Wickecheoke Creek => 01461300, 01461300
 * Flat Brook => 01440000, 01440000
 * Mulhockaway Creek => 01396660, 01396660
 * Salem River => 01482500, 01482500
 * Cooper River => 01467150, 01467150
 * Green Brook => 01403400, 01403400
 * Brodhead Creek => 01442500, 01442500
 * Brandywine Creek => 01481000, 01481000
 * Passaic River => 01379000, 01379000, 01379500, 01379500, 01381900, 01381900, 01389005, 01389492, 01389500, 01389500, 01389890, 01389890
 * Mullica River => 01409400, 01409400
 * Assunpink Creek => 01463620, 01463620, 01464000, 01464000
 * Bound Brook => 01403900, 01403900
 * South B Rockaway Creek => 01399670, 01399670
 * Papakating Creek => 01367800, 01367800
 * Beaver Brook => 01446000, 01446000
 * East Branch Rahway River => 01393890
 * Absecon Creek => 01410500, 01410500
 * Shark River => 01407705, 01407705
 * South Branch Rancocas Creek => 01465850, 01465850
 * Musconetcong River => 01455500, 01455500, 01457000, 01457000
 * Wanaque River => 01383500, 01383500, 01387000, 01387000
 * North Branch Raritan River => 01398500, 01398500, 01400000, 01400000, 01400010, 01399830
 * Lamington Black River => 01399500, 01399500
 * Lawrence Brook => 01405030, 01405030
 * Swimming River => 01407500, 01407500
 * Ramapo River => 01387500, 01387500, 01388000, 01388000, 01387420, 01387420, 01387940, 01387998, 01388100
 * East Branch Bass River => 01410150, 01410150
 * Schuylkill River => 01474500, 01474500
 * Neshanic River => 01398000, 01398000
 * Woodcliff Lake => 01377450
 * Nb Rancocas Creek => 01467005
 * Middle Brook => 01399100, 01399100, 01399100
 * Southwest Branch Rancocas Creek => 01465880, 01465880
 * East Branch Rahway Riv => 01393895
 * Big Brook => 01407290, 01407290
 * Paulins Kill => 01443500, 01443500
 * Pike Run => 01401650, 01401650
 * Greenwood Branch => 01466900, 01466900
 * Wanaque Reservoir => 01386990
 * Whippany River => 01381500, 01381500, 01381800, 01381800
 * Rahway River => 01394620, 01394500, 01394500, 01395000, 01395000
 * Yards Creek => 01443900, 01443900
 * West Brook => 01386000, 01386000
 * Millstone River => 01401750, 01402000, 01402000, 01402540, 01402500
 * Cohansey River => 01412800, 01412800
 * Nb Neshaminy Creek => 01464645, 01464645, 01464720, 01464720
 * Robinsons Branch => 01396000
 * Mahwah River => 01387450, 01387450
 * Toms River => 01408500, 01408500
 * West Branch Wading River => 01409810, 01409810
 * Manasquan River => 01408000, 01408000, 01408029, 01408029
 * Third River => 01392170
 * West Branch Middle Brook => 01403150, 01403150
 * Green Pond Brook => 01379773, 01379773
 * Bush Kill => 01439500, 01439500
 * Big Flat Brook => 01439800
 * Neversink River => 01436690, 01436690
 * Lackawaxen River => 01431500, 01431500
 * Rockaway River => 01380500, 01380500, 01381000, 01381000
 * Little Ease Run => 01411456, 01411456
 * Elizabeth River => 01393450, 01393450
 * Mantua Creek => 01475000, 01475000
 * Lake Hopatcong => 01455400
 * North Branch Metedeconk River => 01408120, 01408120
ms
------------------------------------------------------------
 * Tangipahoa River => 07375280, 07375280
 * Bogue Homo => 02474600, 02474600
 * Pascagoula River => 02480273, 02480212, 02479310, 02479310, 02479000, 02479000
 * Tuscolameta Creek => 02483000, 02483000
 * Mill Creek => 02485574, 02485574, 02485573, 02485590
 * Buttahatchee River => 02439400, 02439400
 * South Canal Tuscolameta Creek => 02483001, 02483001
 * Bogue Phalia => 07288650, 07288650
 * Yocona River => 07274000, 07274000
 * Ross Barnett Reservoir => 02485600
 * Mill Creek Tributary No  => 02485577, 02485575
 * Red Bud Creek => 02430085, 02430085
 * Tillatoba Creek => 07280400, 07280400
 * Homochitto River => 07292500, 07292500, 07291000, 07291000
 * Twentymile Creek => 02430680, 02430680
 * East Pearl River => 301141089320300, 02492110
 * Chickasawhay River => 02478500, 02478500, 02477000, 02477000
 * Pearl River Navagation Canal Lock And Dam No  => 02492100, 02490200, 02492519
 * Bouie Creek => 02472500, 02472500
 * Senatobia Creek => 07277730
 * Red Creek => 02479300, 02479300
 * Luxapallila Creek => 02443500, 02443500
 * Big Sunflower River => 07288280, 07288280, 07288500, 07288500
 * Deer Creek East Of Leland Ms => 0728875070, 0728875070
 * Black Creek => 07287400, 07287400, 02479160, 02479160, 02479130, 02479130
 * Amite River => 07377000, 07377000
 * East Hobolochitto Creek => 02492343, 02492343
 * Jourdan River => 02481660
 * Tallahala Creek => 02474500, 02474500, 02474500, 02473500, 02473500, 02473460, 02473460
 * Topashaw Creek Canal => 07282090, 07282075, 07282100, 07282100
 * Yockanookany River => 02484500, 02484500, 02484000, 02484000
 * Escatawpa River => 02479560, 02479560, 0248018020
 * Yalobusha River => 07281977, 07281960, 07285500, 07285500
 * Leaf River => 02475000, 02475000, 02474560, 02474560, 02473000, 02473000, 02472000, 02472000
 * Biloxi River => 02481000, 02481000
 * Wilson Slough => 02492111
 * Skuna River => 07283000, 07283000
 * Hickahala Creek => 07277700, 07277700
 * Sowashee Creek => 02476500, 02476500
 * Big Black River => 07290000, 07290000, 07289730, 07289730, 07289350, 07289350
 * Mud Creek => 02430615, 02430615
 * Abiaca Creek => 07287150, 07287150, 07287160, 07287160
 * Strong River => 02487500, 02487500
 * Cypress Creek => 02479155, 02479155
 * Pearl River => 02489500, 02489500, 02492600, 02489000, 02489000, 02485601, 02484650, 02483500, 02483500, 02488500, 02488500, 02486000, 02486000, 02482550, 02482550, 02482000, 02482000, 02482000, 02481880, 02481880, 02490193, 02492620
 * Unnamed Tributary Clear Creek => 333150090530400
 * Middle Creek => 02479143
 * Lynch Creek => 02486100, 02486100
 * Bear Creek Canal => 07282097, 07282097
 * West Hobolochitto Creek => 02492360, 02492360
 * Little Yellow Creek East => 03592718, 03592718
 * Unnamed Tributary To Mill Creek => 0248557375
 * Bee Lake Tributary No  => 330304090210100
 * Cummings Creek => 02430880, 02430880
 * Bull Mountain Creek => 02432500, 02432500
 * Yalobusha River And Topashaw Creek Ca => 07282000
 * Biloxi Bay => 302318088512600
 * Mississippi River => 07290880, 07289000, 07265455
 * Pelahatchie Creek => 02485498
 * Uscg Pearl River Entrance Channel Light a => 301058089313900
 * Pearces Creek => 02479144, 0247914380, 0247914380
 * Back Bay Of Biloxi => 02481270
 * Fannegusha Creek => 02484760
 * Cany Creek => 02486350
 * Uscg Biloxi East Channel Range Front Light => 302110088464600
 * Okatoma Creek => 02472850, 02472850
 * Bayou Pierre => 07290650, 07290650
 * Eubanks Creek => 02485800
 * Bogue Chitto => 02490500, 02490500
 * Chunky River => 02475500, 02475500
 * Wolf River => 02481510, 02481510, 02481510
 * Buffalo River => 07295000, 07295000
 * Okatibbee Creek => 02476600, 02476600
 * Noxubee River => 02448500, 02448500, 02448000, 02448000
 * Town Creek => 02485950, 02436500, 02436500
 * Buckatunna Creek => 02477990, 02477990
 * Mississippi Sound => 301527088521500
 * Lk Washington Tributary => 330548091055100
 * Bee Lake => 330359090194135
 * Tombigbee River => 02441500, 02441390, 02441390, 02441390, 02437100, 02437100, 02437100, 02437000, 02437000, 02433500, 02433500, 02431000, 02431000, 02430500
 * Coldwater River => 07275900, 07275900
 * Little Tallahatchie River => 07268000, 07268000
 * Hanging Moss Creek => 02485700, 02485700
 * Old Fort Bayou => 02481299
 * Tallahatchie River => 07281600, 07281600
 * West Pascagoula River => 02480285
 * Yazoo River => 07288955, 07288955
mi
------------------------------------------------------------
 * Intermediate Lake => 450415085153501
 * Schweitzer Creek => 04058200, 04058200
 * Middle River Rouge => 04167000, 04167000, 04167150
 * Rogue River => 04118500, 04118500
 * Schweitzer Reservoir => 04058190
 * Portage Creek => 04106300, 04106300
 * Higgins Lake => 442805084411001
 * Lake St Helen => 442409084274001
 * Mill Creek => 04159900, 04159900, 04173500, 04173500
 * Salmon Trout River => 04043238, 04043238
 * Tahquamenon River => 04045500, 04045500
 * Michigamme River => 04062500, 04062500
 * Grand River => 04109000, 04109000, 04111000, 04111000, 04113000, 04113000, 04114000, 04114000, 04116000, 04116000, 04118105, 04119000, 04119000
 * Ontonagon River => 04040000, 04040000
 * Flat River => 04116500
 * Malletts Creek => 04174518, 04174518
 * Paint Creek => 04161540, 04161540
 * Manistique River => 04056500, 04056500
 * Bear Creek => 04122100, 04122100
 * Thornapple River => 04117500, 04117500
 * Maple River => 04115000, 04115000
 * Cisco Lake => 04037400
 * Sturgeon River => 04040500, 04040500, 04041500, 04041500, 04057510, 04057510, 04127997, 04127997
 * Macatawa River => 04108800, 04108800
 * Middle Branch Ontonagon River => 04033000, 04033000, 04035500, 04035500
 * Clinton River => 04160900, 04160900, 04161000, 04161000, 04161820, 04161820, 04164000, 04164000, 04165500, 04165500
 * Greenwood Afterbay => 04057812
 * East Branch Salmon Trout River => 04043244, 04043244
 * Sashabaw Creek => 04160800, 04160800
 * Menominee River => 04063500, 04063500, 04065106, 04065106, 04066003, 04066003, 04066030, 04066030, 04066800, 04066800, 04067500, 04067500, 04063000, 04063000
 * Greenwood Release => 04057814, 04057814
 * Austin Lake => 04097188
 * Looking Glass River => 04114498, 04114498
 * Gomanche Creek => 04043140, 04043140
 * Lac Vieux Desert => 05390100
 * East Branch Pine River => 04124500, 04124500
 * South Branch Black River => 04102700, 04102700
 * Cisco Branch Ontonagon River => 04037500, 04037500
 * Paint River => 04062000, 04062000
 * Elkhart River => 04100500, 04100500
 * Cass River => 04150500, 04150500, 04151500, 04151500
 * Rabbit River => 04108600, 04108600
 * Augusta Creek => 04105700, 04105700
 * Greenwood Diversion => 04057813, 04057813
 * South Branch Au Sable River => 04135700, 04135700
 * Clam River => 04121300, 04121300
 * Ecorse River => 04168580, 04168580
 * River Rouge => 04166000, 04166000, 04166100, 04166100, 04166500, 04166500
 * West Branch Ontonagon River => 04036000, 04036000
 * Yellow Dog River => 04043275, 04043275
 * White River => 04122200, 04122200
 * Pere Marquette River => 04122500, 04122500
 * River Raisin => 04175600, 04175600, 04176000, 04176000, 04176500, 04176500
 * Swartz Creek => 04148300
 * Manistee River => 04124000, 04124000, 04124200, 04124200, 04125550, 04125550
 * Black River => 04031000, 04031000, 04159492, 04159492
 * Bond Falls Canal => 04033500, 04033500
 * Silver River Upstream Of East Branch => 04043126, 04043126
 * Kent Lake => 04170490
 * Huron River => 04170000, 04170000, 04170500, 04170500, 04172000, 04172000, 04174500, 04174500
 * Evans Ditch => 04166200, 04166200
 * Chippewa River => 04154000, 04154000
 * Au Sable River => 04136000, 04136000, 04136500, 04136500, 04136900, 04136900, 04137005, 04137005, 04137500, 04137500
 * Jordan River => 04127800, 04127800
 * Platte River => 04126740, 04126740
 * Otter Creek => 04176605, 04176605
 * East Pond Creek => 04164100
 * South Branch Tobacco River => 04152238, 04152238
 * Brule River => 04060993, 04060993, 04062011, 04062011
 * Trap Rock River => 04043050, 04043050
 * Little Muskegon River => 04121944, 04121944
 * North Branch Clinton River => 04164500, 04164500
 * Escanaba River => 04058940, 04059000, 04059000
 * Peshekee River => 04062200, 04062200
 * Greenwood Reservoir => 04057811
 * Battle Creek => 04105000, 04105000
 * Silver River => 04043150, 04043150
 * Middle Branch Escanaba River => 04057800, 04057800, 04058100, 04058100
 * Muskegon River => 04121500, 04121500, 04121970, 04121970
 * Pigeon River => 04128990, 04128990
 * Thread Creek => 04148440
 * Shiawassee River => 04144500, 04144500, 04145000, 04145000
 * Thunder Bay River => 04133501, 04133501
 * Lower River Rouge => 04168000, 04168000, 04168400
 * Saginaw River => 04157000, 04157000, 04157065
 * South Branch Flint River => 04146063, 04146063
 * Iron River => 04060500, 04060500
 * Kalamazoo River => 04103010, 04103010, 04103500, 04103500, 04105500, 04105500, 04106000, 04106000, 04108670, 04108670
 * Pine River => 04125460, 04125460, 04127918, 04127918, 04155000, 04155000, 04155500, 04155500
 * Lake Gogebic => 04035995
 * Dowagiac River => 04101800, 04101800
 * St Joseph River => 04101000, 04101000, 04096405, 04096405, 04097500, 04097500, 04099000, 04099000, 04101500, 04101500
 * Boardman River => 04126970, 04126970
 * West Fork Portage Creek => 04106400, 04106400
 * Kearsley Creek => 04148140, 04148140
 * Rifle River => 04142000, 04142000
 * Red Cedar River => 04111379, 04111379, 04112500, 04112500
 * Upper River Rouge => 04166470
 * Houghton Lake => 442400084472801
 * East Branch Coon Creek => 04164300
 * Stony Creek => 04161580, 04161580, 04161800, 04161800
 * Tittabawassee River => 04156000, 04156000
 * Flint River => 04147500, 04147500, 04148500, 04148500, 04149000, 04149000
 * Ford River => 04059500, 04059500
 * Paw Paw River => 04102500, 04102500
 * Wanadoga Creek => 04104945, 04104945
fl
------------------------------------------------------------
 * South Canal => 02253500, 02253500
 * ApopkaBeauclair Canal => 02237701, 02237700, 02237700
 * Crystal Springs => 02302000
 * Card Sound Canal => 251816080232200, 251816080232200
 * Outlet River => 02312700, 02312700
 * Turkey Creek => 02250030, 02250030
 * Henry Street Canal => 02306654, 02306654
 * Levee  Canal => 02289031, 02289031, 02289032, 02289032
 * WithlacoocheeHillsborough Ovflo => 02311000, 02311000
 * St Lucie River => 271929080195900, 272229080203400
 * Pellicer Creek => 02247222, 02247222
 * Mckay Creek => 02309110
 * Site  In Cons Area No  => 263180080205001
 * Palm City Bridge Salinity Site => 271027080153900
 * Jewfish Creek => 251105080231800, 251105080231800
 * St Lucie Canal => 02276877, 02276877
 * Troy Spring => 02320250, 02320250
 * Horse Creek => 02297155, 02297155, 02297310, 02297310
 * Popash Slough => 02273630, 02273630
 * Wekiva River => 02235000, 02235000
 * Wolf Creek => 02231458, 02231458, 02232200, 02232200
 * Wakulla River => 02327022, 02327022
 * Tenmile Canal => 02291673, 02291673
 * Howard Creek => 02298760, 02298760
 * Joe Bay e => 251355080312800, 251355080312800
 * Joshua Creek => 02297100, 02297100
 * Little Manatee River => 02300500, 02300500
 * Ichetucknee Head Spring => 02322685, 02322685
 * South Prong St Sebastian River => 02251000, 02251000
 * Walker Creek => 02299861, 02299861
 * Upstream North River => 252019080544800, 252019080544800
 * Hancock Creek => 264006081534400
 * G => 251457080395801, 251457080395802
 * Upstream Broad River => 253047080555600, 253047080555600
 * Ti In Water Conservation Area B => 254957080322801, 255014080355801
 * Shark River Slough No In Consb => 254754080344300
 * Loxahatchee River => 265906080093500
 * Cedar River => 02246459, 02246459
 * Lt Econlockhatchee River => 02233473, 02233473, 02233475, 02233475
 * Maple Creek => 02298495, 02298495
 * Ca Canal => 02273198, 02273198
 * Sulphur Springs => 02306000, 02306000
 * Caloosahatchee Canal Dws Of S => 02292010, 02292010
 * Fish Slough => 02272650, 02272650
 * Little Creek => 02236605, 02236605
 * Se Fork Homosassa Spring => 02310688, 02310688
 * Blackwater River => 255654081350200, 02370000, 02370000
 * Sopchoppy River => 02327100, 02327100
 * Williamson Ditch => 02274490, 02274490
 * Little Econlockhatchee River => 02233200, 02233200
 * Elevenmile Creek => 02376115, 02376115
 * Hillsborough River => 02301990, 02301990, 02302010, 02302010, 02303000, 02303000, 02303330, 02303330, 02304000, 02304500, 02304500, 02304510
 * Wolf Branch => 02237734, 02237734
 * Harney River => 252551081050900
 * Bayou Marcus Creek => 02376100, 02376100
 * Chipola River => 02358789, 02358789, 02359000, 02359000
 * Blue Cypress Creek => 02231396, 02231396
 * Lake Tarpon Canal => 02307498, 02307498
 * Henry Creek => 02275705
 * Yellow River => 02367900, 02367900, 02368000, 02368000, 02369600, 02369600
 * Blackwater Creek => 02302500, 02302500, 02235200, 02235200
 * Eden  In Big Cypress National Preserve => 255138080534201, 260355080541401
 * Gore Slough => 02272630, 02272630
 * Little Econ Riv Tributary => 02233460, 02233460
 * Pithlachascotee River => 02310300, 02310300, 02310308
 * Saddle Creek => 02294217, 02294217, 02294491, 02294491
 * Silver River => 02239501, 02239501, 02239510, 02239510
 * Econfina Creek => 02359500, 02359500
 * Spring Creek Headwater => 02291524
 * Cocoplum Waterway => 02299482
 * Hidden River => 02310675
 * Suwannee River => 02315500, 02315500, 02319500, 02319500, 02319800, 02319800, 02320000, 02320000, 02320500, 02320500, 02323000, 02323000, 02323500, 02323500, 02323592, 02323592
 * Whittenhorse Creek => 02266200, 02266200, 02266205, 02266205
 * St Marys River => 02231000, 02231000
 * Turner River => 02290930
 * Shell Creek => 02298202, 02298202
 * Big Slough => 02299450, 02299450, 02299484, 02299472
 * W In Water Conservation Area A => 254721080414301, 254759080483201, 255614080400601, 255634080450001, 260007080464401, 260051080404001
 * West Palm Beach Canal => 02278000, 02278000
 * Peace River => 02294650, 02294650, 02294898, 02294898, 02295637, 02295637, 02296750, 02296750, 02297105, 02297105
 * Prairie Creek Upstream Of Sr  => 02298110
 * Catfish Creek => 02267000, 02267000
 * Wrights Creek => 02365470, 02365470
 * Harney Pond Canal => 02258000, 02258000
 * NE Shark River Slough No  North Of Grossman => 253828080391100
 * Bottle Creek => 022908295, 022908295
 * Silver Glen Springs => 02236160, 02236160
 * Howell Creek => 02234308, 02234308, 02234324, 02234324, 02234344, 02234344
 * Alligator Creek => 02307668, 02307668, 02307671, 02307671
 * NE Shark River Slough No  South Of Grossman => 253753080393600
 * Creek Wetland East Of Fiu Lter Tsph => 251740080311200
 * North Prong Alafia River => 02300882, 02301000, 02301000
 * Taylor Creek => 02275503, 02275503, 02274010, 02274010, 02274325, 02274325
 * Little River => 02329600, 02329600
 * Ruth Springs Run => 02310660, 02310660
 * Imperial River => 02291500, 02291500
 * L Canal => 261543080495000, 261543080495000, 265501080364900
 * Josephine Creek => 02271500, 02271500
 * Buckhead Lock => 02259627
 * Spruce Creek => 02248000, 02248000
 * Tomoka River => 02247510, 02247510, 02247598, 02247598
 * Site  In Conservation Area No a => 261117080315201
 * Cypress Creek Canal => 265818080111900, 265818080111900, 02264003, 02264003
 * Carter Creek => 02270000, 02270000
 * Martin Bayou => 02359315, 02359315
 * Fellsmere Canal => 02251767, 02251767
 * Archie Creek => 02301738, 02301738
 * Econfina River => 02326000, 02326000
 * Jane Green Creek => 02231600, 02231600
 * Long Creek => 02298492, 02298492
 * Snover Waterway Canal => 02299360
 * Palatlakaha River => 02236901, 02236900, 02237051, 02237050, 02237206, 02237207, 02237011, 02237010, 02237001, 02237000, 02237293
 * Site c => 263000080120001
 * Haulover Canal => 02248380, 02248380
 * Reed Canal => 02248025, 02248025
 * Halls River => 02310690
 * Weeki Wachee River => 02310525, 02310545, 02310545
 * Anclote River => 02310000, 02310000
 * Manatee Bay Creek => 251549080251200, 251549080251200
 * Caloosahatchee River => 02292900, 02292900, 02293205, 02293205, 02293210, 263144082010400
 * Blue Hole Spring => 02322688, 02322688
 * Telogia Creek => 02330100, 02330100
 * Eden  In Water Conservation Area A => 255200080405001, 260042080351701, 260536080302501, 260725080451001, 261319080353201, 262258080273501
 * St Marks River => 02326900, 02326900
 * Chatham River => 02290888, 02290888
 * North Prong Saint Sebastian River => 02251500, 02251500
 * Deep Creek => 02245260, 02245260
 * Curlew Creek => 02309415, 02309415, 02309421, 02309421, 02309425, 02309425
 * Taylor Slough Wetland => 251457080395800
 * Crystal Rv => 285531082412600
 * Eden  In Water Conservation Area B => 254707080370201, 255708080295501, 261035080221701
 * Ochlockonee River => 02328522, 02328522, 02329000, 02329000, 02330000, 02330000, 02330150, 02330150
 * Lehigh Canal => 02247258, 02247258
 * Lake Parker Outlet => 02294260, 02294260
 * Boggy Creek => 02262900, 02262900
 * Site  In Conservation Area a => 254848080432001, 255828080401301, 261023080443001, 261710080190001
 * Miami Ca => 02286700, 02286700
 * Canal  => 02290769, 02290769
 * Pumpkin River => 255534081324000
 * Site  In Conservation Area b => 255250080335001, 260037080303401
 * Big Coldwater Creek => 02370500, 02370500
 * Black Creek => 02246025, 02246025
 * Sweetwater Creek => 02306647, 02306647
 * North Branch Estero River => 02291580, 02291580
 * Mud Creek => 251209080350100, 251209080350100
 * Gator Slough => 02293261, 02293261
 * Prairie Creek => 02298123, 02298123
 * Sixmile Cypress Creek North Fort Myers Fl => 02291669, 02291669
 * Braden Riv => 02300033, 02300033
 * Northeast Shark River Slough No => 254130080380500, 254315080331500
 * Upper Highlands Canal => 02307834, 02307835
 * Mill Pond Spring => 02322695, 02322695
 * Hillsboro Ca => 262100080190001, 262100080190001, 262200080210001, 262200080210001
 * South Prong Saint Sebastian Creek => 02251210
 * Crane Creek => 02249500, 02249500, 02249510
 * Choctawhatchee River => 02365200, 02365200, 02365500, 02365500, 02366500, 02366500
 * Snake Creek Canal => 02286200, 02286200
 * Aucilla River => 02326550, 02326550
 * Everglades National Park Big Sable Creek Bsc => 251558081094400
 * Tick Island Creek => 02236122, 02236122
 * Stillwater Creek => 251341080291200, 251341080291200
 * NW Wellfield Canal => 02287497, 02287497
 * Shoal River => 02368500, 02368500, 02369000, 02369000
 * Cedar Head Spring => 02322687, 02322687
 * Otter Creek => 02274005, 02274005
 * Cross Bayou Cnl => 02308861
 * FakaUnion River => 255432081303900
 * Tamiami Canal => 02289019, 02289019, 02289041, 02289041, 02289500, 02289500, 254543080405401, 254543080405401, 254543080405401, 254543080491101, 254543080491101
 * Curiosity Creek => 02305851, 02305851
 * Met In Everglades National Park => 254313080351700
 * Jumper Creek Canal => 02312640, 02312640
 * Nubbin Slough => 02275625, 02275625, 02275606, 02275606
 * Dunns Creek => 02244440, 02244440
 * Rocky Creek => 02306774, 02306774
 * Whiskey Creek => 02293230, 02293230
 * Blue Springs => 02235500, 02235500
 * Peace Creek Drainage Canal => 02293987, 02293987
 * Withlacoochee River Bypass Channel => 02313250, 02313250
 * Mo => 02290829501, 02290829502
 * Coker Creek => 02298530, 02298530
 * Hillsboro Canal => 02280500, 02280500, 02281200, 02281200, 02281400, 02281400, 262300080220001, 262300080220001
 * North River Upstream Of Cutoff => 022908205
 * Shell Creek On Creek  => 02297635
 * Wolff Creek => 02274505, 02274505
 * Ortega River => 02246318, 02246318
 * N Fork St Lucie River => 02276575
 * Creek Canal => 02273230, 02273230
 * Prairie Creek On Creek  => 02298170
 * Withlacoochee River => 02313000, 02313000, 02313200, 02313230, 02313230, 02313231, 02319000, 02319000, 02319300, 02319300, 02319394, 02319394, 02310947, 02310947, 02311500, 02311500, 02312000, 02312000, 02312500, 02312500, 02312600, 02312600, 02312720, 02312720, 02312300, 02312300, 02312558, 02312558, 02313272, 02313274, 02312598, 02312598, 02312722, 02312722, 02312762, 02312762
 * Ocklawaha River => 02240000, 02240000, 02238500, 02238500, 02238499, 02240500, 02240500, 02243959, 02243960, 02243960
 * Myakka River => 02298554, 02298554, 02298608, 02298608, 02298830, 02298830, 02298880, 02298955, 02299230
 * North Loxahatchee Conservation Area No  => 263537080211400
 * Orange River => 02293055
 * Eau Gallie Riv => 02249007, 02249007
 * Salt River => 02310752
 * Double Branch => 02307032
 * Manatee River => 023000095, 02299950, 02299950, 02300009, 02300021, 02300021, 273126082384700
 * Fisheating Creek => 02256500, 02256500, 02257000, 02257000, 02255600, 02255600
 * Site  => 260810080222001, 262240080258001
 * Charlie Creek => 02296260, 02296260, 02296500, 02296500
 * Escambia River => 02375500, 02375500, 02376033, 02376033
 * Gum Springs => 02312764, 02312764
 * Whittenhorse => 02266206
 * Halifax Canal => 02248030, 02248030
 * Soldier Creek => 02234384, 02234384
 * North Prong St Marys River => 02228500, 02228500
 * Lost Creek => 02327033, 02327033
 * Gamble Creek => 02300018, 02300018, 02300017, 02300017
 * Pinebrook Cn => 02308870, 02308870
 * Ichetucknee River A Dampier's Landing => 02322698, 02322698
 * Frog Creek => 02300082, 02300082, 02300075, 02300075
 * Site  In Conservation Area No In Boynton Bch Fl => 262750080175001
 * Blackburn Canal => 02299692, 02299692
 * Holmes Creek => 02366000, 02366000
 * Peace Creek => 02294161, 02294161
 * Spring Creek => 02327031, 02327031
 * Lake Jesup Outlet => 02234435, 02234435
 * South Branch Brooker Creek => 02307445, 02307445
 * Delaney Creek => 02301750, 02301750
 * Orange Creek => 02243000, 02243000
 * Roosevelt Reservoir => 02307836
 * South Prong Alafia River => 02301300, 02301300
 * Arbuckle Creek => 02270500, 02270500
 * Steinhatchee River => 02324000, 02324000
 * Industrial Canal => 264514080550700, 264514080550700
 * South Loxahatchee Conservation Area No  => 262528080202700
 * Big Slough Canal => 02299410, 02299410
 * Fisher Creek => 02326993, 02326993
 * Bonnet Creek => 02264100
 * Fisheating Lock => 02257030
 * Eleventh Street Canal => 02247509, 02247509
 * Sixmile Creek => 02231454, 02231454
 * Rainbow Springs => 02313100, 02313100
 * Ichetucknee River  Hwy => 02322700, 02322700
 * Alapaha River => 02317620, 02317620
 * Bullfrog Creek => 02300703, 02300700, 02300700
 * Miami Canal => 02286400, 02286400, 02288600, 02288600
 * West Highway Creek => 251433080265000, 251433080265000
 * Ogleby Ck Dnstr From Boggy Ck => 02298527, 02298527
 * North Archie Creek => 02301740, 02301740
 * Payne Creek => 02295420, 02295420
 * Ft Drum Creek => 02231342, 02231342
 * New River => 02290940, 02321000, 02321000, 02330400, 02330400
 * South Fork Little Manatee River => 02300210, 02300210, 02300300, 02300300
 * Myakka River Upst From Youngs Ck => 02298488, 02298488
 * a In Water Conservation Area a => 260324080421900
 * Eden  In Water Consevation Area A => 260410080452701
 * Mosquito Creek => 02275197, 02275197
 * Ls Canal => 02275631, 02275631
 * Lateral  => 02266295, 02266295, 02264004, 02264061, 02264060, 02264060, 02266292, 02266291, 02266291
 * East Lake Outfall => 02301793, 02301793
 * Shark River => 252230081021300
 * Silver Springs => 02239500, 02239500, 02239500
 * Manatee Spring => 02323566, 02323566
 * Cow Pen Slough => 02299710
 * Jackson Blue Spring => 02358795, 02358795
 * L Interceptor Canal => 261533080571600, 261533080571600
 * Cypress Slough => 02272676, 02272676
 * Apopka FlowWay Feeder Canal => 02237698, 02237698
 * Fenholloway River => 02324400, 02324400, 02324500, 02325000, 02325000
 * Site t In Cons Area No => 263050080145001
 * Devil's Eye Spring => 02322694, 02322694
 * North Canal => 02252500, 02252500
 * Long Branch => 02307780, 02307780
 * Thirtymile Creek => 02300995
 * Upstream Taylor River => 251241080385300, 251241080385300
 * Trout Creek => 251253080320100, 251253080320100, 02303350, 02303350
 * Apalachicola River => 02357700, 02358000, 02358000, 02358000, 02358700, 02358700, 02359170, 02359170
 * North Fork Black Creek => 02246000, 02246000, 02246010
 * Saint Joe Creek => 02308935, 02308935
 * Little Withlacoochee River => 02312180, 02312180, 02312200, 02312200
 * Kissimmee River => 02269148, 02269160, 02269160
 * Eden  In Everglades National Park => 253044080555900
 * Delaney Creek Popoff Canal => 02301745, 02301745
 * N New River Canal => 02283500, 02283500, 261150080270001, 261150080270001, 261200080275001, 261200080275001, 261300080280001, 261300080280001
 * Reedy Creek => 02266025, 02266025, 02266300, 02266300, 02266500, 02266500, 02266495, 02266550, 02266496, 02266496
 * South Fork Black Creek => 02245500, 02245500
 * Crystal River => 02310742
 * Homosassa Springs => 02310678, 02310678
 * South Branch Estero River => 02291597, 02291597
 * Econlockhatchee River => 02233484, 02233484, 02233500, 02233500
 * Lostmans River => 02290918, 02290918
 * Lopez River => 02290942
 * b Reedy Creek => 02266026
 * Madison Blue Spring => 02319302, 02319302
 * Alaqua Creek => 02366996, 02366996
 * Levee  North Extension => 022907647, 022907647, 02290765, 02290765, 02290766, 02290766, 02290767, 02290767, 02290768, 02290768
 * Davenport Creek => 02266480, 02266480
 * South Lake Outlet => 02263870, 02263869, 02263869
 * Gee Creek => 02234400, 02234400
 * Baker Creek => 02303205, 02303205
 * Black Lk Outlet => 02264051, 02264051
 * Seminole Lake Outlet => 02308889
 * Brooker Creek => 02307323, 02307323, 02307359, 02307359, 02307362
 * Little Wood River => 255443081314700
 * Homosassa River => 02310700, 02310700, 02310712
 * Brushy Creek => 02376293, 02376293, 02306950, 02306950
 * Site  In Conservation Area bnr Coopertown Fl => 255300080370001, 255300080370001
 * Indian River => 02251800
 * Haynes Creek => 02238000, 02238001
 * Bruce Creek => 02365769, 02365769
 * Flatford Swamp => 02298494
 * Everglades  In Creek Basin => 252036080324300
 * Broad River => 02290878
 * G   => 251241080385301, 251241080385302
 * Miami Canal East Of Levee  => 02287395, 02287395
 * Taylor River => 251127080382100, 251127080382100
 * Withlacoochee Ri => 02312719
 * Shingle Creek => 02263692, 02263692, 02263800, 02263800, 02264495, 02264495
 * Turnbull Creek => 02248060, 02248060
 * Pennywash Creek => 02232155, 02232155
 * Shady Brook => 02312667, 02312667
 * Roosevelt Canal => 02308865, 02308865, 02308866
 * Jumper Ck Canal => 02312645, 02312645
 * Little Jones Creek => 02312675
 * Telegraph Creek => 022929176
 * Main Canal => 02253000, 02253000
 * Cypress Creek => 02303420, 02303420, 02303800, 02303800, 02264000, 02264000
 * Whidden Creek => 02295163, 02295163
 * Fox Branch => 02301900, 02301900
 * Fanning Springs => 02323502, 02323502
 * Big Creek => 02236500, 02236500
 * Green Swamp Run => 02236350, 02236350
 * Palmer Mill Branch => 02326372, 02326372
 * Upstream Lostmans River => 253357080594100, 253357080594100
 * Mccormick Creek => 251003080435500, 251003080435500
 * Mission Springs Complex => 02322691, 02322691
 * Fivemile Creek => 02310286, 02310286
 * Santa Fe River => 02321500, 02321500, 02322500, 02322500, 02322500, 02322500, 02322800, 02322800
 * Alafia River => 02301500, 02301500, 02301638, 02301718, 02301719, 02301719
 * Sulphur Springs Run => 023060003
 * St Johns River => 02236000, 02236000, 02232000, 02232000, 02232400, 02232400, 02232500, 02232500, 02234000, 02234000, 02234010, 02234010, 02234440, 02234440, 02234500, 02234500, 02236125, 02236125, 02244040, 02244040, 02246500, 02235400
 * Little Wekiva River => 02234990, 02234990
 * Chassahowitzka River => 02310650, 02310650, 02310663, 02310663, 02310673, 02310674
 * Waccasassa River => 02313700, 02313700
 * Ward Lake => 02300042, 02300042
 * East River => 255327081275900
ct
------------------------------------------------------------
 * Saugatuck River => 01208990, 01208990
 * Weekeepeemee River => 01203805, 01203805
 * Pootatuck River => 01203510, 01203510, 012035055, 012035055
 * Housatonic River => 01199000, 01199000, 01200500, 01200500, 01205500, 01205500
 * Hockanum River => 01192500, 01192500
 * West Branch Farmington River => 01186000, 01186000
 * Broad Brook => 01184490, 01184490
 * Rippowam River => 01209901, 01209901
 * Fivemile River => 01209761, 01209761
 * Sasco Brook => 01208950, 01208950
 * Tenmile River => 01200000, 01200000
 * Willimantic River => 01119384, 01119384, 01119500, 01119500
 * Stony Brook => 01184100, 01184100
 * Yantic River => 01127500, 01127500
 * Little River => 01123000, 01123000
 * Pendleton Hill Brook => 01118300, 01118300
 * Indian River => 01195100, 01195100
 * Quinebaug River => 01124000, 01124000, 01125500, 01125500, 01127000, 01127000
 * Nonewaug River => 01203600, 01203600
 * Quinnipiac River => 01195490, 01195490, 01196500, 01196500
 * Salmon River => 01193500, 01193500
 * Bunnell Burlington Branch => 01188000, 01188000
 * Connecticut River => 01184000, 01184000, 01190070, 01193000, 01194796, 01172010, 01172010
 * Fenton River => 01121330, 01121330
 * Eightmile River => 01194000, 01194000
 * Natchaug River => 01122000, 01122000, 01120790, 01120790
 * Coginchaug River => 01192883, 01192883
 * Farmington River => 01188090, 01188090, 01189995, 01189995
 * Mount Hope River => 01121000, 01121000
 * Shepaug River => 01202501
 * Pomperaug River => 01204000, 01204000
 * Still River => 01186500, 01186500, 01201487, 01201487
 * Shetucket River => 01122500, 01122500
 * Naugatuck River => 01206900, 01206900, 01208500, 01208500
 * Salmon Creek => 01199050, 01199050
 * East Branch Eightmile River => 01194500, 01194500
ar
------------------------------------------------------------
 * Hot Springs Creek => 07358284, 07358257
 * Antoine River => 07361500, 07361500
 * Kings River => 07050500, 07050500
 * South Fourche Lafave River => 07263000
 * Town Branch Tributary => 07048490, 07048490
 * Bringle Creek => 072632962, 072632962
 * Bayou Deview => 07077700, 07077700
 * St Francis River => 07040000, 07040000, 07040100, 07040100, 07040450, 07040450, 07047800, 07047800
 * Jones Creek => 07250935
 * Baron Fork => 07196900, 07196900
 * Hurricane Creek => 07363400, 07363400
 * West Fork White River East Of Fayetteville Ar => 07048550, 07048550
 * Cossatot River => 07340300, 07340300, 07340500
 * Bear Creek => 07054410, 07056515, 07056515
 * Hot Springs => 07358280, 07358280, 07358280
 * Cadron Creek => 07261000, 07261000
 * Little Piney Creek => 07257200
 * Eleven Point River => 07072000, 07072000
 * Illinois River South Of Siloam Springs Ar => 07195430, 07195430
 * Mammoth Spring => 07069190, 07069190
 * Rock Creek => 07263580
 * West Fork Point Remove Creek => 07260673
 * South Research Branch => 071948140
 * Brushy Creek => 07362656, 07362656
 * Jack Creek => 07250974
 * Fourche Lafave River => 07261500, 07261500, 07263012, 07263012
 * Middle Fork Of Little Red River => 07075000
 * Lee Creek => 07249800, 07249800, 07250085, 07250085, 07249985, 07249985
 * Little Lee Creek => 07249920, 07249920
 * St Francis Bay => 07047900, 07047900
 * Dutch Creek => 07260000, 07260000
 * Ar River => 07250550, 07250550
 * North Research Branch => 071948135
 * Red River => 07344370, 07344370, 07337000, 07337000
 * Saline River => 07341000, 07341200, 07341200, 07363000, 07363000, 07363200, 07363200, 07363500, 07363500, 07364000
 * Maumelle River => 07263295, 07263295, 07263296, 07263296, 07263300, 07263300
 * Caddo River => 07359610, 07359610
 * Brush Creek => 07048890
 * War Eagle Creek => 07049000, 07049000
 * Long Creek => 07053207
 * South Fork Of Little Red River => 07075300, 07075300
 * Little Missouri River => 07360200, 07360200
 * Yocum Creek => 07053250, 07053250
 * Spavinaw Creek => 07191160, 07191160, 07191179, 07191179
 * Bayou Macon => 07369680, 07369680
 * Smackover Creek => 07362100, 07362100
 * Little Red River => 07076634
 * White River => 07048600, 07048600, 07048700, 07057370, 07057370, 07060500, 07060500, 07060728, 07061000, 07061000, 07074500, 07074500, 07074850, 07076750, 07077000, 07077000
 * Little River => 07340000, 07340000
 * Spadra Creek => 07256500
 * Wetland Branch => 071948150
 * Middle Research Branch => 071948155, 071948155
 * Middle Fork Saline River => 07362693, 07362693, 07362641, 07362641
 * Bayou Bartholomew => 07364133, 07364133, 07364150, 07364185, 07364185
 * Big Creek => 07059450
 * Whittington Creek => 07358250, 07358253
 * Spring River => 07069500, 07069500, 07069305, 07069305
 * Black River => 07064000, 07064000, 07069000, 07069000, 07072500, 07072500, 07074420, 07074420
 * Richland Creek => 07048800, 07048800, 07055875, 07055875
 * Mulberry River => 07252000, 07252000
 * Ouachita River => 07356000, 07356000, 07359002, 07359002, 07362000
 * Languille River => 07047942, 07047950, 07047950
 * Illinois Bayou => 07257500, 07257500
 * Petit Jean River => 07258500, 07258500, 07260500, 07260640
 * Alum Fork Saline River => 07362587, 07362587, 07362591
 * North Sylamore Creek => 07060710, 07060710
 * Fourche Creek => 07263555, 07263605
 * Big Piney Creek => 07257006, 07257006
 * Reece Creek => 072632982, 072632982
 * Cache River => 07077380, 07077380, 07077500, 07077500, 07077555, 07077555
 * Research Branch Outlet => 07194816, 07194816
 * Moro Creek => 07362500, 07362500
 * Poteau River => 07247000, 07247000
 * Town Branch => 07048480, 07048480
 * Crooked Creek => 07055607, 07055607
 * Bayou Meto => 07264000, 07264000
 * Flint Creek => 07195800, 07195800, 07195855, 07195855
 * Yount Creek => 072632971, 072632971
 * Illinois River => 07194800, 07194800, 07195400, 07195400
 * Buffalo River => 07055646, 07055646, 07055660, 07055680, 07056000, 07056000, 07056700, 07056700
 * Rolling Fork => 07339500
 * Bennetts River => 07058980
 * Strawberry River => 07074000
 * James Fork => 07249400, 07249400
 * Lake Maumelle => 072632966, 072632966
 * Arkansas River => 07249455, 07249455, 07249455, 07258000, 07260800, 07263450, 07263450, 07263500, 07263650, 07265280
 * Mud Creek Tributary => 07194809, 07194809
 * Frog Bayou => 07251500, 07250965, 07250965
 * Osage Creek => 07194880, 07194880, 07195000, 07195000
wi
------------------------------------------------------------
 * Jump River => 05362000, 05362000
 * Menomonee River => 04087030, 04087030, 04087120, 04087120, 04087142, 04087142
 * Wilson Park Creek  Gmia Outfall   MilwaukeeWi => 040871475, 040871475
 * Black Earth Creek => 05406500, 05406500
 * Namekagon River => 05331833, 05331833
 * Lake Monona => 05429000
 * Stillwell Creek => 05382257, 05382257, 05382255, 05382255
 * Old Sauk Road Rain Garden => 430432089313401, 430432089313401, 430432089313401, 430432089313401
 * Brule River => 04060993, 04060993, 04062011, 04062011
 * Traverse Valley Creek S Tributary => 053793306, 053793306
 * Mercer Lake => 460930090035900
 * Charter St Power Plant Storm Sewer => 430412089241501, 430412089241501
 * Oconto River => 04071000, 04071000, 04071765, 04071765
 * Prairie River => 05394500, 05394500
 * Sugar River => 05436500, 05436500
 * Beaver Dam River => 05425912, 05425912
 * Little Menomonee River  Mequon Rd => 04087047, 04087047, 04087047, 04087047
 * Lincoln Creek  Sherman Boulevard => 040869416, 040869416
 * Traverse Valley Creek N Tributary => 053793305, 053793305
 * Peshtigo River => 04067958, 04067958, 04069416, 04069416, 04069500, 04069500
 * South Branch Rock River => 05423500, 05423500
 * Fox River => 04073500, 04073500, 04082400, 04082400, 04084445, 04084445, 040851385, 040851385, 05543830, 05543830, 05545750, 05545750
 * Waukau Creek => 04073970, 04073970
 * Lake Waubesa => 05429485
 * White Creek => 04073462, 04073462
 * Kinnickinnic River  S th Street  MilwaukeeWi => 04087159, 04087159
 * Badger Mill Creek => 05435943, 05435943
 * Red River => 04077630, 04077630
 * Galena RUW Platteville Farms => 05414850, 05414850
 * Menominee River => 04063500, 04063500, 04065106, 04065106, 04066003, 04066003, 04066030, 04066030, 04066800, 04066800, 04067500, 04067500, 04063000, 04063000
 * Discovery Farms Waterway => 431112088281100, 431112088281100
 * Owen Park Rain Garden => 430423089291401, 430423089291401
 * Wisconsin River  Rainbow Lake => 05391000, 05391000
 * Discovery Farms Tile Site No  => 431113088281000, 431113088281000, 431112088281000, 431112088281000
 * Airport Road Storm Sewer => 430640089320300, 430640089320300
 * Lake Kegonsa => 425715089164700
 * Delavan Lake => 423706088363400
 * Black River => 05381000, 05381000, 05382000, 05382000
 * Trout River => 05357245, 05357245, 05357254, 05357254
 * Bad River => 04027000, 04027000
 * Bark River => 05426067, 05426067, 05426250, 05426250
 * Little Turtle River => 0535739503, 0535739503
 * Devils Lake => 05404500
 * Milwaukee River => 04086600, 04086600, 04087000, 04087000, 04087170
 * Kinnickinnic River => 05342000, 05342000
 * Embarrass River => 04078500, 04078500
 * Green Lake => 434928088553601
 * Wilson Park Creek  St Lukes Hosptl  Milwaukee Wi => 040871488, 040871488
 * Piscasaw Creek => 05438283, 05438283
 * Bois Brule River => 04025500, 04025500
 * Root River => 04087220, 04087220, 04087240, 04087240, 04087214, 04087214
 * Burns Ditch => 04095090, 04095090
 * Bower Creek  County Trnk Highway Mm => 04085119, 04085119
 * Little Wolf River => 04080000
 * White River => 04027500, 04027500, 055451345, 055451345
 * Montello River => 04072845, 04072845
 * Honey Creek => 04087119, 04087119
 * East Washington Avenue Storm Sewer => 430748089181800, 430748089181800, 430748089181800
 * Jackson Creek Tributary => 054310157, 054310157
 * Kickapoo River => 05407470, 05407470, 05408000, 05408000, 05410490, 05410490
 * North Fish Creek => 040263491, 040263491
 * Fond Du Lac River  W Arndt St => 04083545, 04083545
 * Pheasant Branch => 05427948, 05427948
 * Stevenson Creek  Ct Hwy M => 05357225, 05357225
 * Spring Harbor Storm Sewer => 05427965, 05427965
 * Allequash Creek  Ct Hwy M => 05357215, 05357215
 * Baird Creek => 040851325, 040851325
 * Bear River => 05357335, 05357335
 * Hatchery Hill Storm Sewer => 430102089252000, 430102089252000
 * Root River Canal => 04087233, 04087233
 * La Crosse River => 05383075, 05383075
 * Rock River => 05424057, 05424057, 05425500, 05425500, 05427085, 05427085, 05427085, 05427570, 05427570, 05430500, 05430500
 * Lodi Raingarden Outlet => 431837089313402, 431837089313402, 431837089313402
 * Little Menomonee River => 04087050, 04087050, 04087070, 04087070
 * Allequash Creek Site No  => 05357206, 05357206, 05357206
 * Superior Bay Duluth Ship Canal => 464646092052900, 464646092052900
 * Grant River => 05413500, 05413500
 * Hay River => 05368000, 05368000
 * Black River Ds St Hwy  => 053813595, 053813595
 * Green Lake Inlet => 04073468, 04073468
 * Yahara River => 05427718, 05427718, 05427850, 05427850, 05428500, 05428500, 05429500, 05429500, 05430175, 05430175
 * Trempealeau River => 05379500, 05379500
 * Crawfish River => 05426000, 05426000
 * De Neveu Creek  E Merrill St => 04084038
 * South Kenosha Drive Storm Sewer => 430402089282000, 430402089282000
 * Pleasant Valley Creek  Cth H => 05432927, 05432927
 * Delavan Lake Outlet => 05431022, 05431022
 * Wisconsin River => 05395000, 05395000, 05398000, 05398000, 05404000, 05404000, 05407000, 05407000
 * Wilson Park Creek => 040871473, 040871473
 * Spirit River => 05393500, 05393500
 * Pike River => 04066500, 04066500, 04087257, 04087257
 * Flambeau River => 05360500, 05360500
 * Lake Koshkonong => 05427235
 * Puchyan River Ds N Lawson Drive => 04073473, 04073473
 * Eau Galle River => 05370000, 05370000
 * Chippewa River => 05356000, 05356000, 05356500, 05356500, 05365500, 05365500, 05369500, 05369500
 * Pine River => 04064500, 04064500
 * Turtle Creek => 05431032, 05431032, 05431486, 05431486
 * Cedar Creek => 04086500, 04086500
 * Big Eau Pleine River => 05399500, 05399500
 * Ridgeway Branch => 05432695, 05432695
 * UW Platteville Farms Site a => 424246090231700, 424246090231700
 * Discovery Farms Tile Site Number  => 442945087354100, 442945087354100, 443014087362500, 443014087362500, 435440087463800, 435440087463800
 * Rush River => 05355322, 05355322
 * UW Platteville Farms Site b => 424245090231600, 424245090231600
 * UW Platteville Farms Site  => 424242090230701, 424242090230701, 424245090231000, 424245090231000, 424247090234500, 424247090234500, 424259090231301, 424259090231301, 424302090225601, 424302090225601, 424314090240601, 424314090240601, 424302090231900, 424302090231900, 424253090232100, 424253090232100
 * Lac Vieux Desert => 05390100
 * Duck Creek => 04072150, 04072150
 * Nemadji River => 04024430, 04024430
 * Badger Mill Creek  Highways     MadisonWi => 05435935, 05435935
 * Lake Mendota => 05428000
 * Mukwonago River => 05544200, 05544200
 * Oak Creek => 04087204, 04087204
 * St Croix River => 05333500, 05333500, 05340500, 05340500, 05344490, 05344490, 05336000
 * East Branch Pecatonica River => 05433000, 05433000
 * Whittlesey Creek => 040263205, 040263205
 * Underwood Creek => 04087088, 04087088
 * Badfish Creek => 05430150, 05430150
 * Yellow River => 05402000, 05402000
 * Swamp Creek => 04074538, 04074538, 04074548, 04074548
 * Manitowoc River => 04085427, 04085427
 * Jackson Creek => 05431016, 05431016
 * Platte River => 05414000
 * Baraboo River => 05405000, 05405000
 * Waupaca River => 04081000
 * Holmes Ave Creek Trb  Gmia Outfall   MilwaukeeWi => 040871476, 040871476
 * Red Cedar River => 05369000, 05369000
 * Eau Claire River => 05397500, 05397500
 * South Branch Baraboo River => 05404116, 05404116
 * Geneva Lake => 423525088260400
 * Pecatonica River => 05432500, 05434500, 05434500
 * Lake Winnebago => 04082500, 04084255
 * Discovery Farms Waterway Site No  => 423846090171600, 423846090171600, 423909090172100, 423909090172100, 423912090170800, 423912090170800, 442944087354100, 442944087354100, 443012087362500, 443012087362500
 * Delavan Lake Inlet => 05431017, 05431017
 * Wolf River => 04074950, 04074950, 04079000, 04079000
 * Wind Lake => 424848088083100
 * Yahara River  Forton Street Bridge  StoughtonWi => 05429700, 05429700
 * Mississippi River => 05344500, 05344500, 05378500, 05378500, 05386400, 05389500, 05389500, 05389500, 05411500, 05411500
 * Popple River => 04063700, 04063700
 * La Crosse River  Cnty Trunk Highwy Bb => 05382267, 05382267
 * Little Menomonee Creek  Granville Rd => 04087048, 04087048
 * Beartrap Creek => 04026390, 04026390
 * Discovery Farms Waterway Number  => 435441087463900, 435441087463900, 435444087462300, 435444087462300, 435414087471400, 435414087471400
 * Lodi Raingarden Inlet => 431837089313401, 431837089313401, 431837089313401, 431837089313401, 431837089313401, 431837089313401, 431837089313401
 * Tank Creek => 05380509
 * Yahara River  Exchange St Bridge  Mc FarlandWi => 05429510, 05429510
 * Sheboygan River => 04086000, 04086000
 * Tenmile Creek => 05401050, 05401050
 * Kewaunee River => 04085200, 04085200
mt
------------------------------------------------------------
 * Divide Creek => 05013640, 05013650
 * Silver Bow Creek => 12323250, 12323250, 12323600, 12323600, 12323750, 12323750
 * Badger Creek => 06093200, 06093200
 * Grinnell Creek => 05013900, 05013900
 * Dearborn River => 06073500, 06073500, 06073500
 * Pryor Creek => 06216000, 06216000
 * Nevada Creek => 12335500, 12335500, 12337800, 12337800, 12337800
 * Bitterroot River => 12344000, 12344000, 12344000, 12351200, 12351200, 12352500, 12352500, 12352500, 12350250, 12350250
 * Bighorn River => 06287000, 06287000, 06294500, 06294500
 * St Regis River => 12354000, 12354000
 * Clark Fork => 12323800, 12323800, 12324200, 12324200, 12324680, 12324680, 12331800, 12331800, 12334550, 12334550, 12340500, 12340500, 12353000, 12353000, 12354500, 12354500, 12389000, 12389000, 12353650, 12354700
 * Mill Creek => 12323670, 12323670, 12323700, 12323700
 * St Mary River => 05017500, 05017500, 05020500, 05020500
 * Tenmile Creek => 06062500, 06062500
 * Ashley Creek => 12367800, 12367800
 * Fisher River => 12302055, 12302055
 * Two Medicine River => 06091700, 06091700
 * Little Peoples Creek => 06154410, 06154410
 * Boiling River => 06190540, 06190540, 06190540
 * Gardner River => 06191000, 06191000
 * Swiftcurrent Creek => 05014500, 05014500
 * Judith River => 06114700, 06114700
 * Big Hole River => 06024450, 06024450, 06024450, 06024540, 06024540, 06025500, 06025500, 06025500, 06026210, 06026210, 06025250, 06025250, 06026420, 06026420, 06026420
 * Rock Creek => 06169500, 06169500, 06209500, 06209500, 12334510, 12334510, 12334510
 * Whitefish River => 12366080, 12366080
 * Nelson Creek => 06131200, 06131200
 * South Fork Jocko River => 12381400, 12381400
 * East Gallatin River => 06048700, 06048700
 * Soda Butte Creek => 06187915, 06187915, 06187915, 06187950, 06187950, 06187950
 * South Fork Sun River => 06079000, 06079000
 * Boulder River => 06033000, 06033000, 06200000, 06200000
 * Clear Creek => 06142400, 06142400
 * Gallatin River => 06043500, 06043500, 06052500, 06052500, 06052500
 * Sand Creek => 06183850, 06183850
 * Prospect Creek => 12390700, 12390700
 * M F Flathead River => 12358500, 12358500
 * Little Bighorn River => 06289000, 06289000, 06294000, 06294000
 * Lake Creek => 06090650, 06090650, 06183750, 06183750
 * St Mary Canal => 05018000, 05018000, 05018500, 05018500
 * Big Muddy Creek => 06183450, 06183450
 * Jefferson River => 06026500, 06026500, 06036650, 06036650, 06027600, 06027600, 06027600
 * Warm Springs Creek => 12323760, 12323760, 12323770, 12323770, 12323770
 * Marias River => 06099500, 06099500, 06101500, 06101500, 06102050, 06102050
 * Clarks Fork Yellowstone River => 06207500, 06207500, 06208500, 06208500
 * Hanging Woman Creek => 06307600, 06307600
 * Muddy Creek => 06088500, 06088500
 * Big Sandy Creek => 06139500, 06139500
 * Beaver Creek => 06166000, 06166000, 06167500, 06167500
 * Red Lodge Creek => 06211000, 06211000
 * Prickly Pear Creek => 06061500, 06061500
 * Sun River => 06085800, 06085800, 06085800, 06089000, 06089000, 06089000
 * Firehole River => 06036905, 06036905, 06036905, 06036805, 06036805, 06036805
 * Rosebud Creek => 06295113, 06295113
 * Big Muddy Creek Diversion Canal => 06183700, 06183700
 * W Rosebud Creek => 06204070, 06204070
 * S F Flathead River => 12359800, 12359800, 12362500, 12362500, 12362500
 * West Fork Bitterroot River => 12342500, 12342500
 * Boulder Creek => 12330000, 12330000
 * Red Rock River => 06012500, 06012500
 * Flathead River => 12355000, 12355000, 12363000, 12363000, 12363000, 12372000, 12372000, 12388700, 12388700, 12388700, 12369000, 12369000
 * Tobacco River => 12301300, 12301300
 * Teton River => 06102500, 06102500, 06108000, 06108000, 06108800, 06108800
 * Gibbon River => 06037100, 06037100, 06037100
 * Smith River => 06076560, 06076560, 06076560, 06077200, 06077200, 06077200, 06077500, 06077500, 06077500, 06076690, 06076690, 06076690
 * Poplar River => 06178000, 06178000, 06181000, 06181000
 * Ruby River => 06019500, 06019500, 06020600, 06020600, 06023000, 06023000, 06023000
 * Tongue River => 06306300, 06306300, 06307500, 06307500, 06307616, 06307616, 06307990, 06307990, 06308500, 06308500
 * West Rosebud Creek => 06204050, 06204050
 * Otter Creek => 06307740, 06307740, 06307740
 * Pass Creek => 06290000, 06290000
 * Middle Fork Rock Creek => 12332000, 12332000
 * Little Blackfoot River => 12324590, 12324590
 * Blacktail Creek => 12323240, 12323240
 * Beaverhead River => 06016000, 06016000, 06017000, 06017000, 06018500, 06018500, 06023100, 06023100, 06023100
 * Red Rock Creek => 06006000, 06006000
 * Battle Creek => 06151500, 06151500
 * Milk River => 06135000, 06135000, 06140500, 06140500, 06154100, 06154100, 06155030, 06155030, 06155900, 06155900, 06164510, 06164510, 06172310, 06172310, 06174500, 06174500
 * Cottonwood Creek => 06183800, 06183800
 * Swan River => 12370000, 12370000
 * Powder River => 06324500, 06324500, 06326500, 06326500
 * Madison River => 06037500, 06037500, 06038500, 06038500, 06038800, 06038800, 06038800, 06040800, 06040800, 06041000, 06041000, 06041000
 * Lodge Grass Creek => 06291500, 06291500
 * Yellowstone River => 06186500, 06186500, 06191500, 06191500, 06192500, 06192500, 06192500, 06214500, 06214500, 06295000, 06295000, 06309000, 06309000, 06327500, 06327500, 06329500, 06329500, 06195750, 06195950
 * Flint Creek => 12325500, 12325500, 12329500, 12329500, 12331500, 12331500
 * Missouri River => 06054500, 06054500, 06054500, 06065500, 06065500, 06066500, 06066500, 06066500, 06078200, 06078200, 06090300, 06090300, 06090800, 06090800, 06109500, 06109500, 06115200, 06115200, 06115200, 06132000, 06177000, 06177000, 06185500, 06185500
 * East Poplar River => 06178500, 06178500
 * Stillwater River => 06205000, 06205000, 06205000, 12365700, 12365700
 * Cut Bank Creek => 06098500, 06098500
 * Lamar River => 06188000, 06188000
 * Thompson River => 12389500, 12389500
 * Lost Creek => 12323840, 12323840, 12323850, 12323850
 * Kootenai River => 12301933, 12301933
 * Little Prickly Pear Creek => 06071300, 06071300
 * Musselshell River => 06119600, 06119600, 06120500, 06120500, 06123030, 06123030, 06126050, 06126050, 06126500, 06126500, 06127500, 06127500, 06130500, 06130500
 * N F Flathead River => 12355500, 12355500, 12355500
 * North Fork Blackfoot River => 12338300, 12338300
 * Blackfoot River => 12335100, 12335100, 12340000, 12340000, 12340000
 * Yaak River => 12304500, 12304500
 * Pumpkin Creek => 06308400, 06308400
 * South Fork Milk River => 06132200, 06132200
 * Tantalus Creek => 06036940, 06036940, 06036940
 * N F Milk River => 06133500, 06133500
 * Willow Creek => 06035000, 06035000, 06035000, 06211500, 06211500, 12323710, 12323710, 12323720, 12323720
 * Peoples Creek => 06154400, 06154400, 06154550, 06154550
 * Shields River => 06195600, 06195600
vt
------------------------------------------------------------
 * Jewett Brook => 04292810
 * Walloomsac River => 01334000, 01334000
 * Ashuelot River => 01158000, 01158000, 01158110, 01160350, 01160350, 01161000, 01161000
 * East Branch Passumpsic River => 01133000, 01133000
 * Wrightsville Detention Reservoir  Wrightsville Vt => 04285000
 * East Barre Detention Reservoir => 04283500
 * Pope Brook Site W => 01135150, 01135150
 * Laplatte River => 04282795, 04282795
 * Passumpsic River => 01135500, 01135500
 * Cockermouth River => 01077400
 * Souhegan River Site Wlr => 01093852, 01093852
 * Lake Champlain => 04294500
 * Lewis Creek => 04282780, 04282780
 * Isinglass River => 01072870, 01072870
 * Warner River => 01086000, 01086000
 * Souhegan River => 01094000, 01094000
 * Potash Branch  Queen City Park Rd => 04282813, 04282813
 * Missisquoi River => 04293000, 04293000, 04293500, 04293500, 04294000, 04294000
 * South Branch Piscataquog River => 01091000, 01091000
 * Wells River => 01139000, 01139000
 * East Orange Branch => 01139800, 01139800
 * Ayers Brook => 01142500, 01142500
 * Mettawee River => 04280350, 04280350
 * Poultney River => 04280000, 04280000
 * Ompompanoosuc River => 01141500, 01141500
 * Bearcamp River => 01064801, 01064801
 * Sleepers River Site W => 01135300, 01135300
 * Androscoggin River => 01053500, 01053500, 01054000, 01054000
 * Saco River => 01064500, 01064500
 * Soucook River => 01089100, 01089100
 * Sugar River => 01152500, 01152500
 * Saxtons River => 01154000, 01154000
 * Clyde River => 04296500, 04296500
 * Lake Bomoseen => 04279490
 * North Branch Winooski River => 04285800, 04285500, 04285500
 * Ottauquechee River => 01150900, 01150900, 01151500, 01151500
 * Stevens Brook => 04292770, 04292770
 * Mad River => 04288000, 04288000
 * Allen Brook => 04290335, 04290335
 * Suncook River => 01089500, 01089500
 * Pemigewasset River => 01075000, 01075000, 01076500, 01076500
 * Lamoille River => 04292000, 04292000, 04292500, 04292500
 * Connecticut River => 01129200, 01129200, 01129500, 01129500, 01131500, 01131500, 01138500, 01138500, 01144500, 01144500, 01154500, 01154500
 * Moose River => 01134500, 01134500
 * Winooski River  Us => 04284751
 * Beaver Brook => 010965852, 010965852
 * Williams River => 01153550, 01153550
 * Oyster River => 01073000, 01073000
 * White River => 01144000, 01144000
 * Little River => 04289000, 04289000
 * Lamprey River => 01073500, 01073500, 01073319
 * Black River => 01153000, 01153000, 04296000, 04296000
 * Merrimack River => 01081500, 01081500, 01088400, 01092000, 01092000
 * Diamond River => 01052500, 01052500
 * Winnipesaukee River => 01081000, 01081000
 * East Branch Pemigewasset River => 01074520, 01074520
 * Smith River => 01078000, 01078000
 * Winnicut River => 01073785, 01073785
 * Lake Memphremagog => 04295500
 * Otter Creek => 04282000, 04282000, 04282500, 04282500
 * New Haven River  Brooksville => 04282525, 04282525
 * Nubanusit Bk => 01083000, 01083000
 * Otter Brook => 01158600, 01158600
 * Exeter River => 01073587, 01073587
 * Blackwater River => 01087000, 01087000
 * Piscataquog River => 01090800, 01090800, 01091500, 01091500
 * Pike River => 04294300, 04294300
 * West River => 01155500, 01155500, 01155910, 01155910
 * Contoocook River => 01082000, 01082000, 01085000, 01085000, 01085500, 01085500, 01087850
 * Dog River => 04287000, 04287000
 * Ranch Brook => 04288230, 04288230
 * Englesby Brook => 04282815, 04282815
 * Spicket River => 01100505, 01100505, 01100561, 01100561
 * Little Otter Creek => 04282650, 04282650
 * Ammonoosuc River => 01137500, 01137500
 * Cocheco River => 01072800, 01072800
 * Baker River => 01076000, 01076000
 * Winooski River => 04286000, 04286000, 04290500, 04290500
nv
------------------------------------------------------------
 * Big Warm Spring => 10246835, 10246835
 * Illipah Creek => 10245445, 10245445
 * N F Humboldt River => 10317500, 10317500
 * Upper Truckee River => 103366092, 103366092, 10336610, 10336610, 10336580, 10336580
 * Incline Ck => 103366993, 103366993, 10336700, 10336700
 * Edgewood Ck => 10336760, 10336760
 * N Truckee Drain => 10348245, 10348245
 * W Walker River => 10296000, 10296000, 10296500, 10296500, 10297500, 10297500, 10300000, 10300000
 * Truckee River A Tahoe City Ca => 10337500, 10337500
 * Mahogany Creek => 10353750, 10353750
 * Martis Creek => 10339400, 10339400
 * Blackwood Creek => 10336660, 10336660
 * Hunter Creek => 10347600, 10347600
 * Steptoe Creek => 10244950, 10244950
 * Beaver Dam Wash => 09414900, 09414900, 09413900, 09413900
 * E F Carson River => 10308200, 10308200
 * West Fork Carson River => 10310000, 10310000
 * Trout Creek => 10336780, 10336780
 * Sloan Channel => 09419665, 09419665
 * Lv Wash => 094196783, 094196783, 09419753, 09419753, 09419800, 09419800
 * Virgin River => 09413700, 09413700, 09415000, 09415000, 09415250, 09415250, 09413500, 09413500
 * Water Canyon Creek => 09415515, 09415515
 * Amargosa River => 10251300, 10251300, 10251330
 * Eagle Rock Ck => 103367592, 103367592
 * Pederson East Spring => 09415908, 09415908
 * Donner Creek A Donner Lk => 10338500, 10338500
 * Creek Channel => 09419740, 09419740
 * S Fk Humboldt River => 10319900, 10319900
 * Glenbrook Ck => 10336730, 10336730
 * Muddy River => 09416000, 09416000, 09419000, 09419000, 09419507, 09419507
 * Mcdermitt Creek => 10352500, 10352500
 * L Humboldt River => 10329000, 10329000
 * Corn Creek Spring => 09419625, 09419625
 * Muddy Spring => 09415900, 09415900
 * Big Springs Ck South Channel => 10243224, 10243224
 * Donner Creek => 10338700, 10338700
 * Preston Big Spring => 09415510, 09415510
 * Cleve Creek => 10243700, 10243700
 * Ash Canyon Ck => 10311200, 10311200
 * Marys River => 10313400, 10313400, 10315600, 10315600, 10315500, 10315500
 * Lamoille Creek => 10316500, 10316500
 * Desert Creek => 10299100, 10299100
 * Truckee River A Boca Bridge => 10344505, 10344505
 * Sagehen Creek => 10343500, 10343500
 * Independence Creek => 10343000, 10343000
 * Owyhee River => 13174500, 13174500, 13175100, 13175100
 * Las Vegas Wash Overflow => 09419756, 09419756
 * Clear Creek => 10310500, 10310500
 * Logan House Ck => 10336740, 10336740
 * Sweetwater Ck => 10293048, 10293048
 * Prosser Creek => 10340500, 10340500
 * Carson Rv => 10312000, 10312000
 * Stillwater Point Reservoir Diversion Canal => 10312210, 10312210
 * Crystal Springs Diversion => 09415589, 09415589
 * Warm Springs West => 09415920, 09415920
 * Truckee River A Farad Ca => 10346000, 10346000
 * Lake Tahoe A Tahoe City Ca => 10337000
 * Third Ck => 10336698, 10336698
 *   S E         Crystal Spring => 09415590, 09415590
 * Sloan Channel Tr => 09419659, 09419659
 * Angora Creek => 103366097, 103366097
 * Hot Ck => 09415558, 09415558
 * Lake Mohave => 09422500
 * White River => 09415460, 09415460
 * Salmon Falls Creek => 13105000, 13105000
 * Geyser Ck => 10245100, 10245100
 * Virginia Ck => 10289000, 10289000
 * Steamboat Ck => 10349495, 10349495, 10349849, 10349849
 * Martin Creek => 10329500, 10329500
 * Canal No  => 10301742, 10301742, 10301755, 10301755
 * Las Vegas Wasteway => 09419679, 09419679
 * Boulder Creek => 10324700, 10324700
 * Las Vegas Wash => 09419658, 09419658, 094196784, 09419700, 09419700
 * Lehman Creek => 10243260, 10243260
 * E Walker River => 10293000, 10293000, 10293500, 10293500
 * Humboldt River => 10318500, 10318500, 10321000, 10321000, 10322500, 10322500, 10325000, 10325000, 10327500, 10327500, 10333000, 10333000, 10335000, 10335000
 * S F Humboldt River => 10320000, 10320000
 * Dog Creek => 10347310, 10347310
 * Truckee River => 10347460, 10347460, 10348000, 10348000, 10348200, 10348200, 10350000, 10350000, 10350340, 10350340, 10351600, 10351600, 10351650, 10351650, 10351700, 10351700, 10338000, 10338000
 * Truckee Ca => 10351300, 10351300, 10351400, 10351400
 * Meadow Vly Wash => 09417500, 09417500
 * Rock Ck => 10324500, 10324500
 * Big Springs Ck North Channel => 102432241, 102432241
 * Kingston Creek => 10249280, 10249280
 * Pederson Spring => 09415910, 09415910
 * Galena Creek => 10348850, 10348850
 * Warm Springs Confl => 09415927, 09415927
 * Rogers Spring => 09419550, 09419550
 * Walker River => 10301500, 10301500, 10301600, 10301600, 10301745, 10301745, 10302002, 10302002
 * Bruneau River => 13161500, 13161500
 * Ward Creek => 10336674, 10336674, 10336676, 10336676
 * Duck Ck => 09419696, 09419696
 * Flamingo Wash => 094196781, 094196781
 * Carson River => 10311000, 10311000, 10311700, 10311700, 10312150, 10312150, 10312275, 10312275, 10311400, 10311400
 * Colorado River => 09402500, 09402500, 09404200, 09404200, 09423000, 09423000
 * Little Truckee River => 10344400, 10344400, 10344500, 10344500
 * East Fork Carson River => 10309000, 10309000
 * General Creek => 10336645, 10336645
 * Maggie Ck => 10322000, 10322000
 * Trout Ck => 10336775, 10336775, 10336770, 10336770
 * Green Ck => 10289500, 10289500
 * Meadow Valley Wash => 09418500, 09418500
ks
------------------------------------------------------------
 * Lightning Creek => 07184000, 07184000
 * Cottonwood River => 07180200, 07180400, 07180400, 07182250, 07182250
 * Prairie Dog Creek => 06847900, 06847900, 06848500, 06848500
 * South Fork Sappa Creek => 06844900, 06844900
 * Salt Creek => 06876700, 06876700, 06911490, 06911490
 * Fall River => 07169500, 07169500
 * Cedar Creek => 06892495, 06892495, 07180500, 07180500
 * Floodway => 07144201, 07144201, 07144301, 07144301
 * North Fork Solomon River => 06871000, 06871000, 06872500, 06872500
 * L Osage River => 06917000, 06917000
 * Kings Creek => 06879650, 06879650
 * Mill Creek => 06884200, 06884200, 06888500, 06888500, 06892513, 06892513
 * Marais Des Cygnes River => 06910800, 06910800, 06913000, 06913000, 06913500, 06913500, 06915800, 06915800, 06916600, 06916600, 06911000
 * North Fork Ninnescah River => 07144780, 07144780, 07144795, 07144795
 * Chapman Creek => 06878000, 06878000
 * Delaware River => 06890100, 06890100, 06890900, 06890900
 * Pawnee River => 07140850, 07140850, 07141200, 07141200
 * Buckner Creek => 07141175, 07141175
 * Ninnescah River => 07145500, 07145500
 * Dragoon Creek => 06911900, 06911900
 * Cimarron River => 07156900, 07156900, 07155590, 07155590
 * South Fork Solomon River => 06873000, 06873000, 06873460, 06873460, 06874000, 06874000
 * Walnut River => 07147800, 07147800, 07147900
 * Bow Creek => 06871500, 06871500
 * Frontier Ditch => 07137000, 07137000, 07137000
 * Wb Walnut River => 07146800
 * Wakarusa River => 06891260, 06891260, 06891500, 06891500
 * L Blue River => 06884400, 06884400
 * Pottawatomie Creek => 06914100, 06914100
 * Cheyenne Bottoms Dv => 07142019
 * Blue River => 06893150, 06893150, 06893080, 06893080, 06893100, 06893100
 * Vermillion Creek => 06888000, 06888000
 * Saline River => 06866900, 06866900, 06867000, 06867000, 06868200, 06868200, 06869500, 06869500
 * Neosho River => 07179500, 07179500, 07179710, 07179730, 07179730, 07182510, 07182510, 07183000, 07183000, 07183500, 07183500
 * Republican River => 06853500, 06853500, 06856000, 06856000, 06856600, 06856600, 06857100, 06857100
 * Sappa Creek => 06845110, 06845110
 * L Bull Creek => 06914990, 06914990
 * Beaver Creek => 06846000, 06846000, 06846500, 06846500
 * Black Vermillion River => 06885500, 06885500
 * Walnut Creek => 07141770, 07141770, 07141780, 07141780, 07141900, 07141900, 07142020, 07142020
 * Hundred And Ten Mile Creek => 06912500, 06912500
 * Mulberry Creek => 06869950, 06869950
 * Indian Creek => 06893300, 06893300, 06893390, 06893390
 * South Fork Republican River => 06827000, 06827000
 * Spring River => 07187600
 * Big Creek => 06863475, 06863500, 06863500
 * Soldier Creek => 06889200, 06889200, 06889500, 06889500
 * Seven Mile Creek => 390857096430600
 * Verdigris River => 07166500, 07166500, 07170500, 07170500, 07170990, 07170990
 * Amazon Great Eastern Ditch => 07138050, 07138050, 07138050
 * Rattlesnake Creek => 07142300, 07142300, 07142575, 07142575
 * Marmaton River => 06917240, 06917240, 06917380, 06917380
 * Little Blue River => 06884025, 06884025
 * Kill Creek => 06892360, 06892360
 * Southside Ditch => 07138063, 07138063, 07138063
 * L Arkansas River => 07143665, 07143665, 07143672, 07143672, 07144100, 07144100, 07144200, 07144200
 * Otter Creek => 07167500, 07167500
 * Whitewater River => 07147070, 07147070, 07147190
 * Solomon River => 06875900, 06875900, 06876070, 06876900, 06876900
 * Cowskin Creek => 07144470, 07144480, 07144480, 07144485, 07144485
 * Gypsum Creek => 06870300
 * Cow Creek => 07143300, 07143300, 07143310
 * Cross Creek => 06888700
 * Kansas River => 06879100, 06879100, 06887500, 06887500, 06888350, 06888350, 06889000, 06889000, 06891000, 06891000, 06892350, 06892350, 06892950, 06879820
 * Farmers Ditch => 07138075, 07138075, 07138075
 * Smoky Hill River => 06860000, 06860000, 06861000, 06861000, 06862700, 06862700, 06862850, 06862850, 06864050, 06864050, 06864050, 06864500, 06864500, 06865500, 06865500, 06866500, 06866500, 06870200, 06877600, 06877600, 06863000, 06863000
 * Stranger Creek => 06891810, 06891810, 06892000, 06892000
 * Medicine Lodge River => 07149000, 07149000
 * Chikaskia River => 07151500, 07151500
 * South Fork Ninnescah River => 07144910, 07144910, 07145200, 07145200
 * Turkey Creek => 06814000, 06814000
 * White Rock Creek => 06853800, 06853800, 06854000
 * Crooked Creek => 07157500, 07157500
 * Elk River => 07169800, 07169800
 * N Cottonwood River => 07179795, 07179795
 * Caney River => 07172000, 07172000
 * Big Hill Creek => 07170700, 07170700
 * Arkansas River => 07137500, 07137500, 07138000, 07138000, 07138020, 07138020, 07138070, 07138070, 07139000, 07139000, 07139500, 07140000, 07140000, 07141220, 07141220, 07141300, 07141300, 07142680, 07142680, 07143330, 07143330, 07143375, 07143375, 07144300, 07144300, 07144550, 07144550, 07146500, 07146500, 07143350
 * Big Blue River => 06882510, 06882510, 06884700, 06887000, 06887000
 * Big Bull Creek => 06914950, 06914950, 06915000, 06915000
 * Slate Creek => 07145700, 07145700
ca
------------------------------------------------------------
 * Cache Creek => 11451000, 11451000
 * AndersonCottonwood Id Cn => 11370700, 11370700
 * Lk Eleanor Diversion To Cherry Lake => 11277100
 * Pvid Creek Canal Spill => 09429200, 09429200
 * Llagas Creek => 11153650, 11153650
 * Crow Creek => 11180900, 11180900
 * General Creek => 10336645, 10336645
 * San Lorenzo Creek => 11151300, 11151300, 11180825, 11180825
 * Bautista Creek A Mouth => 11070070, 11070070
 * Dutch Slough => 11313433, 11313433
 * Marshburn Channel => 11048400, 11048400
 * Tahquitz Creek => 10258000, 10258000
 * Clear Lk A Lakeport Ca => 11450000
 * Tuolumne River => 11276500, 11276500, 11276600, 11276600, 11276900, 11276900, 11289650, 11289650
 * Chino Cyn Creek => 10257720, 10257720
 * Sespe Creek => 11111500, 11111500, 11113000, 11113000
 * Santa Ysabel Creek => 11025500, 11025500
 * Turner Cut => 11311300, 11311300
 * San Joaquin River A Fremont Ford Bridge Ca => 11261500, 11261500
 * Plunge Creek => 11055500, 11055500
 * Drain B => 09530500, 09530500
 * Palm Cyn Creek => 10258500, 10258500
 * Sand Canyon Creek => 11058000, 11058000
 * Brush Creek A Santa Rosa Ca => 11466065, 11466065
 * Walker Creek => 11460750, 11460750
 * Georgiana Slough => 11447903, 11447903
 * Saratoga Creek A Saratoga Ca => 11169500, 11169500
 * Pechanga Creek => 11042631
 * Hot Creek A Flume => 10265150, 10265150
 * Prosser Creek => 10340500, 10340500
 * Copeland Creek A Rohnert Park Ca => 11465660, 11465660
 * Lagunitas Creek => 11460600, 11460600
 * Yuba River => 11421000, 11421000
 * Santa Cruz Creek => 11124500, 11124500, 11124500
 * Dry Creek => 11424500, 11465350, 11465350
 * Cottonwood Creek => 11376000, 11376000
 * Sacramento River A Keswick Ca => 11370500, 11370500
 * Salt Creek A Murrieta Rd => 11070465, 11070465
 * San Luis Rey River A Cole Grade Rd => 11036700
 * North Fork Cache Creek A Hough Spring => 11451100, 11451100
 * West Fork Carson River => 10310000, 10310000
 * Carpinteria Creek => 11119500, 11119500
 * Pajaro River A Chittenden Ca => 11159000, 11159000
 * Grass Valley Creek => 11525630, 11525630
 * Noyo River => 11468500, 11468500
 * Big Sulphur Creek A G Resort => 11463170, 11463170
 * San Juan Creek => 11046530
 * San Diego River A Mast Rd => 11022480, 11022480
 * Redwood Creek A Orick Ca => 11482500, 11482500
 * Cache Creek A Yolo Ca => 11452500, 11452500
 * Carmel River => 11143250, 11143250
 * Soquel Creek A Soquel Ca => 11160000, 11160000
 * Palm Cyn Wash => 10259050
 * Cristianitos Creek => 11046360, 11046360
 * Sacramento River => 11377100, 11377100, 11390500, 11390500, 11447890, 11447890, 11447905, 11447905
 * Calleguas Creek => 11106550, 11106550
 * Gabilan Creek => 11152600, 11152600
 * San Diego River A Fashion Valley => 11023000, 11023000
 * Fontana Water Co Surface Diversion => 11062400, 11062400
 * Cantua Creek => 11253310, 11253310
 * Carmel River A Robles Del Rio Ca => 11143200, 11143200
 * San Lorenzo Creek A San Lorenzo Ca => 11181040, 11181040
 * Cosumnes River A Michigan Bar Ca => 11335000, 11335000
 * San Luis Rey River A Oceanside Ca => 11042000, 11042000
 * Incline Ck => 103366993, 103366993, 10336700, 10336700
 * Lopez Creek => 11141280
 * Cahto Creek => 11475610, 11475610
 * Mill Creek => 11381500, 11381500
 * Morrison Creek => 11336580, 11336580
 * Santa Margarita River A Ysidora Ca => 11046000, 11046000
 * Lytle Creek A Colton Ca => 11065000, 11065000
 * Carbon Creek => 11075720, 11075720
 * Chino Creek A Schaefer Avenue => 11073360, 11073360
 * San Pedro Creek A Goleta Ca => 11120520, 11120520
 * Colorado River => 09427520, 09427520, 09429100, 09429100, 09429500, 09429500, 09429600, 09429600, 09521100, 09521100
 * Maria Ygnacio Creek A University Drive => 11119940, 11119940
 * South Fork Trinity River => 11528700, 11528700
 * Sacramento River A Verona Ca => 11425500, 11425500
 * Warm Springs Creek => 11042800, 11042800
 * Temescal Creek => 11072100, 11072100
 * North Fork Trinity River A Helena Ca => 11526500, 11526500
 * Deer Creek => 11200800, 11200800, 11335655, 11335655, 11383500, 11383500, 11418500, 11418500
 * Truckee River A Farad Ca => 10346000, 10346000
 * Martis Creek => 10339400, 10339400
 * Yaqui Canal => 09523600, 09523600
 * Victoria Canal => 11312672, 11312672
 * Nelson Creek Overflow Weir => 11362880, 11362880
 * Amargosa River => 10251300, 10251300, 10251330
 * Guadalupe River => 11169025, 11169025, 11167800, 11167800
 * San Gabriel River => 11085000, 11085000, 11087020, 11087020
 * Hot Bubbling Pool => 373850118513501
 * Scott River => 11519500, 11519500
 * Shasta River => 11517000, 11517000, 11517500, 11517500
 * Little River => 11481200, 11481200
 * South Fork Eel River A Leggett Ca => 11475800, 11475800
 * Sonoma Creek A Agua Caliente Ca => 11458500, 11458500
 * Spanish Creek => 11402000, 11402000
 * Battle Creek => 11376550, 11376550
 * Gibraltar Dam Release Weir A Gibraltar Dam Ca => 11122010, 11122010
 * Santa Ynez River A Solvang Ca => 11128500, 11128500
 * Las Flores Creek A Las Pulgas Cyn => 11046090
 * Santiago Creek A Santa Ana Ca => 11077500
 * San Benito River => 11156500, 11156500
 * Sacramento River Deep Water Ship Channel => 11455335, 11455335, 11455335
 * Van Duzen River => 11478500, 11478500
 * Navarro River => 11468000, 11468000
 * Bear Creek => 11451715, 11451715
 * E Twin Creek => 11058500, 11058500
 * Fontana Water Co Surface Diversion Weir  => 11062399, 11062399
 * Pilarcitos Creek => 11162620, 11162620
 * Pescadero Creek => 11162500, 11162500
 * Yolo Bypass => 11453000, 11453000
 * Virginia Ck => 10289000, 10289000
 * Sar Supp Gage => 11051502, 11051502
 * Donner Creek A Donner Lk => 10338500, 10338500
 * Salinas River A Paso Robles Ca => 11147500, 11147500
 * Warm Creek => 11060400, 11060400
 * Holland Cut => 11313431, 11313431
 * Arcade Creek => 11447360, 11447360
 * Santa Margarita River => 11044000, 11044000
 * Salinas River => 11150500, 11150500, 11152300, 11152300, 11152300, 11152300, 11152500, 11152500
 * W Branch Cucamonga Channel => 11073493, 11073493
 * Mojave River A Afton Ca => 10263000
 * Santa Paula Creek => 11113500, 11113500
 * Whitewater River A Windy Point Overflow Channel Ca => 10257549, 10257549
 * San Mateo Creek => 11046300, 11046300, 11162753
 * Santa Ynez River => 11123000, 11123000, 11123500, 11123500, 11126000, 11126000
 * Miner Slough A Hwy  Bridge => 11455165, 11455165
 * San Jacinto River A Ramona Expressway => 11070210
 * Atascadero Creek => 11120000, 11120000
 * Leviathan Mine Pit Flow => 10308785
 * Whitewater River A Rancho Mirage Ca => 10259100, 10259100
 * Grass Valley Lk => 10260860
 * San Luis Rey River A Valley Center Rd => 11035700
 * Old River A Franks Tract => 11313452, 11313452
 * Salmon River A Somes Bar Ca => 11522500, 11522500
 * San Lorenzo River A Santa Cruz Ca => 11161000, 11161000
 * Oneill Lk Spill Ch => 11045700, 11045700
 * Salinas River A Soledad Ca => 11151700, 11151700
 * Mojave River A Lo Narrows => 10261500, 10261500
 * Pontiac Canal => 09523800, 09523800
 * Mission Creek A Rocky Nook Park A Santa Barbara Ca => 11119745, 11119745
 * Truckee River A Boca Bridge => 10344505, 10344505
 * False River => 11313440, 11313440
 * Deep Creek => 10259200, 10259200, 10260500, 10260500
 * Laguna Creek => 11336585, 11336585
 * Nacimiento River => 11148900, 11148900, 11149400, 11149400
 * Coyote Creek => 11169800, 11169800, 11172175, 11172175
 * San Luis Rey River A Oasis Crossing => 11035550
 * Falls Creek => 10257500, 10257500
 * Cucamonga Creek => 11073495
 * Ventura River => 11118500, 11118500
 * Santa Rosa Creek A Santa Rosa Ca => 11466200, 11466200
 * Colgan Creek => 11465700, 11465700, 11465690, 11465690
 * Lagunitas Creek A Samuel P Taylor State Park Ca => 11460400, 11460400
 * Sacramento River A Delta Ca => 11342000, 11342000
 * Orestimba Creek => 11274500, 11274500, 11274538, 11274538
 * Santa Ynez River A H St => 11134000, 11134000
 * Laguna De Santa Rosa Creek => 11465750, 11465750
 * Bear River => 11424000, 11424000
 * Black Creek => 11299600, 11299600
 * San Antonio Creek A Riverside Dr => 11073300, 11073300
 * Bonita Creek A Irvine Ca => 11048600
 * Piru Creek => 11109550, 11109550, 11109600, 11109600, 11109600, 11109800, 11109800
 * Arroyo Trabuco A San Juan Capistrano Ca => 11047300, 11047300
 * Pvid FCanal Spill => 09429155, 09429155
 * Little Truckee River => 10344400, 10344400, 10344500, 10344500
 * San Joaquin River A Jersey Point Ca => 11337190, 11337190
 * San Joaquin River => 11251000, 11251000, 11254000, 11254000, 11274000, 11274000, 11274550, 11274550, 11303500, 11303500, 11304810, 11304810
 * Salt Creek => 10254050, 10254050
 * Leviathan Creek Channel Underdrain => 103087885
 * San Francisquito Creek A Stanford University Ca => 11164500, 11164500
 * Devil Cyn Creek => 11063680, 11063680
 * Trinity River A Lewiston Ca => 11525500, 11525500
 * Eel River A Fort Seward Ca => 11475000, 11475000
 * Middle River => 11312676, 11312676, 11312685, 11312685
 * Campo Creek => 11012500, 11012500
 * Redwood Creek => 11481500, 11481500
 * Sacramento River A Colusa Ca => 11389500, 11389500
 * Calaveras Creek => 11173500, 11173500
 * Arroyo Hondo => 11173200, 11173200
 * Sand Cyn Creek A Irvine Ca => 11048553
 * Dry Creek A Union City Ca => 11180500, 11180500
 * Murrieta Creek A Temecula Ca => 11043000
 * Grass Valley Lk Tunnel Outlet A Lake Arrowhead Ca => 10260855
 * North Fork American River A North Fork Dam Ca => 11427000, 11427000
 * Big Creek Diversion => 11267350, 11267350
 * Santa Margarita River A Fpud Sump => 11044300, 11044300
 * Guejito Creek => 11027000, 11027000
 * Angora Creek => 103366097, 103366097
 * AllAmerican Cn => 09527600, 09527600
 * Sacramento River A Rio Vista Ca => 11455420, 11455420
 * North Fork Cache Creek => 11451300, 11451300
 * Delta Cross Channel => 11336600, 11336600
 * North Fork Willow Creek => 11242400, 11242400
 * Huasna River => 11137900, 11137900
 * Lake Havasu => 09427500
 * Alameda Creek Flood Channel A Union City Ca => 11180700, 11180700
 * Waterman Canyon Creek => 11058600, 11058600
 * De Luz Creek => 11044800, 11044800
 * Sweetwater River A Dehesa Ca => 11016200, 11016200
 * Cache Slough A Ryer Island => 11455350, 11455350
 * South Fork Pit River => 11345500, 11345500
 * Mission Creek => 10257600, 10257600
 * Trinity River A Hoopa Ca => 11530000, 11530000
 * Sacramento River A Freeport Ca => 11447650, 11447650
 * Sweetwater River => 11015000, 11015000
 * Lake Tahoe A Tahoe City Ca => 10337000
 * San Benito River A Hwy  => 11158600, 11158600
 * Castro Valley Creek A Hayward Ca => 11181008, 11181008
 * San Onofre Creek A San Onofre Ca => 11046250
 * Tuolumne River A Grand Cyn Of Tuolumne => 11274790, 11274790
 * Fallbrook Creek => 11045300, 11045300
 * Caruthers Creek => 09423350, 09423350
 * Ef Russian River => 11461500, 11461500, 11462000, 11462000
 * Nelson Creek Release Weir => 11362890, 11362890
 * Andreas Creek => 10259000, 10259000
 * Rainbow Creek => 11044250, 11044250
 * Brea Creek => 11088500, 11088500
 * Jamul Creek => 11014000, 11014000
 * Little Potato Slough A Terminous Ca => 11336790, 11336790
 * Trinity River A Junction City Ca => 11526250, 11526250
 * Agua Chinon Wash => 11048200, 11048200
 * Arroyo Seco => 11098000, 11098000, 11151870, 11152000, 11152000, 11152050, 11152050
 * Truckee River A Tahoe City Ca => 10337500, 10337500
 * San Antonio Creek A Los Alamos Ca => 11135800, 11135800
 * Sutter Slough A Courtland Ca => 11447830, 11447830
 * Eel River A Scotia Ca => 11477000, 11477000
 * Bull Creek => 11476600, 11476600
 * Russian River A Johnsons Beach A Guerneville Ca => 11467002
 * Santa Ana River A Mwd Crossing Ca => 11066460
 * Little Bear Creek => 10260470
 * Sonoma Creek A Kenwood Ca => 11458433, 11458433
 * Trinity River => 11523200, 11523200, 11525655, 11525655, 11527000, 11527000, 11526400, 11526400
 * South Fork Eel River => 11476500, 11476500
 * Novato Creek A Novato Ca => 11459500, 11459500
 * American River A Fair Oaks Ca => 11446500, 11446500
 * E Walker River => 10293000, 10293000
 * Third Ck => 10336698, 10336698
 * Temecula Creek => 11042400, 11042400
 * Santa Ana River A E St => 11059300, 11059300
 * Trout Ck => 10336770, 10336770, 10336775, 10336775
 * Old River A Quimby Island => 11313434, 11313434
 * Rush Creek => 11525530, 11525530
 * San Jacinto River => 11069500, 11069500, 11070150, 11070365, 11070365, 11070500, 11070500
 * Truckee River => 10338000, 10338000
 * Rio Hondo => 11101250, 11101250, 11102300, 11102300
 * San Antonio River => 11149900, 11149900
 * Tres Pinos Creek => 11157500, 11157500
 * Gibraltar Dam Diversion Weir A Gibraltar Dam Ca => 11121900, 11121900
 * Whitewater River A Windy Point Main Channel Ca => 10257548, 10257548
 * Klamath River A Orleans => 11523000, 11523000
 * Willits Creek => 11472160, 11472160
 * Austin Creek => 11467200, 11467200
 * Santa Rosa Creek A Willowside Rd => 11466320, 11466320
 * Grant Line Cn A Tracy Rd Bridge Ca => 11313200, 11313200
 * Tuolumne River A Modesto Ca => 11290000, 11290000
 * Del Puerto Creek => 11274630, 11274630
 * Ward Creek => 10336674, 10336674, 10336676, 10336676
 * Orcutt Creek => 11141050, 11141050
 * San Lorenzo River A Big Trees Ca => 11160500, 11160500
 * Reservation Main Canal => 09523200, 09523200, 09523200
 * Santa Clara River => 11109000, 11109000
 * Reclamation Ditch => 11152650, 11152650
 * E F Carson River => 10308200, 10308200
 * Mokelumne River A Andrus Island => 11336930, 11336930
 * N Yuba River => 11413000, 11413000
 * Sandia Creek => 11044350, 11044350
 * Napa River => 11456000, 11456000, 11458000, 11458000
 * New River => 10254970, 10254970, 10255550, 10255550
 * Titsink Canal => 09523400, 09523400
 * Reservation Main Drain No  => 09530000, 09530000
 * Fontana Ph Tailrace Weir => 11062700, 11062700
 * Matadero Creek A Palo Alto Ca => 11166000, 11166000
 * Cow Creek => 11374000, 11374000
 * Salt Slough A Hwy  => 11261100, 11261100
 * San Lorenzo Creek A Hayward Ca => 11181000, 11181000
 * Pacheco Creek => 11153000, 11153000
 * Fontana Water Co Diversion => 11062820, 11062820
 * San Antonio Creek => 11174000, 11174000
 * Trinity River A Douglas City Ca => 11525854, 11525854
 * Pit River => 11348500, 11348500, 11355010, 11355010
 * City Creek => 11055800, 11055800
 * Estrella River => 11148500
 * W Walker River => 10296000, 10296000, 10296500, 10296500
 * Corralitos Creek A Freedom Ca => 11159200, 11159200
 * Klamath River => 11516530, 11516530, 11520500, 11520500, 11530500, 11530500
 * Mad River => 11480390, 11480390, 11481000, 11481000
 * Putah Creek => 11453500, 11453500, 11454000, 11454000
 * Alamo Pintado Creek => 11128250, 11128250
 * Indian Creek => 11525670, 11525670
 * Russian River => 11462500, 11462500, 11463000, 11463000, 11464000, 11464000, 11467000, 11467000
 * Santa Ynez River A Narrows => 11133000, 11133000
 * Pilarcitos Creek A Half Moon Bay Ca => 11162630, 11162630
 * Los Coches Creek => 11022200, 11022200
 * Blackwood Creek => 10336660, 10336660
 * Leviathan Creek => 10308789, 10308789
 * Trout Creek => 10336780, 10336780
 * Willow Creek => 10260480
 * Marsh Creek A Brentwood Ca => 11337600, 11337600
 * Independence Creek => 10343000, 10343000
 * Santa Margarita River A Mo => 11046050
 * Santa Ana River A Santa Ana Ca => 11078000, 11078000
 * Mattole River => 11468900, 11468900, 11469000, 11469000
 * Russian River A Digger Bend => 11463980, 11463980
 * Petaluma River A Copland Pumping Station A Petaluma Ca => 11459150
 * Threemile Slough => 11337080, 11337080
 * Old River => 11312968, 11312968, 11313315, 11313315
 * Eleanor Creek => 11278000, 11278000
 * Merced River A Pohono Bridge => 11266500, 11266500
 * Merced River A Happy Isles Bridge => 11264500, 11264500
 * Los Gatos Creek => 11224500, 11224500
 * Cull Creek => 11180960, 11180960
 * South Fork Kern River => 11189500, 11189500
 * Middle Fork Eel River => 11473900, 11473900
 * Old River A Bacon Island Ca => 11313405, 11313405
 * Stanislaus River A Ripon Ca => 11303000, 11303000
 * Panoche Creek A I => 11255575, 11255575
 * San Timoteo Creek => 11057500, 11057500
 * Murrieta Creek => 11042700
 * Santa Ana River => 11051499, 11051499, 11074000, 11074000
 * Green Ck => 10289500, 10289500
 * San Gregorio Creek A San Gregorio Ca => 11162570, 11162570
 * Perris Valley Storm Dr A Nuevo Rd => 11070270, 11070270
 * Fontana Water Co Spill Ch From Afterbay => 11062800, 11062800
 * San Joaquin River A Prisoners Pt => 11313460, 11313460
 * Santa Maria Creek => 11028500, 11028500
 * Upper Truckee River => 10336580, 10336580, 103366092, 103366092, 10336610, 10336610
 * Pilot Creek => 11431800, 11431800, 11433040, 11433040
 * Butte Creek => 11390000, 11390000
 * Mud Slough => 11262900, 11262900
 * South Fork Tule River => 11203580, 11203580, 11204100, 11204100
 * San Ramon Creek A San Ramon Ca => 11182500, 11182500
 * Los Angeles River A Sepulveda Dam Ca => 11092450, 11092450
 * Fullerton Creek => 11089500, 11089500
 * Ypsilanti Canal => 09526200, 09526200
 * Eel River A Fernbridge Ca => 11479560
 * Big Sulphur Creek => 11463200, 11463200
 * Fontana Ph Forebay Spillway => 11062450, 11062450
 * Las Flores Creek => 11046100, 11046100
 * South Fork Gualala River => 11467510, 11467510
 * Matanzas Creek A Santa Rosa Ca => 11466170, 11466170
 * Lytle Creek => 11062000, 11062000
 * Pvid D Spill => 09429180, 09429180
 * Santa Gertrudis Creek => 11042900, 11042900
 * Kelsey Creek => 11449500, 11449500
 * Cherry Creek => 11277300, 11277300, 11278300, 11278300, 11278400, 11278400
 * Santa Maria River A Suey Crossing => 11140585, 11140585, 11140585
 * Sagehen Creek => 10343500, 10343500
 * Alameda Creek => 11172945, 11172945, 11173510, 11173510, 11173575, 11173575, 11179000, 11179000
 * Malibu Creek A Malibu Ca => 11105510, 11105510
 * Dry Creek A Vernon St Bridge A Roseville Ca => 11447293, 11447293
 * Salsipuedes Creek => 11132500, 11132500
 * Whitewater River A Indio Ca => 10259300, 10259300
 * Clear Creek => 11154700, 11154700, 11372000, 11372000
 * Donner Creek => 10338700, 10338700
 * Elder Creek => 11379500, 11379500, 11475560, 11475560
 * Zaca Creek => 11129800, 11129800
 * seksm Hot Creek Fh Sp  => 373829118505801, 373829118505801
 * Sisquoc River => 11138500, 11138500, 11140000, 11140000
 * Coachella Canal => 09527590, 09527590
 * Smith River => 11532500, 11532500, 11532650
 * Big Creek => 11284400, 11284400
 * Cuyama River => 11136800, 11136800
 * Palo Verde Canal => 09429000, 09429000, 09429000, 09429000, 09429000
 * Leviathan Mine Adit Drain => 10308784
 * Laguna De Santa Rosa A Stony Pt Rd => 11465680, 11465680
 * Steamboat Slough Btw Sacramento River  Sutter Slough => 11447850, 11447850
 * Cajon Creek => 11063510, 11063510
 * Big Sur River => 11143000, 11143000
 * Santiago Creek A Modjeska Ca => 11075800, 11075800
 * Oneill Lake Outlet Ch => 11045600, 11045600
 * Big Tujunga Creek => 11097000, 11097000
 * Los Penasquitos Creek => 11023340, 11023340
 * San Jose Creek => 11120500, 11120500
 * Big Rock Creek => 10263500, 10263500
 * Arroyo Valle => 11176400, 11176400, 11176500, 11176500
 * Arroyo De La Laguna A Verona Ca => 11176900, 11176900
 * Alamo River => 10254730, 10254730
 * Hilton Cyn Creek => 11125600, 11125600
 * Leviathan Mine Pond  => 103087853, 103087887
 * Snow Creek => 10256500, 10256500
wv
------------------------------------------------------------
 * Rockymarsh Run => 01618100, 01618100
 * Meadow River => 03190400, 03190400
 * Bluestone River => 03179000, 03179000
 * So Branch Potomac River => 01606500, 01606500
 * Bullskin Run => 01636464, 01636464
 * Unnamed Tributary To Elk Twomile Creek => 03197910
 * Clear Fork => 03198350, 03198350, 03202750, 03202750
 * Back Creek => 01614000, 01614000
 * Panther Creek => 03213500, 03213500
 * Kanawha River => 03193000, 03193000, 03197990, 03198000, 03198000
 * West Fork River => 03057300, 03058000, 03058020, 03058975, 03061000, 03061000
 * Kings Creek => 03110830, 03110830
 * Hurricane Creek => 03201405, 03201405
 * South Branch Potomac River => 01605500, 01605500, 01608500, 01608500
 * Ohio River  Pike Island Dam => 03111515
 * Cheat River  Lake Lynn Pa => 03071600
 * Dry Creek => 03182888
 * Peters Creek => 03191500, 03191500
 * Unnamed Tributary To Warm Spr Run => 01613020
 * Big Coal River => 03198500, 03198500
 * East Fork Twelvepole Creek => 03206600, 03206600
 * Ohio River => 03112500, 03201500, 03206000, 03110690, 03111520, 03114280, 03150700
 * Tygart Lake => 03055500
 * Middle Fork River => 03052000, 03052000
 * Patterson Creek => 01604500, 01604500
 * Cheat River => 03069500, 03069500, 03069870, 03069870, 03070260
 * L Kanawha River => 03151400, 03151400
 * Cacapon River => 01611500, 01611500
 * Middle Fork Brush Creek => 03178150
 * Greenbrier River => 03180500, 03180500, 03182500, 03182500, 03183500, 03183500, 03184000, 03184000
 * N F South Branch Potomac River => 01606000, 01606000
 * Little Kanawha River => 03151600, 03152000, 03153500, 03155000, 03155000
 * Gauley River => 03187000, 03189100, 03189100, 03189600, 03192000, 03192000
 * Cranberry River => 03187500, 03187500
 * Brushy Fork => 01607300
 * Tygart Valley River => 03050000, 03050000, 03050500, 03051000, 03051000, 03054500, 03054500, 03057000, 03056000
 * Saltlick Creek => 03151550
 * Big Sandy Creek => 03070500, 03070500
 * Dry Fork => 03065000, 03065000, 03212980, 03212980
 * Buckhannon River => 03052450, 03053500, 03053500
 * Shavers Fork => 03067510, 03067510, 03068800, 03068800
 * Williams River => 03186500, 03186500
 * Three Fork Creek => 03056250, 03056250
 * Opequon Creek => 01616500, 01616500
 * North Branch Potomac River => 01595800, 01595800, 01598500, 01598500
 * Tug Fork => 03159750, 03212750, 03212750, 03213700, 03213700, 03214500, 03214500
 * Sand Run => 03052500, 03052500
 * Painter Run => 01605002
 * Guyandotte River => 03202400, 03202400, 03202915, 03203000, 03203600, 03203600, 03204000
 * Cheat Lake => 03071590
 * WF River => 03058500
 * Deckers Creek => 03062500, 03062500
 * Coal River => 03200500, 03200500
 * South Mill Creek => 01606900
 * Buffalo Creek => 03061500, 03061500
 * Whetstone Rn => 03061430
 * Parker Hollow Run => 01610195
 * Marlin Run => 03182050
 * Shenandoah River => 01636500, 01636500
 * Piney Creek => 03185000, 03185000
 * Blackwater River => 03065400, 03065400, 03066000, 03066000
 * Stony River => 01595200, 01595200
 * New River => 03184500, 03185400, 03185400, 380649081083301
 * Mud River => 03204250
 * Dunkard Fork => 03111950
 * West Fork Little Kanawha River => 03154000
 * North Fork Hughes River => 03155405
 * So Fk South Branch Potomac River => 01608000, 01608000
 * Tuscarora Creek => 01617000, 01617000
 * Wheeling Creek => 03112000, 03112000
 * Twelvepole Creek => 03207020
 * Elk River => 03194700, 03194700, 03195500, 03196600, 03196800, 03197000, 03197000
 * Waites Run => 01610400, 01610400
 * Monongahela River => 03062450
 * Stonewall Jackson Lake => 03057900
 * So Fk So Branch Potomac River => 01607500, 01607500
ut
------------------------------------------------------------
 * Daniels Creek => 10157500, 10157500
 * Weber River => 10128500, 10128500, 10129500, 10129500, 10130500, 10130500, 10132000, 10132000, 10136500, 10136500, 10141000, 10141000
 * Salt Creek => 10145400, 10145400, 10146000, 10146000
 * San Juan River => 09379500, 09379500
 * Bear River => 10011500, 10011500, 10020100, 10020100, 10020300, 10020300, 10038000, 10038000, 10039500, 10039500, 10068500, 10068500, 10092700, 10092700, 10126000, 10126000, 10016900, 10016900, 10028500, 10028500
 * Currant Creek => 10146400, 10146400, 09288000, 09288000
 * Fort Pearce Wash => 09408195, 09408195
 * Jordan River   South  Salt Lake City Ut => 10171000, 10171000
 * LoganHyd Pk And Smthfld Canal => 10108400, 10108400
 * Cub River => 10093000, 10093000
 * Trout Creek => 10172870, 10172870
 * Great Salt Lake => 10010000, 10010100
 * Snake Creek => 10156000, 10156000
 * Mill Creek => 09183500, 09183600, 09183600
 * Mcleod Creek => 10133600, 10133600
 * Beaver Dam Wash => 09413900, 09413900
 * Granite Creek => 10172875, 10172875
 * Kanab Creek => 09403600
 * North Fork Virgin River => 09405500, 09405500
 * Virgin River => 09406000, 09406000, 09406000, 09406000, 09406000, 09406000, 09408135, 09408135, 09408150, 09408150, 09413200, 09413200, 09413500, 09413500, 09406100, 09406100, 09406100, 09406100, 09406100, 09406100
 * Mammoth Creek => 10173450, 10173450
 * Price River => 09314500, 09314500, 09314500, 09314500
 * East Fork Virgin River => 09404450, 09404450, 09404900, 09404900
 * Centerville Creek => 10143500, 10143500
 * Fremont River => 09330000, 09330000, 09330230, 09330230
 * Dolores River => 09180000, 09180000, 09180000, 09180000
 * Rock Creek => 09279000, 09279000
 * Santa Clara River => 09408400, 09408400, 09413000, 09413000, 09409100, 09409100, 09409880, 09409880
 * Farmington Creek => 10142000, 10142000
 * Clear Creek => 10194200, 10194200
 * Sixth Water Creek => 10149000, 10149000
 * Diamond Fork => 10149400, 10149400
 * Smiths Fork => 10032000, 10032000
 * Ferron Creek Upper Station => 09326500, 09326500
 * Spring Creek => 09376800, 09376800
 * Duchesne Riv => 09295100, 09295100
 * Fish Creek => 09310500, 09310500
 * Big Brush Creek => 09261700, 09261700
 * Goggin Drain => 10172630, 10172630
 * Faust Creek => 10172727, 10172727
 * Yellowstone River  Bridge Cmpgrnd => 09292000, 09292000
 * Muddy Creek => 09330500, 09330500
 * Chalk Creek => 10131000, 10131000
 * Ogden River => 10140100, 10140100
 * Red Butte Creek => 10172200, 10172200
 * Birch Spring Draw => 09230300, 09230300, 09230300, 09230300
 * Coal Creek => 10242000, 10242000
 * Dunn Creek => 10172952, 10172952
 * South Willow Creek => 10172800, 10172800
 * Blacksmith Fork => 10113500, 10113500
 * East Canyon Creek => 10133800, 10133800, 10133800, 10133800, 10133800, 10134500, 10134500, 10133980, 10133980, 10133980, 10133980, 10133980
 * Whiterocks River => 09299500, 09299500
 * Provo Riv => 10155200, 10155200
 * White River => 09306500, 09306500, 09312600, 09312600
 * Escalante River => 09337500, 09337500
 * Warm Creek => 10172860, 10172860
 * Beaver River => 10234500, 10234500
 * Big Creek => 10023000, 10023000
 * Little Bear River => 10105900, 10105900
 * Green River => 09234500, 09234500, 09234500, 09261000, 09261000, 09261000, 09315000, 09315000
 * Uinta River => 09296800, 09296800, 09301500, 09301500
 * Mud Creek => 09310700, 09310700
 * Seven Mile Creek => 09329050, 09329050
 * Dirty Devil River => 09333500, 09333500
 * Sevier River => 10174500, 10174500, 10183500, 10183500, 10219000, 10219000, 10224000, 10224000
 * Vernon Creek => 10172700, 10172700
 * Spanish Fork => 10150500, 10150500
 * Silver Creek => 10129900, 10129900, 10129900, 10129900, 10129900
 * Duchesne River => 09277500, 09277500, 09295000, 09295000, 09302000, 09302000, 09302000
 * Manti Creek => 10215900, 10215900
 * East Fork Sevier River => 10189000, 10189000
 * San Rafael River => 09328500, 09328500
 * Logan River => 10109000, 10109000
 * Gsl Farmington Bay Outflow => 410401112134801, 410401112134801
 * Sevier Riv => 10217000, 10217000
 * Surplus Canal  Salt Lake City Ut => 10170500, 10170500
 * Pine Creek => 09337000, 09337000
 * Gsl Breach => 10010020, 10010020
 * Little Cottonwood Creek  Jordan River => 10168000, 10168000
 * E Canyon Creek => 10133650, 10133650
 * Yellowstone River => 09292500, 09292500
 * West Canyon Creek => 10166430, 10166430
 * Provo River => 10154200, 10154200, 10155000, 10155000, 10155500, 10155500, 10163000, 10163000
 * Salina Creek => 10205030, 10205030
 * Strawberry River => 09288180, 09288180, 09285900, 09285900
 * North Creek => 09372400, 09372400
 * Paria River => 09381800, 09381800
 * Lost Creek => 10132500, 10132500
 * Leeds Creek => 09408000, 09408000
 * Blacks Fork => 09217900, 09217900
 * Colorado River => 09180500, 09180500, 09180500, 09180500
 * South Fork Ogden River => 10137500, 10137500
nm
------------------------------------------------------------
 * Willow Creek => 08284520, 08284520
 * Tularosa Creek => 08481500, 08481500
 * Dark Canyon Draw => 08405105, 08405105
 * La Plata River => 09367000, 09367000, 09367500, 09367500
 * Jemez River => 08324000, 08324000, 08329000, 08329000
 * Galisteo Creek => 08317950, 08317950
 * Rio Grande => 08263500, 08263500, 08276500, 08276500, 08279500, 08279500, 08313000, 08313000, 08317400, 08317400, 08319000, 08319000, 08329918, 08329918, 08329928, 08329928, 08330000, 08330000, 08330875, 08330875, 08361000, 08361000, 08355490, 08355490, 08331510, 08331510, 08355050, 08355050, 08331160, 08331160
 * Costilla Creek => 08252500, 08252500, 08254000, 08254000, 08255500, 08255500, 08261000, 08261000
 * Rayado Creek => 07208500, 07208500
 * Delaware River => 08408500, 08408500
 * Rio Pueblo => 08277470, 08277470
 * Casias Creek => 08253000, 08253000
 * South Fork Eagle Creek => 08387575, 08387575
 * Carlsbad Main Canal => 08403500, 08403500
 * Rio Hondo => 08390500, 08390500, 08393610, 08393610, 08390800, 08390800
 * Rio Grande Conveyance Channel => 08358300, 08358300
 * Rio Nambe => 08294195, 08294195, 08294210, 08294210
 * Ponil Creek => 07207500, 07207500
 * Eagle Creek => 08387600, 08387600
 * San Juan River => 09355500, 09355500, 09365000, 09365000, 09368000, 09368000, 09371010, 09371010
 * Black River => 08405500, 08405500
 * North Floodway Channel => 08329900, 08329900
 * Coyote Creek => 07218000, 07218000
 * Canadian River => 07211500, 07211500, 07221500, 07221500
 * Tijeras Arroyo => 08330600, 08330600
 * San Francisco River => 09442680, 09442680, 09444000, 09444000
 * Rocky Arroyo => 08401900, 08401900
 * Rio Ruidoso => 08386505, 08386505, 08387000, 08387000
 * Vermejo River => 07203000, 07203000
 * Cochiti East Side Main Canal => 08313500, 08313500
 * Zuni River => 09386950, 09386950
 * Sand Gate Diversion From Ft Sumner Canal => 08385503, 08385503
 * Gallinas Creek => 08380500, 08380500
 * Rio Puerco => 08334000, 08334000, 08353000, 08353000
 * Embudo Creek => 08279000, 08279000
 * Ute Creek => 07226500, 07226500
 * La Sierra Ditch => 07214680, 07214680
 * Sierra Ditch => 07214470, 07214470
 * North Fork Eagle Creek => 08387550, 08387550
 * Gila River => 09430500, 09430500, 09431500, 09431500, 09432000, 09432000
 * Pecos River Kaiser Channel => 08399500, 08399500
 * Gallinas River => 08382500, 08382500
 * South Diversion Channel => 08330775, 08330775
 * Rio Pueblo De Taos => 08269000, 08269000, 08276300, 08276300
 * Red River => 08265000, 08265000, 08266820, 08266820
 * Mora River => 07215500, 07215500, 07216500, 07216500
 * Navajo River => 09346050, 09346050
 * Santa Cruz River => 08291000, 08291000
 * Animas River => 09363500, 09363500, 09364010, 09364010, 09364500, 09364500
 * Fort Sumner Main Canal => 08385000, 08385000
 * Pecos River => 08378500, 08378500, 08379500, 08379500, 08382650, 08382650, 08382830, 08382830, 08383500, 08383500, 08384500, 08384500, 08385522, 08385522, 08385630, 08385630, 08386000, 08386000, 08386000, 08396500, 08396500, 08401500, 08401500, 08404000, 08404000, 08405200, 08405200, 08406500, 08406500, 08407500, 08407500, 08382600, 08382600
 * Santa Fe River => 08315479, 08315479, 08315480, 08315480, 08316000, 08316000
 * Rio Chama => 08284100, 08284100, 08285500, 08285500, 08286500, 08286500, 08287000, 08287000, 08290000, 08290000
 * Arroyo Chico => 08340500, 08340500
 * Mogollon Creek => 09430600, 09430600
 * Rio Nutria => 09386900, 09386900
 * Mimbres River => 08477110, 08477110
 * Rio Grande Floodway => 08354900, 08354900, 08358400, 08358400
 * Rio Ojo Caliente => 08289000, 08289000
 * Rio Lucero => 08271000, 08271000
 * Santistevan Creek => 08253500, 08253500
 * Revuelto Creek => 07227100, 07227100
 * Cimarron River => 07206000, 07206000, 07207000, 07207000
 * Sili Main Canal  => 08314000, 08314000
 * Tesuque Creek => 08302500, 08302500
ma
------------------------------------------------------------
 * East Branch Housatonic River => 01197000, 01197000
 * Mattapoisett River => 01105917, 01105917
 * Stony Brook => 01104460, 01104460
 * Palmer River => 01109220, 01109220
 * Blackstone River W Main St => 01109730, 01109730
 * Charles River => 01103280, 01103280, 01103500, 01103500, 01104200, 01104200, 01104500, 01104500, 01104705
 * Moshassuck River => 01114000, 01114000
 * Chipuxet River => 01117350, 01117350
 * Parker River => 01101000, 01101000
 * East Branch Tully River => 01165000, 01165000
 * Twelvemile Brook => 01176780, 01176780
 * Nashoba Brook => 01097300, 01097300
 * Pawcatuck River => 01117500, 01117500, 01118500, 01118500, 01117430, 01117430
 * North Nashua River => 01094400, 01094400, 01094500, 01094500
 * Shawsheen River => 01100600, 01100600, 01100627, 01100627, 01100568, 01100568
 * Ipswich River => 01101500, 01101500, 01102000, 01102000, 01101344, 01101344
 * Eel River => 01105876, 01105876, 011058756, 011058756
 * Branch River => 01111500, 01111500
 * Martins Brook => 01101400, 01101400
 * Saugus River => 01102345, 01102345
 * Stillwater River => 01095220
 * Housatonic River => 01197500, 01197500
 * Parker River Rt  => 01100890
 * Priest Brook => 01162500, 01162500
 * Nashoba Brook Commonwealth Ave => 01097380, 01097380
 * Rattlesnake Brook => 01109090, 01109090
 * Quinapoxet River => 01095375, 01095375
 * Big River Harkney Hill Rd => 01115833, 01115833
 * Whitmans Pond Whitmans Pond Dam => 01105606
 * Wading River => 01109000, 01109000
 * Usquepaug River => 01117420, 01117420
 * Hobbs Bk => 01104430, 01104430
 * French River => 01124350, 01124350, 01125000, 01125000
 * Assabet River Mill Road => 010965995, 010965995
 * Weir River => 01105638, 01105638
 * East Branch Swift River => 01174500, 01174500
 * Alewife Brook => 01103025, 01103025
 * Paskamanset River => 01105933, 01105933
 * North River => 01169000, 01169000
 * West Branch Farmington River => 01185500, 01185500
 * Canoe River => 01108320, 01108320
 * Neponset River => 01105000, 01105000, 01105554, 01105554, 011055566, 011055566
 * Mine Brook => 01104850, 01104850
 * Taunton River => 01108000, 01108000
 * Carr River => 01115770, 01115770
 * Quaboag River => 01176000, 01176000
 * Mother Brook => 01104000, 01104000
 * Big River => 01115800
 * Town Brook => 01105585, 01105585, 01105584
 * Blackstone River Rt  Bridge => 01111212, 01111212
 * West River => 01111200, 01111200
 * Swift River => 01175500, 01175500
 * Threemile River => 01109060, 01109060
 * Nashua River  Mi Upstream Rt  => 01095505, 01095505
 * West River Rt  => 01111203
 * Quashnet River => 011058837, 011058837
 * Merrimack River => 01100000, 01100000
 * Quinsigamond River => 01110000, 01110000
 * Ten Mile River Pawtucket Ave => 01109403, 01109403
 * Indian Head River => 01105730, 01105730
 * Jones River => 01105870, 01105870
 * Beaver River => 01117468, 01117468
 * Trout Brook => 01103455, 01103455
 * Mill River => 01171500, 01171500, 01108410, 01108410, 01170930, 01170930
 * Cambridge Res Unnamed Tributary  => 01104415, 01104415
 * Congdon River => 01115670, 01115670
 * Catamint Brook => 01113695, 01113695
 * Sevenmile River => 01175670, 01175670
 * Blackstone River => 01110500, 01110500, 01112500, 01112500, 01113895, 01113895, 01109659, 01109659, 01111230
 * Wood River => 01117800, 01117800, 01118000, 01118000
 * Stony Brook Reservoir => 01104480, 01104480
 * Green River => 01170100, 01170100, 01198000, 01198000, 01333000, 01333000
 * Old Swamp River => 01105600, 01105600
 * Ponaganset River => 01115187, 01115187
 * Nissitissit River => 01096503, 01096503
 * Squannacook River => 01096000, 01096000
 * Miscoe Brook => 01103220, 01103220
 * Mystic River => 01103050
 * Pawtuxet River => 01116500, 01116500
 * Nashua River => 01096500, 01096500
 * Millers River => 01164000, 01164000, 01166500, 01166500, 01162000
 * Deerfield River => 01168500, 01168500, 01170000, 01170000
 * Herring River => 01105880, 01105880
 * Assabet River => 01097000, 01097000
 * East Branch Neponset River => 01105500, 01105500
 * Merrimack River  Miles USRt  => 01100693
 * Connecticut River => 01170500, 01170500, 01172010, 01172010
 * Woonasquatucket River => 01114500, 01114500
 * Chicopee River => 01177000, 01177000
 * Stony Brook Res Unnamed Tributary  => 01104475, 01104475
 * Quinebaug River => 01123360, 01123360, 01123600, 01123600
 * Otter River => 01163200, 01163200
 * South Branch Pawtuxet River => 01116000, 01116000
 * Nipmuc River => 01111300
 * Ware River => 01172500, 01172500, 01173500, 01173500
 * Sudbury River => 01098530, 01098530, 01097480, 01097480
 * Hoosic River => 01332500, 01332500, 01331500, 01331500
 * Emerson Brook => 01111225, 01111225
 * Monatiquot River => 01105583, 01105583
 * Segreganset River => 01109070, 01109070
 * Whitmans Pond Flood ByPass => 01105607
 * Concord River => 01099500, 01099500
 * Queen River => 01117370, 01117370
 * Muddy River => 01104683
 * Middle Branch Westfield River => 01180500, 01180500
 * West Branch Westfield River => 01181000, 01181000
 * Little River => 01124500, 01124500
 * Whitmans Pond Fish Ladder => 01105608, 01105608
 * South River => 01169900, 01169900
 * Nooseneck River => 01115630, 01115630
 * Westfield River => 01179500, 01179500, 01183500, 01183500
 * Hunt River  Ft Ds Fry Brk => 01116905, 01116905
 * Hunt River => 01117000, 01117000
 * Matfield River => 01106500, 01106500
 * Spicket River => 01100561, 01100561
 * West Branch Swift River => 01174565, 01174565
 * Stony Brook Unnamed Tributary  => 01104455, 01104455
 * Aberjona River => 01102500, 01102500
dc
------------------------------------------------------------
 * Rock Creek => 01648000, 01648000
 * Potomac River => 01646500, 01646500, 01647600
 * Anacostia River Aquatic Gardens => 01651750
 * Watts Branch => 01651800, 01651800
 * Cameron Run => 01653000, 01653000
 * Nw Branch Anacostia River => 01651000, 01651000
 * Fourmile Run => 01652500, 01652500
wa
------------------------------------------------------------
 * Fischer Creek => 12200701
 * West Fork Sanpoil River => 12434110, 12434110
 * Swan Creek => 12102190, 12102190
 * Ahtanum Creek => 12502500, 12502500
 * North Fork Snoqualmie River => 12142000, 12142000
 * Chehalis River => 12020000, 12020000, 12021800, 12025100, 12025500, 12027500, 12027500, 12031000, 12031000, 12035002, 12035002, 12035100
 * Anderson Creek => 12210900, 12210900, 12201950, 12201950
 * Clover Creek => 12090500, 12090500
 * Lake Tapps Diversion => 12101100, 12101100
 * Thunder Creek => 12175500, 12175500
 * North Fork Tolt River => 12147500, 12147500
 * Dungeness River => 12048000, 12048000
 * Raging River => 12145500, 12145500
 * Wenatchee River => 12457000, 12457000, 12459000, 12459000, 12462500, 12462500
 * Boxley Creek => 12143900, 12143900, 12143700, 12143700
 * North Fork Stillaguamish River => 12167000, 12167000
 * South Fork Skokomish River => 12060500, 12060500
 * Carbon River => 12094000, 12094000
 * Middle Fork Snoqualmie River => 12141300, 12141300
 * Twisp River => 12448998, 12448998
 * Euclid Creek => 12202400, 12202400
 * Carpenter Creek => 12202310, 12202310, 12200684, 12200684
 * Mill Creek => 12113347, 12113347, 12113349, 12113349, 14013000, 14013000, 14015000, 14015000, 14013700, 14013700, 12202420, 12202420
 * Fishtrap Creek => 12212050, 12212050
 * Andrews Creek => 12447390, 12447390
 * Canyon Creek => 12116100, 12116100, 14219000, 14219000
 * Puyallup River => 12092000, 12092000, 12093500, 12093500, 12096500, 12096500, 12101500, 12101500
 * Stehekin River => 12451000, 12451000
 * Mad River => 12452890, 12452890
 * Newaukum River => 12025000, 12025000
 * North Fork Nooksack River => 12205000, 12205000
 * Cascade River => 12182500, 12182500
 * Warm Creek => 12207750, 12207750
 * Entiat River => 12452800, 12452800, 12452800, 12452800, 12452990, 12452990
 * Tucannon River => 13344500, 13344500
 * North Fork Clover Creek => 12090400, 12090400
 * Columbia River  Beaver Army Terminal => 14246900, 14246900
 * Silver Beach Creek => 12202450, 12202450
 * Mercer Creek => 12120000, 12120000
 * Rex River => 12115500, 12115500
 * Outlet Creek => 12397100, 12397100
 * Cispus River => 14231900, 14231900
 * Cowlitz River => 14226500, 14226500, 14231000, 14231000, 14233500, 14238000, 14238000, 14243000, 14243000, 14243000, 14243000
 * South Prairie Creek => 12095000, 12095000
 * Wynoochee River => 12035400, 12035400, 12036000, 12036000, 12037400, 12037400
 * Boise Creek => 12099600, 12099600
 * Spokane River => 12419500, 12419500, 12422500, 12422500, 12420500, 12420500
 * Rock Creek => 12118400, 12118400, 12118500, 12118500
 * Newhalem Creek => 12178100, 12178100, 12178100, 12178100
 * Duckabush River => 12054000, 12054000
 * Chambers Creek => 12091500, 12091500
 * Yakima River => 12484500, 12484500, 12510500, 12510500, 12500450, 12500450, 12508990, 12508990
 * Naselle River => 12010000, 12010000
 * Asotin Creek => 13334450, 13334450, 13335050, 13335050
 * North Fork Newaukum River => 12024400, 12024400
 * Humptulips River => 12039005, 12039005
 * White Salmon River => 14123500, 14123500
 * Skookum Creek => 12209490, 12209490
 * Snoqualmie River => 12144500, 12144500, 12149000, 12149000, 12150400
 * Skokomish River => 12061500, 12061500
 * White River => 12098500, 12099200, 12099200, 12100496, 12100496, 12097850
 * Snake River => 13317660, 13317660, 13334300, 13334300
 * Issaquah Creek => 12120600, 12120600, 12121600, 12121600
 * Pilchuck River => 12155300, 12155300
 * Deschutes River => 12079000, 12079000, 12080010, 12080010
 * American River => 12488500, 12488500
 * Columbia River => 14105700, 14105700, 14128870, 14144700, 12399500, 12399500, 12399500, 12472800, 12472800
 * East Branch Tulalip Creek => 12158032, 12158032
 * South Fork Nooksack River => 12209000, 12209000, 12210000, 12210000
 * Samish River => 12201500, 12201500
 * Mission Creek => 12157250, 12157250
 * Colville River => 12409000, 12409000
 * Nisqually River => 12082500, 12082500, 12086000, 12086000, 12086500, 12086500, 12089500, 12089500
 * Nookachamps Creek => 12200100, 12199600, 12199600
 * Greenwater River => 12097500, 12097500
 * South Fork Sultan River => 12137290, 12137290
 * Satsop River => 12035000, 12035000
 * Klickitat River => 14107000, 14107000, 14113000, 14113000, 14111400, 14111400
 * Bogachiel River => 12043015
 * Granger Drain => 12505450, 12505450
 * Clearwater Creek => 12207850, 12207850
 * South Fork Snoqualmie River => 12143400, 12143400, 12143600, 12143600, 12144000, 12144000
 * Tolt River => 12148500, 12148500
 * Chiwawa River => 12456500, 12456500
 * Little Spokane River => 12431000, 12431000, 12431500, 12431500, 12427000, 12427000
 * Palouse River => 13345000, 13345000, 13351000, 13351000
 * Grande Ronde River => 13333000, 13333000
 * Methow River => 12447383, 12447383, 12448500, 12448500, 12449950, 12449950, 12449500, 12449500
 * Ohop Creek => 12088000, 12088000
 * Centralia Power Canal => 12089208, 12089208
 * Mashel River => 12087000, 12087000
 * Baker River => 12193400, 12193400, 12193500, 12193500
 * Green River => 12105900, 12105900, 12106700, 12106700, 12113000, 12113000, 12113350
 * Quinault River => 12039500, 12039500
 * Sultan River => 12137800, 12137800, 12137800, 12137800, 12138160, 12138160
 * Sanpoil River => 12433890, 12433890, 12434590, 12434590
 * Big Beef Creek => 12069550, 12069550
 * Flett Creek => 12091100, 12091100
 * Skagit River => 12178000, 12178000, 12178000, 12178000, 12181000, 12181000, 12184700, 12194000, 12194000, 12199000, 12200500, 12200500
 * Boulder Creek => 12115700, 12115700
 * Tilton River => 14236200, 14236200
 * South Fork Tolt River => 12147600, 12147600, 12148000, 12148000, 12148300, 12148300
 * Huge Creek => 12073500, 12073500
 * Brannian Creek => 12201960, 12201960
 * Icicle Creek => 12458000, 12458000
 * Calawah River => 12043000, 12043000
 * Goldsborough Creek => 12076800, 12076800
 * South Fork Palouse River => 13348000, 13348000
 * South Fork Toutle River => 14241500, 14241500
 * Clearwater River => 13341050, 13341050
 * Midnite Mine Drainage => 12433556, 12433556
 * Chewuch River => 12448000, 12448000
 * Elwha River => 12045500, 12045500
 * Springbrook Creek => 12113346, 12113346
 * Sauk River => 12186000, 12186000, 12189500, 12189500
 * Chamokane Creek => 12433200, 12433200
 * Olsen Creek => 12202300, 12202300
 * South Fork Chehalis River => 12020800, 12020800
 * Thornton Creek => 12128000, 12128000
 * Hoh River => 12041200, 12041200
 * Middle Fork Nooksack River => 12208000, 12208000
 * Kettle River => 12401500, 12401500, 12404500, 12404500
 * South Fork Newaukum River => 12024000, 12024000
 * Toutle River => 14242580, 14242580, 14242580, 14242580
 * Skookumchuck River => 12025700, 12025700, 12026150, 12026150, 12026400, 12026400, 12026600
 * Speelyai Creek => 14219800, 14219800
 * Skykomish River => 12134500, 12134500
 * Hangman Creek => 12424000, 12424000, 12422990, 12422990
 * East Fork Lewis River => 14222500, 14222500
 * Snohomish River => 12150800, 12150800, 12155500
 * Crab Creek => 12465000, 12465000, 12467000, 12467000, 12472600, 12472600
 * Blue Creek => 12433542, 12433542
 * Big Quilcene River => 12052210, 12052210
 * Cedar River => 12114500, 12114500, 12115000, 12115000, 12116400, 12116400, 12116500, 12116500, 12117500, 12117500, 12117600, 12117600, 12119000, 12119000
 * Big Soos Creek => 12112600, 12112600
 * Newaukum Creek => 12108500, 12108500
 * Quilceda Creek Tributary => 12157025, 12157025
 * Okanogan River => 12439500, 12439500, 12439500, 12445000, 12445000, 12447200, 12447200
 * Queets River => 12040500, 12040500
 * Nooksack River => 12210700, 12210700, 12211200, 12213100, 12213100
 * Ninemile Creek => 12438900, 12438900
 * South Fork Stillaguamish River => 12161000
 * Muddy River => 14216500, 14216500
 * Willapa River => 12013500, 12013500
 * Taylor Creek => 12117000, 12117000
 * Hoko River => 12043300, 12043300
 * Walla Walla River => 14018500, 14018500
 * White River Canal => 12099000
 * Esquatzel Coulee => 12513000, 12513000
 * North Fork Toutle River => 14240525, 14240525
 * Racehorse Creek => 12206900, 12206900
 * Tulalip Creek => 12158010, 12158010, 12158040, 12158040
 * Leach Creek => 12091200, 12091200, 12091290, 12091290
 * North Fork Skokomish River => 12058790, 12058790, 12056500, 12056500, 12059500, 12059500
 * Lewis River => 14220500, 14220500, 14220500, 14220500, 14216000, 14216000
 * Mineral Creek => 12083000, 12083000
 * Bacon Creek => 12179900, 12179900
 * Pend Oreille River => 12396500, 12396500, 12396500
 * Similkameen River => 12442500, 12442500
nc
------------------------------------------------------------
 * Hyco River => 02077303, 02077303
 * Jacob Fork => 02143040, 02143040
 * First Broad River => 02152100, 02152100, 02152474, 02152474, 02152285, 02152285
 * W Branch Rocky River B Mth Of S Prong River => 0212393300, 0212393300
 * Haw River => 02096500, 02096500, 02096960, 02096960, 02098198
 * Black Creek => 02088090
 * Reddies River => 02111500, 02111500
 * Potecasi Creek => 02053200, 02053200
 * Mayo River => 02070500, 02070500
 * Reedy Fork => 02093800, 02093800, 02094500
 * Fishing Creek => 02083000, 02083000, 0208331077
 * Neuse River => 02087183, 02087183, 02087500, 02087500, 02087570, 02089000, 02089000, 02089500, 02089500, 02091814, 02091814, 02089192
 * Little Fishing Creek => 02082950, 02082950
 * Gum Branch => 02142914, 02142914
 * Paw Creek => 0214295600, 0214295600
 * N Buffalo Creek => 02095181, 02095181
 * Pamlico River => 02084472
 * Ltl Sugar Creek => 02146409, 02146409
 * Cape Fear River => 02102500, 02102500, 02104000, 02105500, 02105500, 02105769, 02105769
 * Big Swamp => 02134480, 02134480
 * Dan River => 02068500, 02068500, 02071000, 02071000
 * Roaring River => 02112120, 02112120
 * Taggart Creek => 02146315, 02146315
 * Horsepen Creek => 0209399200, 0209399200
 * Irwin Creek => 02146211, 02146211, 02146300, 02146300
 * Linville River => 02138500, 02138500
 * Mill Creek => 02088270
 * Tick Creek => 02101800, 02101800
 * Oconaluftee River => 03512000, 03512000
 * Buffalo Creek => 0209553650, 0209553650
 * Tranters Creek => 0208436195
 * Cashie River => 0208111310, 0208111310
 * Abbotts Creek => 02121500, 02121500
 * Fisher River => 02113000, 02113000
 * Marsh Creek => 0208732885, 0208732885
 * Northeast Creek Tributary => 0209741387
 * Knap Of Reeds Creek => 02086624, 02086624
 * Waxhaw Creek => 02147126, 02147126
 * Coffey Creek => 02146348, 02146348
 * Falls Lake => 02087182
 * Van Swamp => 02084557, 02084557
 * Ivy River => 03453000, 03453000
 * Briar Creek => 0214642825, 0214642825, 0214643770, 0214643860, 02146449, 0214645022, 0214645022
 * Swift Creek => 02082770, 02082770, 0208281175, 02087580, 02087580, 0208758850, 0208758850, 0209205053, 0208773375
 * Pee Dee River => 02129000, 02129000
 * B Everett Jordan Lake => 02098197
 * Black River => 02106500, 02106500
 * Bear Creek => 0208925200, 0208925200
 * Six Mile Creek => 0214685800, 0214685800
 * Campbell Creek => 02146562, 02146562
 * Mountain Creek => 0208524090, 0208524090
 * Indian Creek => 02143500, 02143500
 * W Kerr Scott Reservoir => 02111391
 * Cape Fear Pwr Plt Discharge Canal => 02102094, 02102094
 * East Fork Pigeon River => 03456500, 03456500
 * Unnamed Tributary To Sandy Run => 0209173190, 0209173190
 * Reedy Creek => 0212430293, 0212430293
 * Flat River Tributary => 0208650112, 0208650112
 * Mills River => 03446000, 03446000
 * East Fork Deep River => 02099000, 02099000
 * White Oak Creek => 0209782609, 0209782609
 * Four Mile Creek => 02146670
 * Waccamaw River => 02109500, 02109500
 * Hood Creek => 02105900, 02105900
 * Tar River => 02081500, 02081500, 02081747, 02081747, 02082506, 02082506, 0208250885, 02082585, 02082585, 02083500, 02083500, 02083893, 02084000, 02084000, 02084173
 * West Fork Pigeon River => 0345577330, 0345577330, 03456100, 03456100
 * Irvins Creek => 0214657975, 0214657975
 * Gar Creek => 0214266080, 0214266080
 * South Yadkin River => 02118000, 02118000
 * Clear Creek => 0212466000, 0212466000
 * Little Yadkin River => 02114450, 02114450
 * Balls Creek => 0214253361, 0214253361
 * Tuckasegee River => 03508050, 03508050, 03510577, 03510577, 03513000, 03513000
 * Pigeon House Creek => 0208732534, 0208732534
 * Walnut Creek => 02087359, 02087359
 * Buckhorn Creek => 02102192, 02102192
 * North Buffalo Creek => 02095271, 02095271, 02095500, 02095500
 * Valley River => 03550000, 03550000
 * Nantahala River => 03504000, 03504000, 03505550, 03505550
 * Morgan Creek => 02097464, 02097464, 02097517, 02097517
 * Lumber River => 02133624, 02133624, 02134170, 02134170, 02134500, 02134500, 02133651
 * Rockfish Creek => 02104220, 02104220
 * Little Lick Creek => 0208700550
 * Little Tennessee River => 03500000, 03500000, 03503000, 03503000
 * Bent Creek => 03447894, 03447894
 * Johns River => 02140991, 02140991
 * Roanoke River => 02080500, 02080500, 0208062765, 02081000, 02081022, 02081028, 02081054, 02081094, 0208114150
 * Sandy Creek => 0209722970, 0209722970
 * Third Fork Creek => 02097280, 02097280
 * Contentnea Creek => 02090380, 02090380, 02091500, 02091500, 02091764
 * Cane Creek => 02096846, 02096846
 * South Buffalo Creek => 02094659, 02094659, 02094770, 02094770, 02095000, 02095000
 * Tributary To Briar Creek => 0214645080, 0214645080, 0214645075, 0214645075
 * Eno River => 02085000, 02085000, 02085070, 02085070, 02085039
 * Rocky Branch => 0208735012, 0208735012
 * Stewart Creek => 0214627970, 0214627970, 02146285, 02146285
 * Lake Logan => 03455773
 * Beetree Creek => 03450000, 03450000
 * Big Bear Creek => 02125000, 02125000
 * Northeast Cape Fear River => 02108000, 02108000, 02108566
 * North Fork Swannanoa River => 0344894205, 0344894205
 * Clarke Creek => 02124080, 02124080
 * Flat Creek => 02102908, 02102908
 * Watauga River => 03479000, 03479000
 * Mcalpine Creek => 0214655255, 0214655255, 02146600, 02146600, 02146750, 02146750, 0214676115, 0214676115, 02146614
 * New Hope Creek => 02097314, 02097314
 * Mcdowell Creek => 0214266000, 0214266000, 02142654, 02142654
 * Ararat River => 02113850, 02113850
 * Brush Creek => 02093877
 * Goose Creek => 0212467595, 0212467595, 02124692, 02124692
 * Drowning Creek => 02133500, 02133500
 * Hyco Creek => 02077200, 02077200
 * Torrence Creek => 0214265808, 0214265808
 * Cullasaja River => 0350056050, 0350056050
 * Chicod Creek => 02084160, 02084160
 * Coddle Creek => 0212419274, 0212419274
 * Ryan Creek => 02094775, 02094775
 * South Toe River => 03463300, 03463300
 * Muddy Creek => 02115860, 02115860
 * W F Pigeon River => 03455500, 03455500
 * Ahoskie Creek => 02053500, 02053500
 * Hominy Swamp => 0209050750
 * Long Creek => 02142900, 02142900, 0214291555, 0214291555, 02144000, 02144000
 * Cartoogechaye Creek => 03500240, 03500240
 * Cataloochee Creek => 03460000, 03460000
 * Northeast Creek => 0209741955, 0209741955
 * Smith River => 02074000, 02074000
 * Crabtree Creek => 0208726005, 0208726005, 02087275, 02087275, 0208731190, 02087322, 02087324, 02087324
 * Rocky River => 0210166029, 0210166029, 0212433550, 0212433550, 02124742, 02124742, 02126000, 02126000
 * Elk Creek => 02111180, 02111180
 * Little Sugar Creek => 0214640410, 02146420, 02146507, 02146507, 02146530, 02146530
 * Stony Creek => 02082576
 * Pasquotank River => 0204382800, 0204382800
 * Trent River => 02092500, 02092500, 02092554
 * Catawba River => 02137727, 02137727, 0213903612, 0213903612
 * Flat River => 02085500, 02085500, 02086500, 02086500
 * Cheoah River => 0351706800, 0351706800
 * Afterbay Reservoir => 0207730290
 * Beaverdam Creek => 0214297160, 0214297160, 0208706575
 * Pigeon River => 03456991, 03456991, 03459500, 03459500, 03460795, 03460795
 * Mcmullen Creek => 02146700, 02146700, 0214668150
 * Hunting Creek => 02118500, 02118500
 * Second Creek => 02120780, 02120780
 * Nahunta Swamp => 02091000, 02091000
 * Henry Fork => 02143000, 02143000
 * Killian Creek => 0214269560, 0214269560
 * French Broad River => 03439000, 03439000, 03443000, 03443000, 03447687, 03447687, 03451500, 03451500, 03453500, 03453500
 * South Fork New River => 03161000, 03161000
 * Second Broad River => 02150495, 02150495
 * Hyco Lake => 02077280
 * Deep River => 02100500, 02100500, 02102000, 02102000
 * Ellerbe Creek => 02086849, 02086849, 0208675010, 0208675010
 * Little Hope Creek => 02146470, 02146470
 * Mckee Creek => 0212430653, 0212430653
 * South Fork Catawba River => 02145000, 02145000
 * New River => 02093000, 02093000
 * Little River => 0208521324, 0208521324, 0208524975, 0208524975, 02088500, 02088500, 02103000, 02103000, 02128000, 02128000, 0208863200
 * Mitchell River => 02112360, 02112360
 * Cove Creek => 02149000, 02149000
 * Sugar Creek => 02146381, 02146381, 02146330
 * Town Creek => 02083640
 * Yadkin River => 02111000, 02111000, 02112000, 02112000, 02112250, 02112250, 02115360, 02115360, 02116500, 02116500, 0211139110, 0211139110
 * Big Shoe Heel Creek => 02132320, 02132320
 * Mallard Creek => 0212414900, 0212414900
 * Mayo Creek => 02077670, 02077670
 * Swannanoa River => 03451000, 03451000
 * Davidson River => 03441000, 03441000
 * Lower Little River => 02142000, 02142000
 * Broad River => 02151500, 02151500
 * Steele Creek => 0214678175, 0214678175
 * Edwards Branch => 0214643820, 0214643820
 * Middle Creek => 02088000, 02088000
la
------------------------------------------------------------
 * Willow Chute Bayou => 07349898, 07349898
 * Iww  I Bridge Paris Rd => 073802338
 * Little Irish Bayou => 300830089515000, 300830089515000
 * L Cataouatche => 2951190901217
 * Barataria Bay => 291929089562600, 291929089562600
 * Grand Goudine => 0738022295, 0738022295
 * Charenton Drainage Canal => 07385790, 07385790
 * Bayou Grand Caillou => 07381324, 07381324
 * Tensas River Se Of Tendal La => 07369515
 * Lake Pontchartrain  I Turnaround => 0738023335
 * Suzie Bayou => 07380241, 07380241
 * B Larose S Of Pipeline Canal => 301002091344100
 * Pearl River Navagation Canal Lock And Dam No  => 02492100, 02490200, 02492519
 * Claycut Bayou => 07378722, 07378722
 * Black Bayou E Of Gonzales La => 073802245, 073802245
 * Barataria Waterway S Of Lafitte La => 292859090004000, 292859090004000
 * Bayou Anacoco => 08028000, 08028000
 * Coe Lower Atchafalya River => 07381605
 * Amite River => 07377000, 07377000, 07377000, 07377150, 07377150, 07377300, 07378500, 07378500, 07378500, 07380120, 07380120, 07380120, 07380200, 07380200, 07380215, 07380215
 * Giww => 07381331, 07381331, 07381331, 073816202, 07381670, 07381670
 * Welsh Gully => 07380102, 07380102
 * St James Canal => 073804751
 * W Colyell Creek => 07380185, 07380185
 * Paw Paw Bayou => 07344450
 * Cypress Bayou => 07351500, 07351500, 07351500
 * Cypress Bayou Lake => 07349815
 * Hackberry Bay Nw Of Grand Isle La => 073802512
 * Wilson Slough => 02492111
 * Drainage Canal => 300003090163500
 * Mermentau River => 08012150, 08012150
 * Big Creek => 07373000, 07373000
 * Giww West Of Bayou Lafourche => 07381235, 07381235, 07381235
 * Bayou Fountain => 07378810, 07378810
 * Red River => 07344370, 07344370, 07344370
 * Toledo Bd Res => 08025350
 * Rigolets => 301001089442600, 301001089442600
 * Calcasieu River => 08013000, 08013000, 08013000, 08013500, 08013500, 08013500, 08015500, 08015500, 08017044, 08017118
 * Vermilion River B Vermilion => 07386600, 07386600
 * Crooked B Nw Of L Cuatro Caballo => 073745257
 * Chicot Pass => 073815450, 073815450
 * Dugdemona River => 07372050, 07372050
 * Caillou Lake Sister Lake Sw Of Dulac La => 07381349
 * Bayou Cocodrie => 07382000, 07382000, 07382000
 * White Bayou => 07377780, 07377780
 * Saline Bayou => 07352000, 07352000
 * Bayou Francois => 073802273, 073802273
 * Company Canal => 07381350, 07381350, 07381355, 07381355
 * Cross Lake => 07344480
 * Jones Creek => 07378650, 07378650
 * Tensas River South Of Newlight La => 07369649
 * Lower Grand River => 07381450, 07381450
 * Bundick Lake => 08014881, 08014881
 * Industrial Canal => 0738023321
 * Bayou Lafourche Sw Of Donaldsonville La => 07380401, 07380401, 07380401
 * Black Bayou => 07346450, 07346450, 0738022395, 0738022395
 * Tennessee Canal => 07380340
 * Coe Atchafalaya River => 07381490, 07381495
 * Naomi Diversion Canal => 07380238, 07380238
 * Ouiska Chitto Creek => 08014500, 08014500, 08014500
 * Boggy Bayou N Of Spring Ridge La => 07350985, 07350985
 * Little Lake => 07380335, 292800090060000
 * Tickfaw River  Montpelier La => 07375960, 07375960, 07375960
 * North Calcasieu Lake => 08017095
 * Chauvin Bayou => 07366472
 * Cow B => 073745258
 * Atchafalaya River => 07381515
 * Nws Lake Pontchartrain => 073802330
 * Beau Bayou N Of Bayou Darby => 300713091362400
 * Little Bayou Long North Of Duck Lake => 295011091184300
 * Bayou Toro => 08025500, 08025500
 * Bayou Darbonne Lake => 07366300
 * Red Chute Bayou => 07349860, 07349860, 07349860, 07349849, 07349849
 * Lower Atchafalaya River => 07381600, 07381600
 * Beaver Bayou => 07378100, 07378100
 * Selsers Creek => 3024260902559, 3024260902559
 * Boeuf River => 07367700, 07367700
 * Bayou Dorcheat => 07348700, 07348700
 * Black Lake Bayou => 07352895, 07352895
 * Murphy Lake => 073815963
 * Pontoon Bridge Canal => 301655091440800, 301655091440800
 * Old Riv Coe => 295647091153500
 * Bayou Grand Cane => 08023080, 08023080
 * Bayou Courtableau => 07382500, 07382500
 * Henderson Bayou => 07380126, 07380126
 * Bayou Terrebonne => 073813375, 073813375, 073813375, 073813375
 * Bogue Chitto => 02490500, 02490500
 * Sabine Rv => 08022500, 08026000, 08026000, 08028500, 08028500, 08030500, 08030500
 * Tchefuncte River => 07375050
 * Bayou Grosse Tete => 07381440, 07381440
 * Shettleworth Bayou => 07344460, 07344460
 * Bayou Manchac => 07378746, 07378746, 07380101, 07380101
 * Comite River => 07377500, 07377500, 07377500, 07377600, 07377600, 07377750, 07377750, 07377754, 07377754, 07377760, 07377760, 07377870, 07377870, 07378000, 07378000, 07378000, 07378050
 * Caillou Bay Sw Of Cocodrie La => 073813498
 * Lake Bistineau => 07349250
 * Bayou Teche => 07385765, 07385765
 * Ouachita River => 07364535, 07367005, 07367005
 * Bayou Conway => 073802225, 073802225
 * Little Sandy Creek => 07377230, 07377230
 * Tangipahoa River => 07375300, 07375300, 07375430, 07375430, 07375500, 07375500, 07375500, 07375690, 07375280, 07375280
 * Barataria Pass => 073802516
 * Grays Creek => 073801175, 073801175
 * Alligator Bayou => 07378745, 07378745
 * Bayou Pierre => 07350700, 07350700, 07351750, 07351750, 07351755
 * Bogue Falaya River => 07375105, 07375105, 07375175, 07375175
 * Vermilion River => 07386850, 07386850, 07386880, 07386880, 07386880, 07386940, 07386940, 07386980, 07386980, 07386980
 * Lake Claiborne => 07364840
 * Bayou Boeuf => 073814675, 073814675
 * Bundick Creek => 08014800, 08014800
 * Nantachie Lake => 07353520
 * Bayou Laloutre => 295020089411600
 * Bayou San Patricio => 08023400, 08023400
 * Vermilion BayB Fearman => 07387050
 * Gilmer Bayou => 07351275
 * Bogue Chitto River => 02491500, 02491500, 02492000, 02492000, 02492000
 * Bluff Swamp => 07378748, 07378748
 * B Petit Caillou => 07381343, 07381343
 * Black Bay => 07374526, 07374526
 * Caernarvon Outfall Channel => 295124089542100, 295124089542100, 295124089542100
 * Bayou Bartholomew => 07364200, 07364200
 * Atchafalaya Bay => 07381654
 * Tchefuncta River => 07375000, 07375000, 07375000
 * Little Corney Bayou => 07366200, 07366200
 * Natalbany River => 07376420, 07376420, 07376500, 07376500, 07376500
 * Coe Mississippi River => 07294800, 07373290, 07374370, 07374510, 07374550
 * Muddy Creek => 07380107, 07380107
 * East Pearl River => 02492511
 * Bayou Fusilier Of The Swamps => 302320091465900
 * Drainage Can => 3005160902620
 * Barataria Bay N Of Grand Isle La => 07380251
 * Davis Pond Freshwater Diversion => 295501090190400, 295501090190400
 * Bayou Des Glaises Diversion Ch => 07383500, 07383500, 07383500, 07383510
 * Lake Pelba => 302020091435700, 302020091435700
 * Flat River => 07349910, 07349910, 07349298, 07349298
 * Bayou Darby => 300507091355600
 * American Pass => 294736091164200
 * Mississippi Sound => 3007220891501
 * Bayou Des Cannes => 08010000
 * Dawson Creek => 07379960, 07379960
 * Houma Navagation Canal => 07381328, 07381328, 07381328
 * North Branch Ward Creek => 07379100, 07379100
 * Wax Lake Outlet => 07381590, 07381590
 * Bayou Lafourche => 07369000, 07369000, 07369050, 07381000, 07381000, 07381000, 07381150, 07381150
 * Middle Fork Bayou Long => 295447091191500
 * I Drainge Canal => 3004510895507, 3004510895507
 * Bayou Nezpique => 08012000, 08012000
 * Vermilion Bay => 07387040
 * Northeast Bay Gardene => 07374527, 07374527
 * Bayou Penchant S Of Morgan City La => 073816503, 073816503, 073816503
 * Panama Canal => 073802220, 073802220
 * Reggio Canal => 073745253, 073745253
 * Pearl River => 02489500, 02489500, 02489500, 02492600, 02492600, 02489000, 02489000, 02490193
 * Tensas River => 07369500, 07369500
 * Mccain Creek => 07348098, 07348098
 * Cross Bayou => 07344425, 07344425
 * Little River => 07372190, 07372200, 07372200
 * Lake Saint John => 07373278
 * Twelvemile Bayou => 07348000, 07348000
 * Buffalo Cove => 07381567
 * Mississippi River => 07374000, 07374000, 07374000, 07289000, 07374525
 * Arm Of Grand Lake => 300312091320000
 * New River Canal => 073802282, 073802282
 * Ward Creek => 07379050, 07379050
 * Bayou Bartholomew Nw Of Jones La => 07364203
 * Lake Salvador => 073802375
 * Tickfaw River => 07375800, 07375800, 07375800, 07376000, 07376000, 07376000
.

Finished in 205.780884 seconds

1 example, 0 failures
